Archive member included to satisfy reference by file (symbol)

/usr/local/Cellar/avr-gcc/7.2.0/lib/avr-gcc/7/gcc/avr/7.2.0/../../../../../../avr/lib/avr5/libm.a(fixsfsi.o)
                              obj_haymakr_lufa/common/mousekey.o (__fixsfsi)
/usr/local/Cellar/avr-gcc/7.2.0/lib/avr-gcc/7/gcc/avr/7.2.0/../../../../../../avr/lib/avr5/libm.a(fixunssfsi.o)
                              /usr/local/Cellar/avr-gcc/7.2.0/lib/avr-gcc/7/gcc/avr/7.2.0/../../../../../../avr/lib/avr5/libm.a(fixsfsi.o) (__fixunssfsi)
/usr/local/Cellar/avr-gcc/7.2.0/lib/avr-gcc/7/gcc/avr/7.2.0/../../../../../../avr/lib/avr5/libm.a(floatsisf.o)
                              obj_haymakr_lufa/common/mousekey.o (__floatsisf)
/usr/local/Cellar/avr-gcc/7.2.0/lib/avr-gcc/7/gcc/avr/7.2.0/../../../../../../avr/lib/avr5/libm.a(fp_split3.o)
                              /usr/local/Cellar/avr-gcc/7.2.0/lib/avr-gcc/7/gcc/avr/7.2.0/../../../../../../avr/lib/avr5/libm.a(fixunssfsi.o) (__fp_splitA)
/usr/local/Cellar/avr-gcc/7.2.0/lib/avr-gcc/7/gcc/avr/7.2.0/../../../../../../avr/lib/avr5/libm.a(fp_zero.o)
                              /usr/local/Cellar/avr-gcc/7.2.0/lib/avr-gcc/7/gcc/avr/7.2.0/../../../../../../avr/lib/avr5/libm.a(fixunssfsi.o) (__fp_zero)
/usr/local/Cellar/avr-gcc/7.2.0/lib/avr-gcc/7/gcc/avr/7.2.0/../../../../../../avr/lib/avr5/libm.a(mulsf3.o)
                              obj_haymakr_lufa/common/mousekey.o (__mulsf3)
/usr/local/Cellar/avr-gcc/7.2.0/lib/avr-gcc/7/gcc/avr/7.2.0/../../../../../../avr/lib/avr5/libm.a(mulsf3x.o)
                              /usr/local/Cellar/avr-gcc/7.2.0/lib/avr-gcc/7/gcc/avr/7.2.0/../../../../../../avr/lib/avr5/libm.a(mulsf3.o) (__mulsf3x)
/usr/local/Cellar/avr-gcc/7.2.0/lib/avr-gcc/7/gcc/avr/7.2.0/../../../../../../avr/lib/avr5/libm.a(fp_inf.o)
                              /usr/local/Cellar/avr-gcc/7.2.0/lib/avr-gcc/7/gcc/avr/7.2.0/../../../../../../avr/lib/avr5/libm.a(mulsf3x.o) (__fp_inf)
/usr/local/Cellar/avr-gcc/7.2.0/lib/avr-gcc/7/gcc/avr/7.2.0/../../../../../../avr/lib/avr5/libm.a(fp_nan.o)
                              /usr/local/Cellar/avr-gcc/7.2.0/lib/avr-gcc/7/gcc/avr/7.2.0/../../../../../../avr/lib/avr5/libm.a(mulsf3x.o) (__fp_nan)
/usr/local/Cellar/avr-gcc/7.2.0/lib/avr-gcc/7/gcc/avr/7.2.0/../../../../../../avr/lib/avr5/libm.a(fp_pscA.o)
                              /usr/local/Cellar/avr-gcc/7.2.0/lib/avr-gcc/7/gcc/avr/7.2.0/../../../../../../avr/lib/avr5/libm.a(mulsf3x.o) (__fp_pscA)
/usr/local/Cellar/avr-gcc/7.2.0/lib/avr-gcc/7/gcc/avr/7.2.0/../../../../../../avr/lib/avr5/libm.a(fp_pscB.o)
                              /usr/local/Cellar/avr-gcc/7.2.0/lib/avr-gcc/7/gcc/avr/7.2.0/../../../../../../avr/lib/avr5/libm.a(mulsf3x.o) (__fp_pscB)
/usr/local/Cellar/avr-gcc/7.2.0/lib/avr-gcc/7/gcc/avr/7.2.0/../../../../../../avr/lib/avr5/libm.a(fp_round.o)
                              /usr/local/Cellar/avr-gcc/7.2.0/lib/avr-gcc/7/gcc/avr/7.2.0/../../../../../../avr/lib/avr5/libm.a(mulsf3.o) (__fp_round)
/usr/local/Cellar/avr-gcc/7.2.0/lib/avr-gcc/7/gcc/avr/7.2.0/avr5/libgcc.a(_udivmodqi4.o)
                              obj_haymakr_lufa/protocol/lufa/lufa.o (__udivmodqi4)
/usr/local/Cellar/avr-gcc/7.2.0/lib/avr-gcc/7/gcc/avr/7.2.0/avr5/libgcc.a(_divmodhi4.o)
                              obj_haymakr_lufa/common/mousekey.o (__divmodhi4)
/usr/local/Cellar/avr-gcc/7.2.0/lib/avr-gcc/7/gcc/avr/7.2.0/avr5/libgcc.a(_exit.o)
                              /usr/local/Cellar/avr-gcc/7.2.0/lib/avr-gcc/7/gcc/avr/7.2.0/../../../../../../avr/lib/avr5/crtatmega32u4.o (exit)
/usr/local/Cellar/avr-gcc/7.2.0/lib/avr-gcc/7/gcc/avr/7.2.0/avr5/libgcc.a(_tablejump2.o)
                              obj_haymakr_lufa/protocol/lufa/LUFA-git/LUFA/Drivers/USB/Core/DeviceStandardReq.o (__tablejump2__)
/usr/local/Cellar/avr-gcc/7.2.0/lib/avr-gcc/7/gcc/avr/7.2.0/avr5/libgcc.a(_copy_data.o)
                              obj_haymakr_lufa/matrix.o (__do_copy_data)
/usr/local/Cellar/avr-gcc/7.2.0/lib/avr-gcc/7/gcc/avr/7.2.0/avr5/libgcc.a(_clear_bss.o)
                              obj_haymakr_lufa/matrix.o (__do_clear_bss)
/usr/local/Cellar/avr-gcc/7.2.0/lib/avr-gcc/7/gcc/avr/7.2.0/avr5/libgcc.a(_udivmodhi4.o)
                              /usr/local/Cellar/avr-gcc/7.2.0/lib/avr-gcc/7/gcc/avr/7.2.0/avr5/libgcc.a(_divmodhi4.o) (__udivmodhi4)
/usr/local/Cellar/avr-gcc/7.2.0/lib/avr-gcc/7/gcc/avr/7.2.0/../../../../../../avr/lib/avr5/libatmega32u4.a(eerd_byte.o)
                              obj_haymakr_lufa/protocol/lufa/LUFA-git/LUFA/Drivers/USB/Core/AVR8/EndpointStream_AVR8.o (eeprom_read_byte)
/usr/local/Cellar/avr-gcc/7.2.0/lib/avr-gcc/7/gcc/avr/7.2.0/../../../../../../avr/lib/avr5/libatmega32u4.a(eerd_word.o)
                              obj_haymakr_lufa/common/avr/eeconfig.o (eeprom_read_word)
/usr/local/Cellar/avr-gcc/7.2.0/lib/avr-gcc/7/gcc/avr/7.2.0/../../../../../../avr/lib/avr5/libatmega32u4.a(eeupd_byte.o)
[...]
Memory Configuration

Name             Origin             Length             Attributes
text             0x0000000000000000 0x0000000000020000 xr
data             0x0000000000800060 0x000000000000ffa0 rw !x
eeprom           0x0000000000810000 0x0000000000010000 rw !x
fuse             0x0000000000820000 0x0000000000000400 rw !x
lock             0x0000000000830000 0x0000000000000400 rw !x
signature        0x0000000000840000 0x0000000000000400 rw !x
user_signatures  0x0000000000850000 0x0000000000000400 rw !x
*default*        0x0000000000000000 0xffffffffffffffff

Linker script and memory map

Address of section .data set to 0x800100
LOAD /usr/local/Cellar/avr-gcc/7.2.0/lib/avr-gcc/7/gcc/avr/7.2.0/../../../../../../avr/lib/avr5/crtatmega32u4.o
LOAD obj_haymakr_lufa/keymap_haymakr.o
LOAD obj_haymakr_lufa/matrix.o
LOAD obj_haymakr_lufa/led.o
LOAD obj_haymakr_lufa/protocol/lufa/lufa.o
LOAD obj_haymakr_lufa/protocol/lufa/descriptor.o
LOAD obj_haymakr_lufa/protocol/lufa/LUFA-git/LUFA/Drivers/USB/Class/Common/HIDParser.o
LOAD obj_haymakr_lufa/protocol/lufa/LUFA-git/LUFA/Drivers/USB/Core/AVR8/Device_AVR8.o
LOAD obj_haymakr_lufa/protocol/lufa/LUFA-git/LUFA/Drivers/USB/Core/AVR8/EndpointStream_AVR8.o
LOAD obj_haymakr_lufa/protocol/lufa/LUFA-git/LUFA/Drivers/USB/Core/AVR8/Endpoint_AVR8.o
LOAD obj_haymakr_lufa/protocol/lufa/LUFA-git/LUFA/Drivers/USB/Core/AVR8/Host_AVR8.o
LOAD obj_haymakr_lufa/protocol/lufa/LUFA-git/LUFA/Drivers/USB/Core/AVR8/PipeStream_AVR8.o
LOAD obj_haymakr_lufa/protocol/lufa/LUFA-git/LUFA/Drivers/USB/Core/AVR8/Pipe_AVR8.o
LOAD obj_haymakr_lufa/protocol/lufa/LUFA-git/LUFA/Drivers/USB/Core/AVR8/USBController_AVR8.o
LOAD obj_haymakr_lufa/protocol/lufa/LUFA-git/LUFA/Drivers/USB/Core/AVR8/USBInterrupt_AVR8.o
LOAD obj_haymakr_lufa/protocol/lufa/LUFA-git/LUFA/Drivers/USB/Core/ConfigDescriptors.o
LOAD obj_haymakr_lufa/protocol/lufa/LUFA-git/LUFA/Drivers/USB/Core/DeviceStandardReq.o
LOAD obj_haymakr_lufa/protocol/lufa/LUFA-git/LUFA/Drivers/USB/Core/Events.o
LOAD obj_haymakr_lufa/protocol/lufa/LUFA-git/LUFA/Drivers/USB/Core/HostStandardReq.o
LOAD obj_haymakr_lufa/protocol/lufa/LUFA-git/LUFA/Drivers/USB/Core/USBTask.o
LOAD obj_haymakr_lufa/common/host.o
LOAD obj_haymakr_lufa/common/keyboard.o
LOAD obj_haymakr_lufa/common/matrix.o
LOAD obj_haymakr_lufa/common/action.o
LOAD obj_haymakr_lufa/common/action_tapping.o
LOAD obj_haymakr_lufa/common/action_macro.o
LOAD obj_haymakr_lufa/common/action_layer.o
LOAD obj_haymakr_lufa/common/action_util.o
LOAD obj_haymakr_lufa/common/print.o
LOAD obj_haymakr_lufa/common/debug.o
LOAD obj_haymakr_lufa/common/util.o
LOAD obj_haymakr_lufa/common/hook.o
LOAD obj_haymakr_lufa/common/avr/suspend.o
LOAD obj_haymakr_lufa/common/avr/xprintf.o
LOAD obj_haymakr_lufa/common/avr/timer.o
LOAD obj_haymakr_lufa/common/avr/bootloader.o
LOAD obj_haymakr_lufa/common/keymap.o
LOAD obj_haymakr_lufa/common/bootmagic.o
LOAD obj_haymakr_lufa/common/avr/eeconfig.o
LOAD obj_haymakr_lufa/common/mousekey.o
LOAD obj_haymakr_lufa/common/command.o
LOAD /usr/local/Cellar/avr-gcc/7.2.0/lib/avr-gcc/7/gcc/avr/7.2.0/../../../../../../avr/lib/avr5/libm.a
START GROUP
LOAD /usr/local/Cellar/avr-gcc/7.2.0/lib/avr-gcc/7/gcc/avr/7.2.0/avr5/libgcc.a
LOAD /usr/local/Cellar/avr-gcc/7.2.0/lib/avr-gcc/7/gcc/avr/7.2.0/../../../../../../avr/lib/avr5/libm.a
LOAD /usr/local/Cellar/avr-gcc/7.2.0/lib/avr-gcc/7/gcc/avr/7.2.0/../../../../../../avr/lib/avr5/libc.a
LOAD /usr/local/Cellar/avr-gcc/7.2.0/lib/avr-gcc/7/gcc/avr/7.2.0/../../../../../../avr/lib/avr5/libatmega32u4.a
END GROUP
                0x0000000000020000                __TEXT_REGION_LENGTH__ = DEFINED (__TEXT_REGION_LENGTH__)?__TEXT_REGION_LENGTH__:0x20000
                0x000000000000ffa0                __DATA_REGION_LENGTH__ = DEFINED (__DATA_REGION_LENGTH__)?__DATA_REGION_LENGTH__:0xffa0
                0x0000000000010000                __EEPROM_REGION_LENGTH__ = DEFINED (__EEPROM_REGION_LENGTH__)?__EEPROM_REGION_LENGTH__:0x10000
                0x0000000000000400                __FUSE_REGION_LENGTH__ = DEFINED (__FUSE_REGION_LENGTH__)?__FUSE_REGION_LENGTH__:0x400
                0x0000000000000400                __LOCK_REGION_LENGTH__ = DEFINED (__LOCK_REGION_LENGTH__)?__LOCK_REGION_LENGTH__:0x400
                0x0000000000000400                __SIGNATURE_REGION_LENGTH__ = DEFINED (__SIGNATURE_REGION_LENGTH__)?__SIGNATURE_REGION_LENGTH__:0x400
                0x0000000000000400                __USER_SIGNATURE_REGION_LENGTH__ = DEFINED (__USER_SIGNATURE_REGION_LENGTH__)?__USER_SIGNATURE_REGION_LENGTH__:0x400

.hash
 *(.hash)

.dynsym
 *(.dynsym)

.dynstr
 *(.dynstr)

.gnu.version
 *(.gnu.version)

.gnu.version_d
 *(.gnu.version_d)

.gnu.version_r
 *(.gnu.version_r)

.rel.init
 *(.rel.init)

.rela.init
 *(.rela.init)

.rel.text
 *(.rel.text)
 *(.rel.text.*)
 *(.rel.gnu.linkonce.t*)

.rela.text
 *(.rela.text)
 *(.rela.text.*)
 *(.rela.gnu.linkonce.t*)

.rel.fini
 *(.rel.fini)

.rela.fini
 *(.rela.fini)

.rel.rodata
 *(.rel.rodata)
 *(.rel.rodata.*)
 *(.rel.gnu.linkonce.r*)

.rela.rodata
 *(.rela.rodata)
 *(.rela.rodata.*)
 *(.rela.gnu.linkonce.r*)

.rel.data
 *(.rel.data)
 *(.rel.data.*)
 *(.rel.gnu.linkonce.d*)

.rela.data
 *(.rela.data)
 *(.rela.data.*)
 *(.rela.gnu.linkonce.d*)

.rel.ctors
 *(.rel.ctors)

.rela.ctors
 *(.rela.ctors)

.rel.dtors
 *(.rel.dtors)

.rela.dtors
 *(.rela.dtors)

.rel.got
 *(.rel.got)

.rela.got
 *(.rela.got)

.rel.bss
 *(.rel.bss)

.rela.bss
 *(.rela.bss)

.rel.plt
 *(.rel.plt)

.rela.plt
 *(.rela.plt)

.text           0x0000000000000000     0x56fc
 *(.vectors)
 .vectors       0x0000000000000000       0xac /usr/local/Cellar/avr-gcc/7.2.0/lib/avr-gcc/7/gcc/avr/7.2.0/../../../../../../avr/lib/avr5/crtatmega32u4.o
                0x0000000000000000                __vectors
                0x0000000000000000                __vector_default
 *(.vectors)
 *(.progmem.gcc*)
                0x00000000000000ac                . = ALIGN (0x2)
                0x00000000000000ac                __trampolines_start = .
 *(.trampolines)
 .trampolines   0x00000000000000ac        0x0 linker stubs
 *(.trampolines*)
                0x00000000000000ac                __trampolines_end = .
 *libprintf_flt.a:*(.progmem.data)
 *libc.a:*(.progmem.data)
 *(.progmem*)
 .progmem.data.__m.4729
                0x00000000000000ac       0x59 obj_haymakr_lufa/keymap_haymakr.o
 .progmem.data.fn_actions
                0x0000000000000105       0x20 obj_haymakr_lufa/keymap_haymakr.o
                0x0000000000000105                fn_actions
 .progmem.data.keymaps
                0x0000000000000125       0xe1 obj_haymakr_lufa/keymap_haymakr.o
                0x0000000000000125                keymaps
 .progmem.data.__c.1891
                0x0000000000000206        0x2 obj_haymakr_lufa/matrix.o
 .progmem.data.__c.1889
                0x0000000000000208        0x5 obj_haymakr_lufa/matrix.o
 .progmem.data.__c.1887
                0x000000000000020d        0xa obj_haymakr_lufa/matrix.o
 .progmem.data.__c.4940
                0x0000000000000217       0x11 obj_haymakr_lufa/protocol/lufa/lufa.o
 .progmem.data.__c.4938
                0x0000000000000228       0x11 obj_haymakr_lufa/protocol/lufa/lufa.o
 .progmem.data.__c.4933
                0x0000000000000239        0x8 obj_haymakr_lufa/protocol/lufa/lufa.o
 .progmem.data.__c.4827
                0x0000000000000241        0x4 obj_haymakr_lufa/protocol/lufa/lufa.o
 .progmem.data.__c.4822
                0x0000000000000245        0x4 obj_haymakr_lufa/protocol/lufa/lufa.o
 .progmem.data.ProductString
                0x0000000000000249        0xc obj_haymakr_lufa/protocol/lufa/descriptor.o
                0x0000000000000249                ProductString
 .progmem.data.ManufacturerString
                0x0000000000000255       0x14 obj_haymakr_lufa/protocol/lufa/descriptor.o
                0x0000000000000255                ManufacturerString
 .progmem.data.LanguageString
                0x0000000000000269        0x4 obj_haymakr_lufa/protocol/lufa/descriptor.o
                0x0000000000000269                LanguageString
 .progmem.data.ConfigurationDescriptor
                0x000000000000026d       0x8d obj_haymakr_lufa/protocol/lufa/descriptor.o
                0x000000000000026d                ConfigurationDescriptor
 .progmem.data.DeviceDescriptor
                0x00000000000002fa       0x12 obj_haymakr_lufa/protocol/lufa/descriptor.o
                0x00000000000002fa                DeviceDescriptor
 .progmem.data.NKROReport
                0x000000000000030c       0x39 obj_haymakr_lufa/protocol/lufa/descriptor.o
                0x000000000000030c                NKROReport
 .progmem.data.ConsoleReport
                0x0000000000000345       0x22 obj_haymakr_lufa/protocol/lufa/descriptor.o
                0x0000000000000345                ConsoleReport
 .progmem.data.ExtrakeyReport
                0x0000000000000367       0x36 obj_haymakr_lufa/protocol/lufa/descriptor.o
                0x0000000000000367                ExtrakeyReport
 .progmem.data.MouseReport
                0x000000000000039d       0x4d obj_haymakr_lufa/protocol/lufa/descriptor.o
                0x000000000000039d                MouseReport
 .progmem.data.KeyboardReport
                0x00000000000003ea       0x40 obj_haymakr_lufa/protocol/lufa/descriptor.o
                0x00000000000003ea                KeyboardReport
 .progmem.data.__c.4546
                0x000000000000042a       0x10 obj_haymakr_lufa/common/host.o
 .progmem.data.__c.4541
                0x000000000000043a        0xe obj_haymakr_lufa/common/host.o
 .progmem.data.__c.4533
                0x0000000000000448        0x2 obj_haymakr_lufa/common/host.o
 .progmem.data.__c.4528
                0x000000000000044a        0x6 obj_haymakr_lufa/common/host.o
 .progmem.data.__c.4525
                0x0000000000000450        0xb obj_haymakr_lufa/common/host.o
 .progmem.data.__c.4888
                0x000000000000045b        0xb obj_haymakr_lufa/common/keyboard.o
 .progmem.data.__c.1747
                0x0000000000000466        0xf obj_haymakr_lufa/common/matrix.o
 .progmem.data.__c.1744
                0x0000000000000475       0x16 obj_haymakr_lufa/common/matrix.o
 .progmem.data.__c.4673
                0x000000000000048b       0x1e obj_haymakr_lufa/common/action_util.o
 .progmem.data.__c.4668
                0x00000000000004a9       0x1e obj_haymakr_lufa/common/action_util.o
 .progmem.data.__c.4840
                0x00000000000004c7        0x7 obj_haymakr_lufa/common/bootmagic.o
 .progmem.data.__c.4834
                0x00000000000004ce       0x15 obj_haymakr_lufa/common/bootmagic.o
 .progmem.data.__c.4605
                0x00000000000004e3        0x3 obj_haymakr_lufa/common/mousekey.o
 .progmem.data.__c.4603
                0x00000000000004e6        0x3 obj_haymakr_lufa/common/mousekey.o
 .progmem.data.__c.4601
                0x00000000000004e9        0x2 obj_haymakr_lufa/common/mousekey.o
 .progmem.data.__c.4599
                0x00000000000004eb        0x3 obj_haymakr_lufa/common/mousekey.o
 .progmem.data.__c.4597
                0x00000000000004ee        0x3 obj_haymakr_lufa/common/mousekey.o
 .progmem.data.__c.4595
                0x00000000000004f1        0x3 obj_haymakr_lufa/common/mousekey.o
 .progmem.data.__c.4593
                0x00000000000004f4        0x2 obj_haymakr_lufa/common/mousekey.o
 .progmem.data.__c.4591
                0x00000000000004f6        0x3 obj_haymakr_lufa/common/mousekey.o
 .progmem.data.__c.4589
                0x00000000000004f9        0x2 obj_haymakr_lufa/common/mousekey.o
 .progmem.data.__c.4587
                0x00000000000004fb        0x3 obj_haymakr_lufa/common/mousekey.o
 .progmem.data.__c.4585
                0x00000000000004fe        0x2 obj_haymakr_lufa/common/mousekey.o
 .progmem.data.__c.4583
                0x0000000000000500        0x3 obj_haymakr_lufa/common/mousekey.o
 .progmem.data.__c.4581
                0x0000000000000503        0x2 obj_haymakr_lufa/common/mousekey.o
 .progmem.data.__c.4579
                0x0000000000000505        0x5 obj_haymakr_lufa/common/mousekey.o
 .progmem.data.__c.4577
                0x000000000000050a       0x23 obj_haymakr_lufa/common/mousekey.o
 .progmem.data.__c.5213
                0x000000000000052d       0x1b obj_haymakr_lufa/common/command.o
 .progmem.data.__c.5210
                0x0000000000000548       0x19 obj_haymakr_lufa/common/command.o
 .progmem.data.__c.5207
                0x0000000000000561       0x15 obj_haymakr_lufa/common/command.o
 .progmem.data.__c.5204
                0x0000000000000576       0x13 obj_haymakr_lufa/common/command.o
 .progmem.data.__c.5201
                0x0000000000000589       0x12 obj_haymakr_lufa/common/command.o
 .progmem.data.__c.5197
                0x000000000000059b        0xf obj_haymakr_lufa/common/command.o
 .progmem.data.__c.5190
                0x00000000000005aa       0x1b obj_haymakr_lufa/common/command.o
 .progmem.data.__c.5187
                0x00000000000005c5       0x19 obj_haymakr_lufa/common/command.o
 .progmem.data.__c.5184
                0x00000000000005de       0x15 obj_haymakr_lufa/common/command.o
 .progmem.data.__c.5181
                0x00000000000005f3       0x13 obj_haymakr_lufa/common/command.o
 .progmem.data.__c.5178
                0x0000000000000606       0x12 obj_haymakr_lufa/common/command.o
 .progmem.data.__c.5174
                0x0000000000000618        0xf obj_haymakr_lufa/common/command.o
 .progmem.data.__c.5167
                0x0000000000000627        0x2 obj_haymakr_lufa/common/command.o
 .progmem.data.__c.5165
                0x0000000000000629        0x3 obj_haymakr_lufa/common/command.o
 .progmem.data.__c.5163
                0x000000000000062c       0x17 obj_haymakr_lufa/common/command.o
 .progmem.data.__c.5161
                0x0000000000000643        0x2 obj_haymakr_lufa/common/command.o
 .progmem.data.__c.5159
                0x0000000000000645        0x3 obj_haymakr_lufa/common/command.o
 .progmem.data.__c.5157
                0x0000000000000648       0x15 obj_haymakr_lufa/common/command.o
 .progmem.data.__c.5155
                0x000000000000065d        0x2 obj_haymakr_lufa/common/command.o
 .progmem.data.__c.5153
                0x000000000000065f        0x3 obj_haymakr_lufa/common/command.o
 .progmem.data.__c.5151
                0x0000000000000662       0x11 obj_haymakr_lufa/common/command.o
 .progmem.data.__c.5149
                0x0000000000000673        0x2 obj_haymakr_lufa/common/command.o
 .progmem.data.__c.5147
                0x0000000000000675        0x3 obj_haymakr_lufa/common/command.o
 .progmem.data.__c.5145
                0x0000000000000678        0xf obj_haymakr_lufa/common/command.o
 .progmem.data.__c.5143
                0x0000000000000687        0x2 obj_haymakr_lufa/common/command.o
 .progmem.data.__c.5141
                0x0000000000000689        0x3 obj_haymakr_lufa/common/command.o
 .progmem.data.__c.5139
                0x000000000000068c       0x12 obj_haymakr_lufa/common/command.o
 .progmem.data.__c.5137
                0x000000000000069e        0x2 obj_haymakr_lufa/common/command.o
 .progmem.data.__c.5135
                0x00000000000006a0        0x3 obj_haymakr_lufa/common/command.o
 .progmem.data.__c.5133
                0x00000000000006a3       0x12 obj_haymakr_lufa/common/command.o
 .progmem.data.__c.5131
                0x00000000000006b5        0xe obj_haymakr_lufa/common/command.o
 .progmem.data.__c.5251
                0x00000000000006c3        0x3 obj_haymakr_lufa/common/command.o
 .progmem.data.__c.5249
                0x00000000000006c6        0x6 obj_haymakr_lufa/common/command.o
 .progmem.data.__c.5247
                0x00000000000006cc        0x2 obj_haymakr_lufa/common/command.o
 .progmem.data.__c.5244
                0x00000000000006ce        0xd obj_haymakr_lufa/common/command.o
 .progmem.data.__c.5230
                0x00000000000006db        0x4 obj_haymakr_lufa/common/command.o
 .progmem.data.__c.5220
                0x00000000000006df       0x4e obj_haymakr_lufa/common/command.o
 .progmem.data.__c.5218
                0x000000000000072d       0xfb obj_haymakr_lufa/common/command.o
 .progmem.data.__c.5123
                0x0000000000000828        0x2 obj_haymakr_lufa/common/command.o
 .progmem.data.__c.5120
                0x000000000000082a        0x4 obj_haymakr_lufa/common/command.o
 .progmem.data.__c.5125
                0x000000000000082e        0x4 obj_haymakr_lufa/common/command.o
 .progmem.data.__c.5269
                0x0000000000000832        0x5 obj_haymakr_lufa/common/command.o
 .progmem.data.__c.5109
                0x0000000000000837       0x27 obj_haymakr_lufa/common/command.o
 .progmem.data.__c.4934
                0x000000000000085e       0xa5 obj_haymakr_lufa/common/command.o
 .progmem.data.__c.5029
                0x0000000000000903        0x2 obj_haymakr_lufa/common/command.o
 .progmem.data.__c.5027
                0x0000000000000905        0x3 obj_haymakr_lufa/common/command.o
 .progmem.data.__c.5025
                0x0000000000000908        0x8 obj_haymakr_lufa/common/command.o
 .progmem.data.__c.5023
                0x0000000000000910        0x2 obj_haymakr_lufa/common/command.o
 .progmem.data.__c.5021
                0x0000000000000912        0x3 obj_haymakr_lufa/common/command.o
 .progmem.data.__c.5019
                0x0000000000000915       0x1c obj_haymakr_lufa/common/command.o
 .progmem.data.__c.5017
                0x0000000000000931        0x2 obj_haymakr_lufa/common/command.o
 .progmem.data.__c.5015
                0x0000000000000933        0x3 obj_haymakr_lufa/common/command.o
 .progmem.data.__c.5013
                0x0000000000000936       0x12 obj_haymakr_lufa/common/command.o
 .progmem.data.__c.5011
                0x0000000000000948        0x2 obj_haymakr_lufa/common/command.o
 .progmem.data.__c.5009
                0x000000000000094a        0x3 obj_haymakr_lufa/common/command.o
 .progmem.data.__c.5007
                0x000000000000094d        0xa obj_haymakr_lufa/common/command.o
 .progmem.data.__c.5005
                0x0000000000000957        0x2 obj_haymakr_lufa/common/command.o
 .progmem.data.__c.5003
                0x0000000000000959        0x3 obj_haymakr_lufa/common/command.o
 .progmem.data.__c.5001
                0x000000000000095c       0x12 obj_haymakr_lufa/common/command.o
 .progmem.data.__c.4999
                0x000000000000096e        0x2 obj_haymakr_lufa/common/command.o
 .progmem.data.__c.4997
                0x0000000000000970        0x3 obj_haymakr_lufa/common/command.o
 .progmem.data.__c.4995
                0x0000000000000973       0x12 obj_haymakr_lufa/common/command.o
 .progmem.data.__c.4993
                0x0000000000000985        0x2 obj_haymakr_lufa/common/command.o
 .progmem.data.__c.4991
                0x0000000000000987        0x3 obj_haymakr_lufa/common/command.o
 .progmem.data.__c.4989
                0x000000000000098a       0x17 obj_haymakr_lufa/common/command.o
 .progmem.data.__c.4987
                0x00000000000009a1        0x2 obj_haymakr_lufa/common/command.o
 .progmem.data.__c.4985
                0x00000000000009a3        0x3 obj_haymakr_lufa/common/command.o
 .progmem.data.__c.4983
                0x00000000000009a6       0x19 obj_haymakr_lufa/common/command.o
 .progmem.data.__c.4981
                0x00000000000009bf        0x2 obj_haymakr_lufa/common/command.o
 .progmem.data.__c.4979
                0x00000000000009c1        0x5 obj_haymakr_lufa/common/command.o
 .progmem.data.__c.4977
                0x00000000000009c6       0x14 obj_haymakr_lufa/common/command.o
 .progmem.data.__c.4974
                0x00000000000009da        0x2 obj_haymakr_lufa/common/command.o
 .progmem.data.__c.4972
                0x00000000000009dc        0x3 obj_haymakr_lufa/common/command.o
 .progmem.data.__c.4970
                0x00000000000009df        0x9 obj_haymakr_lufa/common/command.o
 .progmem.data.__c.4968
                0x00000000000009e8        0x2 obj_haymakr_lufa/common/command.o
 .progmem.data.__c.4966
                0x00000000000009ea        0x3 obj_haymakr_lufa/common/command.o
 .progmem.data.__c.4964
                0x00000000000009ed        0xc obj_haymakr_lufa/common/command.o
 .progmem.data.__c.4962
                0x00000000000009f9        0x2 obj_haymakr_lufa/common/command.o
 .progmem.data.__c.4960
                0x00000000000009fb        0x3 obj_haymakr_lufa/common/command.o
 .progmem.data.__c.4958
                0x00000000000009fe        0xa obj_haymakr_lufa/common/command.o
 .progmem.data.__c.4956
                0x0000000000000a08        0x2 obj_haymakr_lufa/common/command.o
 .progmem.data.__c.4954
                0x0000000000000a0a        0x3 obj_haymakr_lufa/common/command.o
 .progmem.data.__c.4952
                0x0000000000000a0d        0xa obj_haymakr_lufa/common/command.o
 .progmem.data.__c.4950
                0x0000000000000a17        0x2 obj_haymakr_lufa/common/command.o
 .progmem.data.__c.4948
                0x0000000000000a19        0x5 obj_haymakr_lufa/common/command.o
 .progmem.data.__c.4946
                0x0000000000000a1e       0x13 obj_haymakr_lufa/common/command.o
 .progmem.data.__c.4943
                0x0000000000000a31        0x2 obj_haymakr_lufa/common/command.o
 .progmem.data.__c.4941
                0x0000000000000a33        0x3 obj_haymakr_lufa/common/command.o
 .progmem.data.__c.4939
                0x0000000000000a36       0x10 obj_haymakr_lufa/common/command.o
 .progmem.data.__c.5104
                0x0000000000000a46        0x2 obj_haymakr_lufa/common/command.o
 .progmem.data.__c.5095
                0x0000000000000a48        0xb obj_haymakr_lufa/common/command.o
 .progmem.data.__c.5093
                0x0000000000000a53        0xa obj_haymakr_lufa/common/command.o
 .progmem.data.__c.5090
                0x0000000000000a5d       0x17 obj_haymakr_lufa/common/command.o
 .progmem.data.__c.5088
                0x0000000000000a74       0x13 obj_haymakr_lufa/common/command.o
 .progmem.data.__c.5086
                0x0000000000000a87       0x13 obj_haymakr_lufa/common/command.o
 .progmem.data.__c.5084
                0x0000000000000a9a       0x17 obj_haymakr_lufa/common/command.o
 .progmem.data.__c.5082
                0x0000000000000ab1       0x1a obj_haymakr_lufa/common/command.o
 .progmem.data.__c.5080
                0x0000000000000acb        0xe obj_haymakr_lufa/common/command.o
 .progmem.data.__c.5077
                0x0000000000000ad9       0x2b obj_haymakr_lufa/common/command.o
 .progmem.data.__c.5075
                0x0000000000000b04       0x45 obj_haymakr_lufa/common/command.o
 .progmem.data.__c.5073
                0x0000000000000b49       0x27 obj_haymakr_lufa/common/command.o
 .progmem.data.__c.5071
                0x0000000000000b70       0x35 obj_haymakr_lufa/common/command.o
 .progmem.data.__c.5069
                0x0000000000000ba5       0x29 obj_haymakr_lufa/common/command.o
 .progmem.data.__c.5067
                0x0000000000000bce        0xf obj_haymakr_lufa/common/command.o
 .progmem.data.__c.5064
                0x0000000000000bdd        0xd obj_haymakr_lufa/common/command.o
 .progmem.data.__c.5062
                0x0000000000000bea        0xc obj_haymakr_lufa/common/command.o
 .progmem.data.__c.5059
                0x0000000000000bf6       0x10 obj_haymakr_lufa/common/command.o
 .progmem.data.__c.5057
                0x0000000000000c06        0xf obj_haymakr_lufa/common/command.o
 .progmem.data.__c.5054
                0x0000000000000c15        0xe obj_haymakr_lufa/common/command.o
 .progmem.data.__c.5052
                0x0000000000000c23        0xd obj_haymakr_lufa/common/command.o
 .progmem.data.__c.5049
                0x0000000000000c30        0xc obj_haymakr_lufa/common/command.o
 .progmem.data.__c.5047
                0x0000000000000c3c        0xd obj_haymakr_lufa/common/command.o
 .progmem.data.__c.5044
                0x0000000000000c49       0x11 obj_haymakr_lufa/common/command.o
 .progmem.data.__c.5041
                0x0000000000000c5a        0x4 obj_haymakr_lufa/common/command.o
 .progmem.data.__c.5035
                0x0000000000000c5e        0xb obj_haymakr_lufa/common/command.o
                0x0000000000000c6a                . = ALIGN (0x2)
 *fill*         0x0000000000000c69        0x1 
 *(.lowtext)
 *(.lowtext*)
                0x0000000000000c6a                __ctors_start = .
 *(.ctors)
                0x0000000000000c6a                __ctors_end = .
                0x0000000000000c6a                __dtors_start = .
 *(.dtors)
                0x0000000000000c6a                __dtors_end = .
 SORT(*)(.ctors)
 SORT(*)(.dtors)
 *(.init0)
 .init0         0x0000000000000c6a        0x0 /usr/local/Cellar/avr-gcc/7.2.0/lib/avr-gcc/7/gcc/avr/7.2.0/../../../../../../avr/lib/avr5/crtatmega32u4.o
                0x0000000000000c6a                __init
 *(.init0)
 *(.init1)
 *(.init1)
 *(.init2)
 .init2         0x0000000000000c6a        0xc /usr/local/Cellar/avr-gcc/7.2.0/lib/avr-gcc/7/gcc/avr/7.2.0/../../../../../../avr/lib/avr5/crtatmega32u4.o
 *(.init2)
 *(.init3)
 .init3         0x0000000000000c76       0x54 obj_haymakr_lufa/common/avr/bootloader.o
                0x0000000000000c76                bootloader_jump_after_watchdog_reset
 *(.init3)
 *(.init4)
 .init4         0x0000000000000cca       0x16 /usr/local/Cellar/avr-gcc/7.2.0/lib/avr-gcc/7/gcc/avr/7.2.0/avr5/libgcc.a(_copy_data.o)
                0x0000000000000cca                __do_copy_data
 .init4         0x0000000000000ce0       0x10 /usr/local/Cellar/avr-gcc/7.2.0/lib/avr-gcc/7/gcc/avr/7.2.0/avr5/libgcc.a(_clear_bss.o)
                0x0000000000000ce0                __do_clear_bss
 *(.init4)
 *(.init5)
 *(.init5)
 *(.init6)
 *(.init6)
 *(.init7)
 *(.init7)
 *(.init8)
 *(.init8)
 *(.init9)
 .init9         0x0000000000000cf0        0x8 /usr/local/Cellar/avr-gcc/7.2.0/lib/avr-gcc/7/gcc/avr/7.2.0/../../../../../../avr/lib/avr5/crtatmega32u4.o
 *(.init9)
 *(.text)
 .text          0x0000000000000cf8        0x4 /usr/local/Cellar/avr-gcc/7.2.0/lib/avr-gcc/7/gcc/avr/7.2.0/../../../../../../avr/lib/avr5/crtatmega32u4.o
                0x0000000000000cf8                __vector_42
                0x0000000000000cf8                __vector_22
                0x0000000000000cf8                __vector_28
                0x0000000000000cf8                __vector_1
                0x0000000000000cf8                __vector_32
                0x0000000000000cf8                __vector_34
                0x0000000000000cf8                __vector_24
                0x0000000000000cf8                __bad_interrupt
                0x0000000000000cf8                __vector_6
                0x0000000000000cf8                __vector_31
                0x0000000000000cf8                __vector_35
                0x0000000000000cf8                __vector_39
                0x0000000000000cf8                __vector_3
                0x0000000000000cf8                __vector_23
                0x0000000000000cf8                __vector_30
                0x0000000000000cf8                __vector_25
                0x0000000000000cf8                __vector_13
                0x0000000000000cf8                __vector_17
                0x0000000000000cf8                __vector_19
                0x0000000000000cf8                __vector_7
                0x0000000000000cf8                __vector_41
                0x0000000000000cf8                __vector_27
                0x0000000000000cf8                __vector_5
                0x0000000000000cf8                __vector_33
                0x0000000000000cf8                __vector_37
                0x0000000000000cf8                __vector_4
                0x0000000000000cf8                __vector_9
                0x0000000000000cf8                __vector_2
                0x0000000000000cf8                __vector_15
                0x0000000000000cf8                __vector_36
                0x0000000000000cf8                __vector_29
                0x0000000000000cf8                __vector_40
                0x0000000000000cf8                __vector_8
                0x0000000000000cf8                __vector_26
                0x0000000000000cf8                __vector_14
                0x0000000000000cf8                __vector_16
                0x0000000000000cf8                __vector_18
                0x0000000000000cf8                __vector_20
                0x0000000000000cf8                __vector_38
 .text          0x0000000000000cfc      0x15c obj_haymakr_lufa/common/avr/xprintf.o
                0x0000000000000cfc                xputc
                0x0000000000000d14                xputs
                0x0000000000000d22                xitoa
                0x0000000000000e46                __xprintf
                0x0000000000000e58                . = ALIGN (0x2)
 *(.text.*)
 .text.action_get_macro
                0x0000000000000e58       0x18 obj_haymakr_lufa/keymap_haymakr.o
                0x0000000000000e58                action_get_macro
 .text.unselect_rows
                0x0000000000000e70       0x1a obj_haymakr_lufa/matrix.o
 .text.matrix_init
                0x0000000000000e8a       0x62 obj_haymakr_lufa/matrix.o
                0x0000000000000e8a                matrix_init
 .text.matrix_scan
                0x0000000000000eec      0x2be obj_haymakr_lufa/matrix.o
                0x0000000000000eec                matrix_scan
 .text.matrix_get_row
                0x00000000000011aa       0x12 obj_haymakr_lufa/matrix.o
                0x00000000000011aa                matrix_get_row
 .text.led_set  0x00000000000011bc        0xe obj_haymakr_lufa/led.o
                0x00000000000011bc                led_set
 .text.keyboard_leds
                0x00000000000011ca        0x6 obj_haymakr_lufa/protocol/lufa/lufa.o
 .text.sendchar
                0x00000000000011d0       0xc6 obj_haymakr_lufa/protocol/lufa/lufa.o
                0x00000000000011d0                sendchar
 .text.send_consumer
                0x0000000000001296       0x68 obj_haymakr_lufa/protocol/lufa/lufa.o
 .text.send_system
                0x00000000000012fe       0x68 obj_haymakr_lufa/protocol/lufa/lufa.o
 .text.send_mouse
                0x0000000000001366       0x4a obj_haymakr_lufa/protocol/lufa/lufa.o
 .text.send_keyboard
                0x00000000000013b0       0xa2 obj_haymakr_lufa/protocol/lufa/lufa.o
 .text.EVENT_USB_Device_Connect
                0x0000000000001452       0x24 obj_haymakr_lufa/protocol/lufa/lufa.o
                0x0000000000001452                EVENT_USB_Device_Connect
 .text.EVENT_USB_Device_Disconnect
                0x0000000000001476        0xe obj_haymakr_lufa/protocol/lufa/lufa.o
                0x0000000000001476                EVENT_USB_Device_Disconnect
 .text.EVENT_USB_Device_Reset
                0x0000000000001484        0x2 obj_haymakr_lufa/protocol/lufa/lufa.o
                0x0000000000001484                EVENT_USB_Device_Reset
 .text.EVENT_USB_Device_StartOfFrame
                0x0000000000001486       0x84 obj_haymakr_lufa/protocol/lufa/lufa.o
                0x0000000000001486                EVENT_USB_Device_StartOfFrame
 .text.EVENT_USB_Device_ConfigurationChanged
                0x000000000000150a       0x32 obj_haymakr_lufa/protocol/lufa/lufa.o
                0x000000000000150a                EVENT_USB_Device_ConfigurationChanged
 .text.EVENT_USB_Device_ControlRequest
                0x000000000000153c      0x15a obj_haymakr_lufa/protocol/lufa/lufa.o
                0x000000000000153c                EVENT_USB_Device_ControlRequest
 .text.hook_early_init
                0x0000000000001696        0x2 obj_haymakr_lufa/protocol/lufa/lufa.o
                0x0000000000001696                hook_early_init
 .text.hook_late_init
                0x0000000000001698        0x2 obj_haymakr_lufa/protocol/lufa/lufa.o
                0x0000000000001698                hook_late_init
 .text.hook_usb_suspend_entry
                0x000000000000169a       0x1a obj_haymakr_lufa/protocol/lufa/lufa.o
                0x000000000000169a                hook_usb_suspend_entry
 .text.EVENT_USB_Device_Suspend
                0x00000000000016b4        0x4 obj_haymakr_lufa/protocol/lufa/lufa.o
                0x00000000000016b4                EVENT_USB_Device_Suspend
 .text.hook_usb_suspend_loop
                0x00000000000016b8       0x18 obj_haymakr_lufa/protocol/lufa/lufa.o
                0x00000000000016b8                hook_usb_suspend_loop
 .text.startup.main
                0x00000000000016d0       0x96 obj_haymakr_lufa/protocol/lufa/lufa.o
                0x00000000000016d0                main
 .text.hook_usb_wakeup
                0x0000000000001766        0xe obj_haymakr_lufa/protocol/lufa/lufa.o
                0x0000000000001766                hook_usb_wakeup
 .text.EVENT_USB_Device_WakeUp
                0x0000000000001774        0x4 obj_haymakr_lufa/protocol/lufa/lufa.o
                0x0000000000001774                EVENT_USB_Device_WakeUp
 .text.CALLBACK_USB_GetDescriptor
                0x0000000000001778       0xaa obj_haymakr_lufa/protocol/lufa/descriptor.o
                0x0000000000001778                CALLBACK_USB_GetDescriptor
 .text.USB_Device_SendRemoteWakeup
                0x0000000000001822       0x2c obj_haymakr_lufa/protocol/lufa/LUFA-git/LUFA/Drivers/USB/Core/AVR8/Device_AVR8.o
                0x0000000000001822                USB_Device_SendRemoteWakeup
 .text.Endpoint_Write_Stream_LE
                0x000000000000184e       0x9e obj_haymakr_lufa/protocol/lufa/LUFA-git/LUFA/Drivers/USB/Core/AVR8/EndpointStream_AVR8.o
                0x000000000000184e                Endpoint_Write_Stream_LE
 .text.Endpoint_Write_Control_Stream_LE
                0x00000000000018ec       0xbe obj_haymakr_lufa/protocol/lufa/LUFA-git/LUFA/Drivers/USB/Core/AVR8/EndpointStream_AVR8.o
                0x00000000000018ec                Endpoint_Write_Control_Stream_LE
 .text.Endpoint_Write_Control_PStream_LE
                0x00000000000019aa       0xc0 obj_haymakr_lufa/protocol/lufa/LUFA-git/LUFA/Drivers/USB/Core/AVR8/EndpointStream_AVR8.o
                0x00000000000019aa                Endpoint_Write_Control_PStream_LE
 .text.Endpoint_ConfigureEndpoint_Prv
                0x0000000000001a6a       0x68 obj_haymakr_lufa/protocol/lufa/LUFA-git/LUFA/Drivers/USB/Core/AVR8/Endpoint_AVR8.o
                0x0000000000001a6a                Endpoint_ConfigureEndpoint_Prv
 .text.Endpoint_ClearStatusStage
                0x0000000000001ad2       0x3e obj_haymakr_lufa/protocol/lufa/LUFA-git/LUFA/Drivers/USB/Core/AVR8/Endpoint_AVR8.o
                0x0000000000001ad2                Endpoint_ClearStatusStage
 .text.Endpoint_WaitUntilReady
                0x0000000000001b10       0x5e obj_haymakr_lufa/protocol/lufa/LUFA-git/LUFA/Drivers/USB/Core/AVR8/Endpoint_AVR8.o
                0x0000000000001b10                Endpoint_WaitUntilReady
 .text.USB_Disable
                0x0000000000001b6e       0x34 obj_haymakr_lufa/protocol/lufa/LUFA-git/LUFA/Drivers/USB/Core/AVR8/USBController_AVR8.o
                0x0000000000001b6e                USB_Disable
 .text.USB_ResetInterface
                0x0000000000001ba2       0x86 obj_haymakr_lufa/protocol/lufa/LUFA-git/LUFA/Drivers/USB/Core/AVR8/USBController_AVR8.o
                0x0000000000001ba2                USB_ResetInterface
 .text.USB_Init
                0x0000000000001c28       0x22 obj_haymakr_lufa/protocol/lufa/LUFA-git/LUFA/Drivers/USB/Core/AVR8/USBController_AVR8.o
                0x0000000000001c28                USB_Init
 .text.USB_INT_DisableAllInterrupts
                0x0000000000001c4a       0x10 obj_haymakr_lufa/protocol/lufa/LUFA-git/LUFA/Drivers/USB/Core/AVR8/USBInterrupt_AVR8.o
                0x0000000000001c4a                USB_INT_DisableAllInterrupts
 .text.USB_INT_ClearAllInterrupts
                0x0000000000001c5a        0xa obj_haymakr_lufa/protocol/lufa/LUFA-git/LUFA/Drivers/USB/Core/AVR8/USBInterrupt_AVR8.o
                0x0000000000001c5a                USB_INT_ClearAllInterrupts
 .text.__vector_10
                0x0000000000001c64      0x1a6 obj_haymakr_lufa/protocol/lufa/LUFA-git/LUFA/Drivers/USB/Core/AVR8/USBInterrupt_AVR8.o
                0x0000000000001c64                __vector_10
 .text.__vector_11
                0x0000000000001e0a       0x78 obj_haymakr_lufa/protocol/lufa/LUFA-git/LUFA/Drivers/USB/Core/AVR8/USBInterrupt_AVR8.o
                0x0000000000001e0a                __vector_11
 .text.USB_Device_ProcessControlRequest
                0x0000000000001e82      0x2a8 obj_haymakr_lufa/protocol/lufa/LUFA-git/LUFA/Drivers/USB/Core/DeviceStandardReq.o
                0x0000000000001e82                USB_Device_ProcessControlRequest
 .text.host_set_driver
                0x000000000000212a        0xa obj_haymakr_lufa/common/host.o
                0x000000000000212a                host_set_driver
 .text.host_keyboard_leds
                0x0000000000002134       0x18 obj_haymakr_lufa/common/host.o
                0x0000000000002134                host_keyboard_leds
 .text.host_keyboard_send
                0x000000000000214c       0x98 obj_haymakr_lufa/common/host.o
                0x000000000000214c                host_keyboard_send
 .text.host_mouse_send
                0x00000000000021e4       0x16 obj_haymakr_lufa/common/host.o
                0x00000000000021e4                host_mouse_send
 .text.host_system_send
                0x00000000000021fa       0x5a obj_haymakr_lufa/common/host.o
                0x00000000000021fa                host_system_send
 .text.host_consumer_send
                0x0000000000002254       0x5a obj_haymakr_lufa/common/host.o
                0x0000000000002254                host_consumer_send
 .text.keyboard_setup
                0x00000000000022ae        0x4 obj_haymakr_lufa/common/keyboard.o
                0x00000000000022ae                keyboard_setup
 .text.keyboard_init
                0x00000000000022b2        0xc obj_haymakr_lufa/common/keyboard.o
                0x00000000000022b2                keyboard_init
 .text.keyboard_task
                0x00000000000022be      0x192 obj_haymakr_lufa/common/keyboard.o
                0x00000000000022be                keyboard_task
 .text.keyboard_set_leds
                0x0000000000002450        0x4 obj_haymakr_lufa/common/keyboard.o
                0x0000000000002450                keyboard_set_leds
 .text.matrix_clear
                0x0000000000002454        0x2 obj_haymakr_lufa/common/matrix.o
                0x0000000000002454                matrix_clear
 .text.matrix_setup
                0x0000000000002456        0x2 obj_haymakr_lufa/common/matrix.o
                0x0000000000002456                matrix_setup
 .text.matrix_print
                0x0000000000002458       0x68 obj_haymakr_lufa/common/matrix.o
                0x0000000000002458                matrix_print
 .text.matrix_power_up
                0x00000000000024c0        0x2 obj_haymakr_lufa/common/matrix.o
                0x00000000000024c0                matrix_power_up
 .text.matrix_power_down
                0x00000000000024c2        0x2 obj_haymakr_lufa/common/matrix.o
                0x00000000000024c2                matrix_power_down
 .text.action_exec
                0x00000000000024c4       0x80 obj_haymakr_lufa/common/action.o
                0x00000000000024c4                action_exec
 .text.register_code
                0x0000000000002544      0x1b6 obj_haymakr_lufa/common/action.o
                0x0000000000002544                register_code
 .text.unregister_code
                0x00000000000026fa       0xd4 obj_haymakr_lufa/common/action.o
                0x00000000000026fa                unregister_code
 .text.register_mods
                0x00000000000027ce        0xe obj_haymakr_lufa/common/action.o
                0x00000000000027ce                register_mods
 .text.unregister_mods
                0x00000000000027dc        0xe obj_haymakr_lufa/common/action.o
                0x00000000000027dc                unregister_mods
 .text.process_action
                0x00000000000027ea      0x65a obj_haymakr_lufa/common/action.o
                0x00000000000027ea                process_action
 .text.clear_keyboard_but_mods
                0x0000000000002e44       0x24 obj_haymakr_lufa/common/action.o
                0x0000000000002e44                clear_keyboard_but_mods
 .text.clear_keyboard
                0x0000000000002e68        0x8 obj_haymakr_lufa/common/action.o
                0x0000000000002e68                clear_keyboard
 .text.is_tap_key
                0x0000000000002e70       0xb4 obj_haymakr_lufa/common/action.o
                0x0000000000002e70                is_tap_key
 .text.debug_event
                0x0000000000002f24       0x1e obj_haymakr_lufa/common/action.o
                0x0000000000002f24                debug_event
 .text.debug_record
                0x0000000000002f42       0x20 obj_haymakr_lufa/common/action.o
                0x0000000000002f42                debug_record
 .text.debug_waiting_buffer
                0x0000000000002f62       0x42 obj_haymakr_lufa/common/action_tapping.o
 .text.debug_tapping_key
                0x0000000000002fa4       0x1c obj_haymakr_lufa/common/action_tapping.o
 .text.waiting_buffer_scan_tap
                0x0000000000002fc0       0xd6 obj_haymakr_lufa/common/action_tapping.o
 .text.process_tapping
                0x0000000000003096      0x3ae obj_haymakr_lufa/common/action_tapping.o
 .text.action_tapping_process
                0x0000000000003444      0x152 obj_haymakr_lufa/common/action_tapping.o
                0x0000000000003444                action_tapping_process
 .text.action_macro_play
                0x0000000000003596      0x12a obj_haymakr_lufa/common/action_macro.o
                0x0000000000003596                action_macro_play
 .text.layer_state_set
                0x00000000000036c0       0x14 obj_haymakr_lufa/common/action_layer.o
 .text.default_layer_debug
                0x00000000000036d4        0x2 obj_haymakr_lufa/common/action_layer.o
                0x00000000000036d4                default_layer_debug
 .text.default_layer_set
                0x00000000000036d6       0x14 obj_haymakr_lufa/common/action_layer.o
                0x00000000000036d6                default_layer_set
 .text.default_layer_or
                0x00000000000036ea       0x34 obj_haymakr_lufa/common/action_layer.o
                0x00000000000036ea                default_layer_or
 .text.default_layer_and
                0x000000000000371e       0x34 obj_haymakr_lufa/common/action_layer.o
                0x000000000000371e                default_layer_and
 .text.default_layer_xor
                0x0000000000003752       0x34 obj_haymakr_lufa/common/action_layer.o
                0x0000000000003752                default_layer_xor
 .text.layer_clear
                0x0000000000003786        0xa obj_haymakr_lufa/common/action_layer.o
                0x0000000000003786                layer_clear
 .text.layer_move
                0x0000000000003790       0x2a obj_haymakr_lufa/common/action_layer.o
                0x0000000000003790                layer_move
 .text.layer_on
                0x00000000000037ba       0x42 obj_haymakr_lufa/common/action_layer.o
                0x00000000000037ba                layer_on
 .text.layer_off
                0x00000000000037fc       0x46 obj_haymakr_lufa/common/action_layer.o
                0x00000000000037fc                layer_off
 .text.layer_invert
                0x0000000000003842       0x42 obj_haymakr_lufa/common/action_layer.o
                0x0000000000003842                layer_invert
 .text.layer_or
                0x0000000000003884       0x24 obj_haymakr_lufa/common/action_layer.o
                0x0000000000003884                layer_or
 .text.layer_and
                0x00000000000038a8       0x24 obj_haymakr_lufa/common/action_layer.o
                0x00000000000038a8                layer_and
 .text.layer_xor
                0x00000000000038cc       0x24 obj_haymakr_lufa/common/action_layer.o
                0x00000000000038cc                layer_xor
 .text.layer_debug
                0x00000000000038f0        0x2 obj_haymakr_lufa/common/action_layer.o
                0x00000000000038f0                layer_debug
 .text.layer_switch_get_action
                0x00000000000038f2      0x14e obj_haymakr_lufa/common/action_layer.o
                0x00000000000038f2                layer_switch_get_action
 .text.add_key  0x0000000000003a40       0x9c obj_haymakr_lufa/common/action_util.o
                0x0000000000003a40                add_key
 .text.del_key  0x0000000000003adc       0x8a obj_haymakr_lufa/common/action_util.o
                0x0000000000003adc                del_key
 .text.clear_keys
                0x0000000000003b66       0x1c obj_haymakr_lufa/common/action_util.o
                0x0000000000003b66                clear_keys
 .text.get_mods
                0x0000000000003b82        0x6 obj_haymakr_lufa/common/action_util.o
                0x0000000000003b82                get_mods
 .text.add_mods
                0x0000000000003b88        0xc obj_haymakr_lufa/common/action_util.o
                0x0000000000003b88                add_mods
 .text.del_mods
                0x0000000000003b94       0x10 obj_haymakr_lufa/common/action_util.o
                0x0000000000003b94                del_mods
 .text.set_mods
                0x0000000000003ba4        0x6 obj_haymakr_lufa/common/action_util.o
                0x0000000000003ba4                set_mods
 .text.clear_mods
                0x0000000000003baa        0x6 obj_haymakr_lufa/common/action_util.o
                0x0000000000003baa                clear_mods
 .text.add_weak_mods
                0x0000000000003bb0        0xc obj_haymakr_lufa/common/action_util.o
                0x0000000000003bb0                add_weak_mods
 .text.del_weak_mods
                0x0000000000003bbc       0x10 obj_haymakr_lufa/common/action_util.o
                0x0000000000003bbc                del_weak_mods
 .text.clear_weak_mods
                0x0000000000003bcc        0x6 obj_haymakr_lufa/common/action_util.o
                0x0000000000003bcc                clear_weak_mods
 .text.set_oneshot_mods
                0x0000000000003bd2        0x6 obj_haymakr_lufa/common/action_util.o
                0x0000000000003bd2                set_oneshot_mods
 .text.clear_oneshot_mods
                0x0000000000003bd8        0x6 obj_haymakr_lufa/common/action_util.o
                0x0000000000003bd8                clear_oneshot_mods
 .text.has_anykey
                0x0000000000003bde       0x20 obj_haymakr_lufa/common/action_util.o
                0x0000000000003bde                has_anykey
 .text.send_keyboard_report
                0x0000000000003bfe       0x4c obj_haymakr_lufa/common/action_util.o
                0x0000000000003bfe                send_keyboard_report
 .text.print_set_sendchar
                0x0000000000003c4a        0xa obj_haymakr_lufa/common/print.o
                0x0000000000003c4a                print_set_sendchar
 .text.bitrev   0x0000000000003c54       0x30 obj_haymakr_lufa/common/util.o
                0x0000000000003c54                bitrev
 .text.bitrev16
                0x0000000000003c84       0x1a obj_haymakr_lufa/common/util.o
                0x0000000000003c84                bitrev16
 .text.hook_keyboard_loop
                0x0000000000003c9e        0x2 obj_haymakr_lufa/common/hook.o
                0x0000000000003c9e                hook_keyboard_loop
 .text.hook_matrix_change
                0x0000000000003ca0       0x1e obj_haymakr_lufa/common/hook.o
                0x0000000000003ca0                hook_matrix_change
 .text.hook_default_layer_change
                0x0000000000003cbe        0x2 obj_haymakr_lufa/common/hook.o
                0x0000000000003cbe                hook_default_layer_change
 .text.hook_layer_change
                0x0000000000003cc0        0x2 obj_haymakr_lufa/common/hook.o
                0x0000000000003cc0                hook_layer_change
 .text.hook_keyboard_leds_change
                0x0000000000003cc2        0x4 obj_haymakr_lufa/common/hook.o
                0x0000000000003cc2                hook_keyboard_leds_change
 .text.hook_bootmagic
                0x0000000000003cc6        0x2 obj_haymakr_lufa/common/hook.o
                0x0000000000003cc6                hook_bootmagic
 .text.suspend_power_down
                0x0000000000003cc8       0x52 obj_haymakr_lufa/common/avr/suspend.o
                0x0000000000003cc8                suspend_power_down
 .text.suspend_wakeup_condition
                0x0000000000003d1a       0x2a obj_haymakr_lufa/common/avr/suspend.o
                0x0000000000003d1a                suspend_wakeup_condition
 .text.suspend_wakeup_init
                0x0000000000003d44        0x8 obj_haymakr_lufa/common/avr/suspend.o
                0x0000000000003d44                suspend_wakeup_init
 .text.__vector_12
                0x0000000000003d4c       0x52 obj_haymakr_lufa/common/avr/suspend.o
                0x0000000000003d4c                __vector_12
 .text.timer_init
                0x0000000000003d9e       0x12 obj_haymakr_lufa/common/avr/timer.o
                0x0000000000003d9e                timer_init
 .text.timer_read
                0x0000000000003db0       0x18 obj_haymakr_lufa/common/avr/timer.o
                0x0000000000003db0                timer_read
 .text.timer_read32
                0x0000000000003dc8       0x18 obj_haymakr_lufa/common/avr/timer.o
                0x0000000000003dc8                timer_read32
 .text.timer_elapsed
                0x0000000000003de0       0x54 obj_haymakr_lufa/common/avr/timer.o
                0x0000000000003de0                timer_elapsed
 .text.__vector_21
                0x0000000000003e34       0x4a obj_haymakr_lufa/common/avr/timer.o
                0x0000000000003e34                __vector_21
 .text.bootloader_jump
                0x0000000000003e7e       0x44 obj_haymakr_lufa/common/avr/bootloader.o
                0x0000000000003e7e                bootloader_jump
 .text.keycode_to_action
                0x0000000000003ec2      0x11e obj_haymakr_lufa/common/keymap.o
 .text.action_function
                0x0000000000003fe0        0x2 obj_haymakr_lufa/common/keymap.o
                0x0000000000003fe0                action_function
 .text.keymap_key_to_keycode
                0x0000000000003fe2       0x20 obj_haymakr_lufa/common/keymap.o
                0x0000000000003fe2                keymap_key_to_keycode
 .text.keymap_fn_to_action
                0x0000000000004002       0x16 obj_haymakr_lufa/common/keymap.o
                0x0000000000004002                keymap_fn_to_action
 .text.action_for_key
                0x0000000000004018       0xce obj_haymakr_lufa/common/keymap.o
                0x0000000000004018                action_for_key
 .text.scan_key
                0x00000000000040e6       0x8c obj_haymakr_lufa/common/bootmagic.o
 .text.bootmagic_scan_key
                0x0000000000004172       0x24 obj_haymakr_lufa/common/bootmagic.o
                0x0000000000004172                bootmagic_scan_key
 .text.bootmagic
                0x0000000000004196      0x25e obj_haymakr_lufa/common/bootmagic.o
                0x0000000000004196                bootmagic
 .text.eeconfig_init
                0x00000000000043f4       0x34 obj_haymakr_lufa/common/avr/eeconfig.o
                0x00000000000043f4                eeconfig_init
 .text.eeconfig_is_enabled
                0x0000000000004428       0x16 obj_haymakr_lufa/common/avr/eeconfig.o
                0x0000000000004428                eeconfig_is_enabled
 .text.eeconfig_read_debug
                0x000000000000443e        0x8 obj_haymakr_lufa/common/avr/eeconfig.o
                0x000000000000443e                eeconfig_read_debug
 .text.eeconfig_write_debug
                0x0000000000004446        0xa obj_haymakr_lufa/common/avr/eeconfig.o
                0x0000000000004446                eeconfig_write_debug
 .text.eeconfig_read_default_layer
                0x0000000000004450        0x8 obj_haymakr_lufa/common/avr/eeconfig.o
                0x0000000000004450                eeconfig_read_default_layer
 .text.eeconfig_write_default_layer
                0x0000000000004458        0xa obj_haymakr_lufa/common/avr/eeconfig.o
                0x0000000000004458                eeconfig_write_default_layer
 .text.eeconfig_read_keymap
                0x0000000000004462        0x8 obj_haymakr_lufa/common/avr/eeconfig.o
                0x0000000000004462                eeconfig_read_keymap
 .text.eeconfig_write_keymap
                0x000000000000446a        0xa obj_haymakr_lufa/common/avr/eeconfig.o
                0x000000000000446a                eeconfig_write_keymap
 .text.move_unit
                0x0000000000004474       0x94 obj_haymakr_lufa/common/mousekey.o
 .text.wheel_unit
                0x0000000000004508       0x72 obj_haymakr_lufa/common/mousekey.o
 .text.mousekey_on
                0x000000000000457a       0xd0 obj_haymakr_lufa/common/mousekey.o
                0x000000000000457a                mousekey_on
 .text.mousekey_off
                0x000000000000464a      0x108 obj_haymakr_lufa/common/mousekey.o
                0x000000000000464a                mousekey_off
 .text.mousekey_send
                0x0000000000004752      0x11a obj_haymakr_lufa/common/mousekey.o
                0x0000000000004752                mousekey_send
 .text.mousekey_task
                0x000000000000486c      0x144 obj_haymakr_lufa/common/mousekey.o
                0x000000000000486c                mousekey_task
 .text.mousekey_clear
                0x00000000000049b0       0x18 obj_haymakr_lufa/common/mousekey.o
                0x00000000000049b0                mousekey_clear
 .text.mousekey_console_help
                0x00000000000049c8       0x2e obj_haymakr_lufa/common/command.o
 .text.mousekey_param_inc
                0x00000000000049f6      0x148 obj_haymakr_lufa/common/command.o
 .text.mousekey_param_dec
                0x0000000000004b3e       0xfe obj_haymakr_lufa/common/command.o
 .text.switch_default_layer
                0x0000000000004c3c       0x3c obj_haymakr_lufa/common/command.o
 .text.command_common
                0x0000000000004c78      0x4aa obj_haymakr_lufa/common/command.o
 .text.command_extra
                0x0000000000005122        0x4 obj_haymakr_lufa/common/command.o
                0x0000000000005122                command_extra
 .text.command_console_extra
                0x0000000000005126        0x4 obj_haymakr_lufa/common/command.o
                0x0000000000005126                command_console_extra
 .text.command_proc
                0x000000000000512a      0x296 obj_haymakr_lufa/common/command.o
                0x000000000000512a                command_proc
 .text.avr-libc.fplib
                0x00000000000053c0        0xe /usr/local/Cellar/avr-gcc/7.2.0/lib/avr-gcc/7/gcc/avr/7.2.0/../../../../../../avr/lib/avr5/libm.a(fixsfsi.o)
                0x00000000000053c0                __fixsfsi
 .text.avr-libc.fplib
                0x00000000000053ce       0x5e /usr/local/Cellar/avr-gcc/7.2.0/lib/avr-gcc/7/gcc/avr/7.2.0/../../../../../../avr/lib/avr5/libm.a(fixunssfsi.o)
                0x00000000000053ce                __fixunssfsi
 .text.avr-libc.fplib
                0x000000000000542c       0x7a /usr/local/Cellar/avr-gcc/7.2.0/lib/avr-gcc/7/gcc/avr/7.2.0/../../../../../../avr/lib/avr5/libm.a(floatsisf.o)
                0x000000000000542c                __floatunsisf
                0x0000000000005430                __floatsisf
 .text.avr-libc.fplib
                0x00000000000054a6       0x44 /usr/local/Cellar/avr-gcc/7.2.0/lib/avr-gcc/7/gcc/avr/7.2.0/../../../../../../avr/lib/avr5/libm.a(fp_split3.o)
                0x00000000000054a6                __fp_split3
                0x00000000000054b6                __fp_splitA
 .text.avr-libc.fplib
                0x00000000000054ea        0xe /usr/local/Cellar/avr-gcc/7.2.0/lib/avr-gcc/7/gcc/avr/7.2.0/../../../../../../avr/lib/avr5/libm.a(fp_zero.o)
                0x00000000000054ea                __fp_zero
                0x00000000000054ec                __fp_szero
 .text.avr-libc.fplib
                0x00000000000054f8        0x8 /usr/local/Cellar/avr-gcc/7.2.0/lib/avr-gcc/7/gcc/avr/7.2.0/../../../../../../avr/lib/avr5/libm.a(mulsf3.o)
                0x00000000000054f8                __mulsf3
 .text.avr-libc.fplib
                0x0000000000005500       0xd2 /usr/local/Cellar/avr-gcc/7.2.0/lib/avr-gcc/7/gcc/avr/7.2.0/../../../../../../avr/lib/avr5/libm.a(mulsf3x.o)
                0x000000000000551e                __mulsf3x
                0x0000000000005524                __mulsf3_pse
 .text.avr-libc.fplib
                0x00000000000055d2        0xc /usr/local/Cellar/avr-gcc/7.2.0/lib/avr-gcc/7/gcc/avr/7.2.0/../../../../../../avr/lib/avr5/libm.a(fp_inf.o)
                0x00000000000055d2                __fp_inf
 .text.avr-libc.fplib
                0x00000000000055de        0x6 /usr/local/Cellar/avr-gcc/7.2.0/lib/avr-gcc/7/gcc/avr/7.2.0/../../../../../../avr/lib/avr5/libm.a(fp_nan.o)
                0x00000000000055de                __fp_nan
 .text.avr-libc.fplib
                0x00000000000055e4        0xe /usr/local/Cellar/avr-gcc/7.2.0/lib/avr-gcc/7/gcc/avr/7.2.0/../../../../../../avr/lib/avr5/libm.a(fp_pscA.o)
                0x00000000000055e4                __fp_pscA
 .text.avr-libc.fplib
                0x00000000000055f2        0xe /usr/local/Cellar/avr-gcc/7.2.0/lib/avr-gcc/7/gcc/avr/7.2.0/../../../../../../avr/lib/avr5/libm.a(fp_pscB.o)
                0x00000000000055f2                __fp_pscB
 .text.avr-libc.fplib
                0x0000000000005600       0x22 /usr/local/Cellar/avr-gcc/7.2.0/lib/avr-gcc/7/gcc/avr/7.2.0/../../../../../../avr/lib/avr5/libm.a(fp_round.o)
                0x0000000000005600                __fp_round
 .text.libgcc.div
                0x0000000000005622       0x18 /usr/local/Cellar/avr-gcc/7.2.0/lib/avr-gcc/7/gcc/avr/7.2.0/avr5/libgcc.a(_udivmodqi4.o)
                0x0000000000005622                __udivmodqi4
 .text.libgcc.div
                0x000000000000563a       0x28 /usr/local/Cellar/avr-gcc/7.2.0/lib/avr-gcc/7/gcc/avr/7.2.0/avr5/libgcc.a(_divmodhi4.o)
                0x000000000000563a                __divmodhi4
                0x000000000000563a                _div
 .text.libgcc   0x0000000000005662        0xc /usr/local/Cellar/avr-gcc/7.2.0/lib/avr-gcc/7/gcc/avr/7.2.0/avr5/libgcc.a(_tablejump2.o)
                0x0000000000005662                __tablejump2__
 .text.libgcc.div
                0x000000000000566e       0x28 /usr/local/Cellar/avr-gcc/7.2.0/lib/avr-gcc/7/gcc/avr/7.2.0/avr5/libgcc.a(_udivmodhi4.o)
                0x000000000000566e                __udivmodhi4
 .text.avr-libc
                0x0000000000005696       0x10 /usr/local/Cellar/avr-gcc/7.2.0/lib/avr-gcc/7/gcc/avr/7.2.0/../../../../../../avr/lib/avr5/libatmega32u4.a(eerd_byte.o)
                0x0000000000005696                eeprom_read_byte
 .text.avr-libc
                0x00000000000056a6        0xc /usr/local/Cellar/avr-gcc/7.2.0/lib/avr-gcc/7/gcc/avr/7.2.0/../../../../../../avr/lib/avr5/libatmega32u4.a(eerd_word.o)
                0x00000000000056a6                eeprom_read_word
 .text.avr-libc
                0x00000000000056b2       0x1c /usr/local/Cellar/avr-gcc/7.2.0/lib/avr-gcc/7/gcc/avr/7.2.0/../../../../../../avr/lib/avr5/libatmega32u4.a(eewr_byte.o)
                0x00000000000056b2                eeprom_write_byte
                0x00000000000056b4                eeprom_write_r18
 .text.avr-libc
                0x00000000000056ce        0xa /usr/local/Cellar/avr-gcc/7.2.0/lib/avr-gcc/7/gcc/avr/7.2.0/../../../../../../avr/lib/avr5/libatmega32u4.a(eewr_word.o)
                0x00000000000056ce                eeprom_write_word
 .text.avr-libc
                0x00000000000056d8       0x20 /usr/local/Cellar/avr-gcc/7.2.0/lib/avr-gcc/7/gcc/avr/7.2.0/../../../../../../avr/lib/avr5/libatmega32u4.a(eerd_block.o)
                0x00000000000056d8                eeprom_read_block
                0x00000000000056dc                eeprom_read_blraw
                0x00000000000056f8                . = ALIGN (0x2)
 *(.fini9)
 .fini9         0x00000000000056f8        0x0 /usr/local/Cellar/avr-gcc/7.2.0/lib/avr-gcc/7/gcc/avr/7.2.0/avr5/libgcc.a(_exit.o)
                0x00000000000056f8                exit
                0x00000000000056f8                _exit
 *(.fini9)
 *(.fini8)
 *(.fini8)
 *(.fini7)
 *(.fini7)
 *(.fini6)
 *(.fini6)
 *(.fini5)
 *(.fini5)
 *(.fini4)
 *(.fini4)
 *(.fini3)
 *(.fini3)
 *(.fini2)
 *(.fini2)
 *(.fini1)
 *(.fini1)
 *(.fini0)
 .fini0         0x00000000000056f8        0x4 /usr/local/Cellar/avr-gcc/7.2.0/lib/avr-gcc/7/gcc/avr/7.2.0/avr5/libgcc.a(_exit.o)
 *(.fini0)
 *(.hightext)
 *(.hightext*)
                0x00000000000056fc                . = ALIGN (0x2)
 *(.jumptables)
 *(.jumptables*)
                0x00000000000056fc                _etext = .

.data           0x0000000000800100       0x3a load address 0x00000000000056fc
                0x0000000000800100                PROVIDE (__data_start, .)
 *(.data)
 *(.data*)
 .data.debouncing
                0x0000000000800100        0x1 obj_haymakr_lufa/matrix.o
 .data.lufa_driver
                0x0000000000800101        0xa obj_haymakr_lufa/protocol/lufa/lufa.o
                0x0000000000800101                lufa_driver
 .data.keyboard_protocol
                0x000000000080010b        0x1 obj_haymakr_lufa/protocol/lufa/lufa.o
                0x000000000080010b                keyboard_protocol
 .data.keyboard_nkro
                0x000000000080010c        0x1 obj_haymakr_lufa/common/host.o
                0x000000000080010c                keyboard_nkro
 .data.keyboard_report
                0x000000000080010d        0x2 obj_haymakr_lufa/common/action_util.o
                0x000000000080010d                keyboard_report
 .data.mk_wheel_time_to_max
                0x000000000080010f        0x1 obj_haymakr_lufa/common/mousekey.o
                0x000000000080010f                mk_wheel_time_to_max
 .data.mk_wheel_max_speed
                0x0000000000800110        0x1 obj_haymakr_lufa/common/mousekey.o
                0x0000000000800110                mk_wheel_max_speed
 .data.mk_time_to_max
                0x0000000000800111        0x1 obj_haymakr_lufa/common/mousekey.o
                0x0000000000800111                mk_time_to_max
 .data.mk_max_speed
                0x0000000000800112        0x1 obj_haymakr_lufa/common/mousekey.o
                0x0000000000800112                mk_max_speed
 .data.mk_interval
                0x0000000000800113        0x1 obj_haymakr_lufa/common/mousekey.o
                0x0000000000800113                mk_interval
 .data.mk_delay
                0x0000000000800114        0x1 obj_haymakr_lufa/common/mousekey.o
                0x0000000000800114                mk_delay
 *(.gnu.linkonce.d*)
 *(.rodata)
 *(.rodata*)
 .rodata.CSWTCH.3
                0x0000000000800115        0x5 obj_haymakr_lufa/protocol/lufa/descriptor.o
 .rodata.CSWTCH.2
                0x000000000080011a        0xa obj_haymakr_lufa/protocol/lufa/descriptor.o
 .rodata.CSWTCH.1
                0x0000000000800124        0xa obj_haymakr_lufa/protocol/lufa/descriptor.o
 .rodata.matrix_print.str1.1
                0x000000000080012e        0x1 obj_haymakr_lufa/common/matrix.o
 .rodata.CSWTCH.62
                0x000000000080012f        0xa obj_haymakr_lufa/common/command.o
 *(.gnu.linkonce.r*)
                0x000000000080013a                . = ALIGN (0x2)
 *fill*         0x0000000000800139        0x1 
                0x000000000080013a                _edata = .
                0x000000000080013a                PROVIDE (__data_end, .)

.bss            0x000000000080013a      0x11a
                0x000000000080013a                PROVIDE (__bss_start, .)
 *(.bss)
 .bss           0x000000000080013a        0x2 obj_haymakr_lufa/common/avr/xprintf.o
                0x000000000080013a                xfunc_out
 *(.bss*)
 .bss.matrix_debouncing
                0x000000000080013c        0xa obj_haymakr_lufa/matrix.o
 .bss.matrix    0x0000000000800146        0xa obj_haymakr_lufa/matrix.o
 .bss.timeouted.4910
                0x0000000000800150        0x1 obj_haymakr_lufa/protocol/lufa/lufa.o
 .bss.count.4840
                0x0000000000800151        0x1 obj_haymakr_lufa/protocol/lufa/lufa.o
 .bss._led_stats
                0x0000000000800152        0x1 obj_haymakr_lufa/protocol/lufa/lufa.o
 .bss.console_flush
                0x0000000000800153        0x1 obj_haymakr_lufa/protocol/lufa/lufa.o
 .bss.keyboard_report_sent
                0x0000000000800154       0x20 obj_haymakr_lufa/protocol/lufa/lufa.o
 .bss.keyboard_led_stats
                0x0000000000800174        0x1 obj_haymakr_lufa/protocol/lufa/lufa.o
 .bss.keyboard_idle
                0x0000000000800175        0x1 obj_haymakr_lufa/protocol/lufa/lufa.o
                0x0000000000800175                keyboard_idle
 .bss.last_consumer_report
                0x0000000000800176        0x2 obj_haymakr_lufa/common/host.o
 .bss.last_system_report
                0x0000000000800178        0x2 obj_haymakr_lufa/common/host.o
 .bss.driver    0x000000000080017a        0x2 obj_haymakr_lufa/common/host.o
 .bss.led_status.4871
                0x000000000080017c        0x1 obj_haymakr_lufa/common/keyboard.o
 .bss.matrix_prev.4870
                0x000000000080017d        0xa obj_haymakr_lufa/common/keyboard.o
 .bss.waiting_buffer_tail
                0x0000000000800187        0x1 obj_haymakr_lufa/common/action_tapping.o
 .bss.waiting_buffer_head
                0x0000000000800188        0x1 obj_haymakr_lufa/common/action_tapping.o
 .bss.waiting_buffer
                0x0000000000800189       0x30 obj_haymakr_lufa/common/action_tapping.o
 .bss.tapping_key
                0x00000000008001b9        0x6 obj_haymakr_lufa/common/action_tapping.o
 .bss.layer_pressed
                0x00000000008001bf       0x4b obj_haymakr_lufa/common/action_layer.o
 .bss.layer_state
                0x000000000080020a        0x4 obj_haymakr_lufa/common/action_layer.o
                0x000000000080020a                layer_state
 .bss.default_layer_state
                0x000000000080020e        0x4 obj_haymakr_lufa/common/action_layer.o
                0x000000000080020e                default_layer_state
 .bss.oneshot_mods
                0x0000000000800212        0x1 obj_haymakr_lufa/common/action_util.o
 .bss.__compound_literal.0
                0x0000000000800213       0x20 obj_haymakr_lufa/common/action_util.o
 .bss.weak_mods
                0x0000000000800233        0x1 obj_haymakr_lufa/common/action_util.o
 .bss.real_mods
                0x0000000000800234        0x1 obj_haymakr_lufa/common/action_util.o
 .bss.debug_config
                0x0000000000800235        0x1 obj_haymakr_lufa/common/debug.o
                0x0000000000800235                debug_config
 .bss.wdt_timeout
                0x0000000000800236        0x1 obj_haymakr_lufa/common/avr/suspend.o
 .bss.timer_count
                0x0000000000800237        0x4 obj_haymakr_lufa/common/avr/timer.o
                0x0000000000800237                timer_count
 .bss.last_timer
                0x000000000080023b        0x2 obj_haymakr_lufa/common/mousekey.o
 .bss.mousekey_accel
                0x000000000080023d        0x1 obj_haymakr_lufa/common/mousekey.o
 .bss.mousekey_repeat
                0x000000000080023e        0x1 obj_haymakr_lufa/common/mousekey.o
 .bss.mouse_report
                0x000000000080023f        0x5 obj_haymakr_lufa/common/mousekey.o
 .bss.mousekey_param
                0x0000000000800244        0x1 obj_haymakr_lufa/common/command.o
 .bss.command_state
                0x0000000000800245        0x1 obj_haymakr_lufa/common/command.o
                0x0000000000800245                command_state
 *(COMMON)
 COMMON         0x0000000000800246        0x3 obj_haymakr_lufa/protocol/lufa/LUFA-git/LUFA/Drivers/USB/Core/DeviceStandardReq.o
                0x0000000000800246                USB_Device_ConfigurationNumber
                0x0000000000800247                USB_Device_CurrentlySelfPowered
                0x0000000000800248                USB_Device_RemoteWakeupEnabled
 COMMON         0x0000000000800249        0xa obj_haymakr_lufa/protocol/lufa/LUFA-git/LUFA/Drivers/USB/Core/USBTask.o
                0x0000000000800249                USB_IsInitialized
                0x000000000080024a                USB_DeviceState
                0x000000000080024b                USB_ControlRequest
 COMMON         0x0000000000800253        0x1 obj_haymakr_lufa/common/bootmagic.o
                0x0000000000800253                keymap_config
                0x0000000000800254                PROVIDE (__bss_end, .)
                0x00000000000056fc                __data_load_start = LOADADDR (.data)
                0x0000000000005736                __data_load_end = (__data_load_start + SIZEOF (.data))

.noinit         0x0000000000800254        0x4
                [!provide]                        PROVIDE (__noinit_start, .)
 *(.noinit*)
 .noinit        0x0000000000800254        0x4 obj_haymakr_lufa/common/avr/bootloader.o
                0x0000000000800254                reset_key
                [!provide]                        PROVIDE (__noinit_end, .)
                0x0000000000800258                _end = .
                [!provide]                        PROVIDE (__heap_start, .)

.eeprom         0x0000000000810000        0x0
 *(.eeprom*)
                0x0000000000810000                __eeprom_end = .

.fuse
 *(.fuse)
 *(.lfuse)
 *(.hfuse)
 *(.efuse)

.lock
 *(.lock*)

.signature
 *(.signature*)

.stab           0x0000000000000000      0x8b8
 *(.stab)
 .stab          0x0000000000000000      0x8b8 obj_haymakr_lufa/common/avr/xprintf.o

.stabstr        0x0000000000000000       0xa0
 *(.stabstr)
 .stabstr       0x0000000000000000       0xa0 obj_haymakr_lufa/common/avr/xprintf.o

.stab.excl
 *(.stab.excl)

.stab.exclstr
 *(.stab.exclstr)

.stab.index
 *(.stab.index)

.stab.indexstr
 *(.stab.indexstr)

.comment        0x0000000000000000       0x11
 *(.comment)
 .comment       0x0000000000000000       0x11 obj_haymakr_lufa/keymap_haymakr.o
                                         0x12 (size before relaxing)
 .comment       0x0000000000000011       0x12 obj_haymakr_lufa/matrix.o
 .comment       0x0000000000000011       0x12 obj_haymakr_lufa/led.o
 .comment       0x0000000000000011       0x12 obj_haymakr_lufa/protocol/lufa/lufa.o
 .comment       0x0000000000000011       0x12 obj_haymakr_lufa/protocol/lufa/descriptor.o
 .comment       0x0000000000000011       0x12 obj_haymakr_lufa/protocol/lufa/LUFA-git/LUFA/Drivers/USB/Core/AVR8/Device_AVR8.o
 .comment       0x0000000000000011       0x12 obj_haymakr_lufa/protocol/lufa/LUFA-git/LUFA/Drivers/USB/Core/AVR8/EndpointStream_AVR8.o
 .comment       0x0000000000000011       0x12 obj_haymakr_lufa/protocol/lufa/LUFA-git/LUFA/Drivers/USB/Core/AVR8/Endpoint_AVR8.o
 .comment       0x0000000000000011       0x12 obj_haymakr_lufa/protocol/lufa/LUFA-git/LUFA/Drivers/USB/Core/AVR8/USBController_AVR8.o
 .comment       0x0000000000000011       0x12 obj_haymakr_lufa/protocol/lufa/LUFA-git/LUFA/Drivers/USB/Core/AVR8/USBInterrupt_AVR8.o
 .comment       0x0000000000000011       0x12 obj_haymakr_lufa/protocol/lufa/LUFA-git/LUFA/Drivers/USB/Core/DeviceStandardReq.o
 .comment       0x0000000000000011       0x12 obj_haymakr_lufa/protocol/lufa/LUFA-git/LUFA/Drivers/USB/Core/USBTask.o
 .comment       0x0000000000000011       0x12 obj_haymakr_lufa/common/host.o
 .comment       0x0000000000000011       0x12 obj_haymakr_lufa/common/keyboard.o
 .comment       0x0000000000000011       0x12 obj_haymakr_lufa/common/matrix.o
 .comment       0x0000000000000011       0x12 obj_haymakr_lufa/common/action.o
 .comment       0x0000000000000011       0x12 obj_haymakr_lufa/common/action_tapping.o
 .comment       0x0000000000000011       0x12 obj_haymakr_lufa/common/action_macro.o
 .comment       0x0000000000000011       0x12 obj_haymakr_lufa/common/action_layer.o
 .comment       0x0000000000000011       0x12 obj_haymakr_lufa/common/action_util.o
 .comment       0x0000000000000011       0x12 obj_haymakr_lufa/common/print.o
 .comment       0x0000000000000011       0x12 obj_haymakr_lufa/common/debug.o
 .comment       0x0000000000000011       0x12 obj_haymakr_lufa/common/util.o
 .comment       0x0000000000000011       0x12 obj_haymakr_lufa/common/hook.o
 .comment       0x0000000000000011       0x12 obj_haymakr_lufa/common/avr/suspend.o
 .comment       0x0000000000000011       0x12 obj_haymakr_lufa/common/avr/timer.o
 .comment       0x0000000000000011       0x12 obj_haymakr_lufa/common/avr/bootloader.o
 .comment       0x0000000000000011       0x12 obj_haymakr_lufa/common/keymap.o
 .comment       0x0000000000000011       0x12 obj_haymakr_lufa/common/bootmagic.o
 .comment       0x0000000000000011       0x12 obj_haymakr_lufa/common/avr/eeconfig.o
 .comment       0x0000000000000011       0x12 obj_haymakr_lufa/common/mousekey.o
 .comment       0x0000000000000011       0x12 obj_haymakr_lufa/common/command.o

.note.gnu.avr.deviceinfo
                0x0000000000000000       0x40
 .note.gnu.avr.deviceinfo
                0x0000000000000000       0x40 /usr/local/Cellar/avr-gcc/7.2.0/lib/avr-gcc/7/gcc/avr/7.2.0/../../../../../../avr/lib/avr5/crtatmega32u4.o

.note.gnu.build-id
 *(.note.gnu.build-id)

.debug
 *(.debug)

.line
 *(.line)

.debug_srcinfo
 *(.debug_srcinfo)

.debug_sfnames
 *(.debug_sfnames)

.debug_aranges  0x0000000000000000      0x9f0
 *(.debug_aranges)
 .debug_aranges
                0x0000000000000000       0x20 obj_haymakr_lufa/keymap_haymakr.o
 .debug_aranges
                0x0000000000000020       0x38 obj_haymakr_lufa/matrix.o
 .debug_aranges
                0x0000000000000058       0x20 obj_haymakr_lufa/led.o
 .debug_aranges
                0x0000000000000078       0xb0 obj_haymakr_lufa/protocol/lufa/lufa.o
 .debug_aranges
                0x0000000000000128       0x20 obj_haymakr_lufa/protocol/lufa/descriptor.o
 .debug_aranges
                0x0000000000000148       0x20 obj_haymakr_lufa/protocol/lufa/LUFA-git/LUFA/Drivers/USB/Core/AVR8/Device_AVR8.o
 .debug_aranges
                0x0000000000000168       0xc8 obj_haymakr_lufa/protocol/lufa/LUFA-git/LUFA/Drivers/USB/Core/AVR8/EndpointStream_AVR8.o
 .debug_aranges
                0x0000000000000230       0x40 obj_haymakr_lufa/protocol/lufa/LUFA-git/LUFA/Drivers/USB/Core/AVR8/Endpoint_AVR8.o
 .debug_aranges
                0x0000000000000270       0x30 obj_haymakr_lufa/protocol/lufa/LUFA-git/LUFA/Drivers/USB/Core/AVR8/USBController_AVR8.o
 .debug_aranges
                0x00000000000002a0       0x38 obj_haymakr_lufa/protocol/lufa/LUFA-git/LUFA/Drivers/USB/Core/AVR8/USBInterrupt_AVR8.o
 .debug_aranges
                0x00000000000002d8       0x20 obj_haymakr_lufa/protocol/lufa/LUFA-git/LUFA/Drivers/USB/Core/DeviceStandardReq.o
 .debug_aranges
                0x00000000000002f8       0x20 obj_haymakr_lufa/protocol/lufa/LUFA-git/LUFA/Drivers/USB/Core/USBTask.o
 .debug_aranges
                0x0000000000000318       0x60 obj_haymakr_lufa/common/host.o
 .debug_aranges
                0x0000000000000378       0x38 obj_haymakr_lufa/common/keyboard.o
 .debug_aranges
                0x00000000000003b0       0x40 obj_haymakr_lufa/common/matrix.o
 .debug_aranges
                0x00000000000003f0       0x78 obj_haymakr_lufa/common/action.o
 .debug_aranges
                0x0000000000000468       0x40 obj_haymakr_lufa/common/action_tapping.o
 .debug_aranges
                0x00000000000004a8       0x20 obj_haymakr_lufa/common/action_macro.o
 .debug_aranges
                0x00000000000004c8       0x90 obj_haymakr_lufa/common/action_layer.o
 .debug_aranges
                0x0000000000000558       0xb0 obj_haymakr_lufa/common/action_util.o
 .debug_aranges
                0x0000000000000608       0x20 obj_haymakr_lufa/common/print.o
 .debug_aranges
                0x0000000000000628       0x18 obj_haymakr_lufa/common/debug.o
 .debug_aranges
                0x0000000000000640       0x60 obj_haymakr_lufa/common/util.o
 .debug_aranges
                0x00000000000006a0       0x38 obj_haymakr_lufa/common/hook.o
 .debug_aranges
                0x00000000000006d8       0x40 obj_haymakr_lufa/common/avr/suspend.o
 .debug_aranges
                0x0000000000000718       0x50 obj_haymakr_lufa/common/avr/timer.o
 .debug_aranges
                0x0000000000000768       0x28 obj_haymakr_lufa/common/avr/bootloader.o
 .debug_aranges
                0x0000000000000790       0x48 obj_haymakr_lufa/common/keymap.o
 .debug_aranges
                0x00000000000007d8       0x30 obj_haymakr_lufa/common/bootmagic.o
 .debug_aranges
                0x0000000000000808       0x68 obj_haymakr_lufa/common/avr/eeconfig.o
 .debug_aranges
                0x0000000000000870       0x50 obj_haymakr_lufa/common/mousekey.o
 .debug_aranges
                0x00000000000008c0       0x50 obj_haymakr_lufa/common/command.o
 .debug_aranges
                0x0000000000000910       0x20 /usr/local/Cellar/avr-gcc/7.2.0/lib/avr-gcc/7/gcc/avr/7.2.0/avr5/libgcc.a(_udivmodqi4.o)
 .debug_aranges
                0x0000000000000930       0x20 /usr/local/Cellar/avr-gcc/7.2.0/lib/avr-gcc/7/gcc/avr/7.2.0/avr5/libgcc.a(_divmodhi4.o)
 .debug_aranges
                0x0000000000000950       0x20 /usr/local/Cellar/avr-gcc/7.2.0/lib/avr-gcc/7/gcc/avr/7.2.0/avr5/libgcc.a(_exit.o)
 .debug_aranges
                0x0000000000000970       0x20 /usr/local/Cellar/avr-gcc/7.2.0/lib/avr-gcc/7/gcc/avr/7.2.0/avr5/libgcc.a(_tablejump2.o)
 .debug_aranges
                0x0000000000000990       0x20 /usr/local/Cellar/avr-gcc/7.2.0/lib/avr-gcc/7/gcc/avr/7.2.0/avr5/libgcc.a(_copy_data.o)
 .debug_aranges
                0x00000000000009b0       0x20 /usr/local/Cellar/avr-gcc/7.2.0/lib/avr-gcc/7/gcc/avr/7.2.0/avr5/libgcc.a(_clear_bss.o)
 .debug_aranges
                0x00000000000009d0       0x20 /usr/local/Cellar/avr-gcc/7.2.0/lib/avr-gcc/7/gcc/avr/7.2.0/avr5/libgcc.a(_udivmodhi4.o)

.debug_pubnames
 *(.debug_pubnames)

.debug_info     0x0000000000000000    0x13449
 *(.debug_info .gnu.linkonce.wi.*)
 .debug_info    0x0000000000000000      0x9f4 /usr/local/Cellar/avr-gcc/7.2.0/lib/avr-gcc/7/gcc/avr/7.2.0/../../../../../../avr/lib/avr5/crtatmega32u4.o
 .debug_info    0x00000000000009f4      0xfa3 obj_haymakr_lufa/keymap_haymakr.o
 .debug_info    0x0000000000001997      0x4be obj_haymakr_lufa/matrix.o
 .debug_info    0x0000000000001e55       0x91 obj_haymakr_lufa/led.o
 .debug_info    0x0000000000001ee6     0x1895 obj_haymakr_lufa/protocol/lufa/lufa.o
 .debug_info    0x000000000000377b      0x9ab obj_haymakr_lufa/protocol/lufa/descriptor.o
 .debug_info    0x0000000000004126      0x18c obj_haymakr_lufa/protocol/lufa/LUFA-git/LUFA/Drivers/USB/Core/AVR8/Device_AVR8.o
 .debug_info    0x00000000000042b2     0x17d8 obj_haymakr_lufa/protocol/lufa/LUFA-git/LUFA/Drivers/USB/Core/AVR8/EndpointStream_AVR8.o
 .debug_info    0x0000000000005a8a      0x64a obj_haymakr_lufa/protocol/lufa/LUFA-git/LUFA/Drivers/USB/Core/AVR8/Endpoint_AVR8.o
 .debug_info    0x00000000000060d4      0x54a obj_haymakr_lufa/protocol/lufa/LUFA-git/LUFA/Drivers/USB/Core/AVR8/USBController_AVR8.o
 .debug_info    0x000000000000661e      0x875 obj_haymakr_lufa/protocol/lufa/LUFA-git/LUFA/Drivers/USB/Core/AVR8/USBInterrupt_AVR8.o
 .debug_info    0x0000000000006e93      0xa4a obj_haymakr_lufa/protocol/lufa/LUFA-git/LUFA/Drivers/USB/Core/DeviceStandardReq.o
 .debug_info    0x00000000000078dd      0x2a7 obj_haymakr_lufa/protocol/lufa/LUFA-git/LUFA/Drivers/USB/Core/USBTask.o
 .debug_info    0x0000000000007b84      0x7e8 obj_haymakr_lufa/common/host.o
 .debug_info    0x000000000000836c      0x6f1 obj_haymakr_lufa/common/keyboard.o
 .debug_info    0x0000000000008a5d      0x1e9 obj_haymakr_lufa/common/matrix.o
 .debug_info    0x0000000000008c46     0x1b01 obj_haymakr_lufa/common/action.o
 .debug_info    0x000000000000a747      0xf21 obj_haymakr_lufa/common/action_tapping.o
 .debug_info    0x000000000000b668      0xc13 obj_haymakr_lufa/common/action_macro.o
 .debug_info    0x000000000000c27b      0x953 obj_haymakr_lufa/common/action_layer.o
 .debug_info    0x000000000000cbce      0x8cd obj_haymakr_lufa/common/action_util.o
 .debug_info    0x000000000000d49b       0xda obj_haymakr_lufa/common/print.o
 .debug_info    0x000000000000d575      0x123 obj_haymakr_lufa/common/debug.o
 .debug_info    0x000000000000d698      0x2a2 obj_haymakr_lufa/common/util.o
 .debug_info    0x000000000000d93a      0x1eb obj_haymakr_lufa/common/hook.o
 .debug_info    0x000000000000db25      0x647 obj_haymakr_lufa/common/avr/suspend.o
 .debug_info    0x000000000000e16c      0x20c obj_haymakr_lufa/common/avr/timer.o
 .debug_info    0x000000000000e378      0x3a1 obj_haymakr_lufa/common/avr/bootloader.o
 .debug_info    0x000000000000e719     0x11d7 obj_haymakr_lufa/common/keymap.o
 .debug_info    0x000000000000f8f0     0x121a obj_haymakr_lufa/common/bootmagic.o
 .debug_info    0x0000000000010b0a      0x352 obj_haymakr_lufa/common/avr/eeconfig.o
 .debug_info    0x0000000000010e5c      0x98c obj_haymakr_lufa/common/mousekey.o
 .debug_info    0x00000000000117e8     0x1b57 obj_haymakr_lufa/common/command.o
 .debug_info    0x000000000001333f       0x26 /usr/local/Cellar/avr-gcc/7.2.0/lib/avr-gcc/7/gcc/avr/7.2.0/avr5/libgcc.a(_udivmodqi4.o)
 .debug_info    0x0000000000013365       0x26 /usr/local/Cellar/avr-gcc/7.2.0/lib/avr-gcc/7/gcc/avr/7.2.0/avr5/libgcc.a(_divmodhi4.o)
 .debug_info    0x000000000001338b       0x26 /usr/local/Cellar/avr-gcc/7.2.0/lib/avr-gcc/7/gcc/avr/7.2.0/avr5/libgcc.a(_exit.o)
 .debug_info    0x00000000000133b1       0x26 /usr/local/Cellar/avr-gcc/7.2.0/lib/avr-gcc/7/gcc/avr/7.2.0/avr5/libgcc.a(_tablejump2.o)
 .debug_info    0x00000000000133d7       0x26 /usr/local/Cellar/avr-gcc/7.2.0/lib/avr-gcc/7/gcc/avr/7.2.0/avr5/libgcc.a(_copy_data.o)
 .debug_info    0x00000000000133fd       0x26 /usr/local/Cellar/avr-gcc/7.2.0/lib/avr-gcc/7/gcc/avr/7.2.0/avr5/libgcc.a(_clear_bss.o)
 .debug_info    0x0000000000013423       0x26 /usr/local/Cellar/avr-gcc/7.2.0/lib/avr-gcc/7/gcc/avr/7.2.0/avr5/libgcc.a(_udivmodhi4.o)

.debug_abbrev   0x0000000000000000     0x4ee1
 *(.debug_abbrev)
 .debug_abbrev  0x0000000000000000      0x96a /usr/local/Cellar/avr-gcc/7.2.0/lib/avr-gcc/7/gcc/avr/7.2.0/../../../../../../avr/lib/avr5/crtatmega32u4.o
 .debug_abbrev  0x000000000000096a      0x1fb obj_haymakr_lufa/keymap_haymakr.o
 .debug_abbrev  0x0000000000000b65      0x2ac obj_haymakr_lufa/matrix.o
 .debug_abbrev  0x0000000000000e11       0x60 obj_haymakr_lufa/led.o
 .debug_abbrev  0x0000000000000e71      0x582 obj_haymakr_lufa/protocol/lufa/lufa.o
 .debug_abbrev  0x00000000000013f3      0x1d9 obj_haymakr_lufa/protocol/lufa/descriptor.o
 .debug_abbrev  0x00000000000015cc       0xb6 obj_haymakr_lufa/protocol/lufa/LUFA-git/LUFA/Drivers/USB/Core/AVR8/Device_AVR8.o
 .debug_abbrev  0x0000000000001682      0x20a obj_haymakr_lufa/protocol/lufa/LUFA-git/LUFA/Drivers/USB/Core/AVR8/EndpointStream_AVR8.o
 .debug_abbrev  0x000000000000188c      0x251 obj_haymakr_lufa/protocol/lufa/LUFA-git/LUFA/Drivers/USB/Core/AVR8/Endpoint_AVR8.o
 .debug_abbrev  0x0000000000001add      0x1af obj_haymakr_lufa/protocol/lufa/LUFA-git/LUFA/Drivers/USB/Core/AVR8/USBController_AVR8.o
 .debug_abbrev  0x0000000000001c8c      0x231 obj_haymakr_lufa/protocol/lufa/LUFA-git/LUFA/Drivers/USB/Core/AVR8/USBInterrupt_AVR8.o
 .debug_abbrev  0x0000000000001ebd      0x2ef obj_haymakr_lufa/protocol/lufa/LUFA-git/LUFA/Drivers/USB/Core/DeviceStandardReq.o
 .debug_abbrev  0x00000000000021ac      0x198 obj_haymakr_lufa/protocol/lufa/LUFA-git/LUFA/Drivers/USB/Core/USBTask.o
 .debug_abbrev  0x0000000000002344      0x279 obj_haymakr_lufa/common/host.o
 .debug_abbrev  0x00000000000025bd      0x255 obj_haymakr_lufa/common/keyboard.o
 .debug_abbrev  0x0000000000002812      0x165 obj_haymakr_lufa/common/matrix.o
 .debug_abbrev  0x0000000000002977      0x34c obj_haymakr_lufa/common/action.o
 .debug_abbrev  0x0000000000002cc3      0x303 obj_haymakr_lufa/common/action_tapping.o
 .debug_abbrev  0x0000000000002fc6      0x27d obj_haymakr_lufa/common/action_macro.o
 .debug_abbrev  0x0000000000003243      0x2e2 obj_haymakr_lufa/common/action_layer.o
 .debug_abbrev  0x0000000000003525      0x371 obj_haymakr_lufa/common/action_util.o
 .debug_abbrev  0x0000000000003896       0x97 obj_haymakr_lufa/common/print.o
 .debug_abbrev  0x000000000000392d       0xad obj_haymakr_lufa/common/debug.o
 .debug_abbrev  0x00000000000039da       0xcb obj_haymakr_lufa/common/util.o
 .debug_abbrev  0x0000000000003aa5      0x15e obj_haymakr_lufa/common/hook.o
 .debug_abbrev  0x0000000000003c03      0x2a5 obj_haymakr_lufa/common/avr/suspend.o
 .debug_abbrev  0x0000000000003ea8      0x12b obj_haymakr_lufa/common/avr/timer.o
 .debug_abbrev  0x0000000000003fd3      0x1ff obj_haymakr_lufa/common/avr/bootloader.o
 .debug_abbrev  0x00000000000041d2      0x2e0 obj_haymakr_lufa/common/keymap.o
 .debug_abbrev  0x00000000000044b2      0x2f0 obj_haymakr_lufa/common/bootmagic.o
 .debug_abbrev  0x00000000000047a2       0xc2 obj_haymakr_lufa/common/avr/eeconfig.o
 .debug_abbrev  0x0000000000004864      0x25b obj_haymakr_lufa/common/mousekey.o
 .debug_abbrev  0x0000000000004abf      0x396 obj_haymakr_lufa/common/command.o
 .debug_abbrev  0x0000000000004e55       0x14 /usr/local/Cellar/avr-gcc/7.2.0/lib/avr-gcc/7/gcc/avr/7.2.0/avr5/libgcc.a(_udivmodqi4.o)
 .debug_abbrev  0x0000000000004e69       0x14 /usr/local/Cellar/avr-gcc/7.2.0/lib/avr-gcc/7/gcc/avr/7.2.0/avr5/libgcc.a(_divmodhi4.o)
 .debug_abbrev  0x0000000000004e7d       0x14 /usr/local/Cellar/avr-gcc/7.2.0/lib/avr-gcc/7/gcc/avr/7.2.0/avr5/libgcc.a(_exit.o)
 .debug_abbrev  0x0000000000004e91       0x14 /usr/local/Cellar/avr-gcc/7.2.0/lib/avr-gcc/7/gcc/avr/7.2.0/avr5/libgcc.a(_tablejump2.o)
 .debug_abbrev  0x0000000000004ea5       0x14 /usr/local/Cellar/avr-gcc/7.2.0/lib/avr-gcc/7/gcc/avr/7.2.0/avr5/libgcc.a(_copy_data.o)
 .debug_abbrev  0x0000000000004eb9       0x14 /usr/local/Cellar/avr-gcc/7.2.0/lib/avr-gcc/7/gcc/avr/7.2.0/avr5/libgcc.a(_clear_bss.o)
 .debug_abbrev  0x0000000000004ecd       0x14 /usr/local/Cellar/avr-gcc/7.2.0/lib/avr-gcc/7/gcc/avr/7.2.0/avr5/libgcc.a(_udivmodhi4.o)

.debug_line     0x0000000000000000     0x8ed7
 *(.debug_line .debug_line.* .debug_line_end)
 .debug_line    0x0000000000000000       0x1d /usr/local/Cellar/avr-gcc/7.2.0/lib/avr-gcc/7/gcc/avr/7.2.0/../../../../../../avr/lib/avr5/crtatmega32u4.o
 .debug_line    0x000000000000001d      0x20b obj_haymakr_lufa/keymap_haymakr.o
 .debug_line    0x0000000000000228      0x362 obj_haymakr_lufa/matrix.o
 .debug_line    0x000000000000058a       0x8c obj_haymakr_lufa/led.o
 .debug_line    0x0000000000000616      0xb6b obj_haymakr_lufa/protocol/lufa/lufa.o
 .debug_line    0x0000000000001181      0x2b5 obj_haymakr_lufa/protocol/lufa/descriptor.o
 .debug_line    0x0000000000001436      0x1ea obj_haymakr_lufa/protocol/lufa/LUFA-git/LUFA/Drivers/USB/Core/AVR8/Device_AVR8.o
 .debug_line    0x0000000000001620     0x1450 obj_haymakr_lufa/protocol/lufa/LUFA-git/LUFA/Drivers/USB/Core/AVR8/EndpointStream_AVR8.o
 .debug_line    0x0000000000002a70      0x574 obj_haymakr_lufa/protocol/lufa/LUFA-git/LUFA/Drivers/USB/Core/AVR8/Endpoint_AVR8.o
 .debug_line    0x0000000000002fe4      0x39f obj_haymakr_lufa/protocol/lufa/LUFA-git/LUFA/Drivers/USB/Core/AVR8/USBController_AVR8.o
 .debug_line    0x0000000000003383      0x60d obj_haymakr_lufa/protocol/lufa/LUFA-git/LUFA/Drivers/USB/Core/AVR8/USBInterrupt_AVR8.o
 .debug_line    0x0000000000003990      0x523 obj_haymakr_lufa/protocol/lufa/LUFA-git/LUFA/Drivers/USB/Core/DeviceStandardReq.o
 .debug_line    0x0000000000003eb3      0x1e4 obj_haymakr_lufa/protocol/lufa/LUFA-git/LUFA/Drivers/USB/Core/USBTask.o
 .debug_line    0x0000000000004097      0x34f obj_haymakr_lufa/common/host.o
 .debug_line    0x00000000000043e6      0x32d obj_haymakr_lufa/common/keyboard.o
 .debug_line    0x0000000000004713      0x140 obj_haymakr_lufa/common/matrix.o
 .debug_line    0x0000000000004853      0xab7 obj_haymakr_lufa/common/action.o
 .debug_line    0x000000000000530a      0x597 obj_haymakr_lufa/common/action_tapping.o
 .debug_line    0x00000000000058a1      0x300 obj_haymakr_lufa/common/action_macro.o
 .debug_line    0x0000000000005ba1      0x33a obj_haymakr_lufa/common/action_layer.o
 .debug_line    0x0000000000005edb      0x4a8 obj_haymakr_lufa/common/action_util.o
 .debug_line    0x0000000000006383       0xb9 obj_haymakr_lufa/common/print.o
 .debug_line    0x000000000000643c       0xa8 obj_haymakr_lufa/common/debug.o
 .debug_line    0x00000000000064e4      0x2a7 obj_haymakr_lufa/common/util.o
 .debug_line    0x000000000000678b       0xdb obj_haymakr_lufa/common/hook.o
 .debug_line    0x0000000000006866      0x333 obj_haymakr_lufa/common/avr/suspend.o
 .debug_line    0x0000000000006b99      0x210 obj_haymakr_lufa/common/avr/timer.o
 .debug_line    0x0000000000006da9      0x2a4 obj_haymakr_lufa/common/avr/bootloader.o
 .debug_line    0x000000000000704d      0x4b2 obj_haymakr_lufa/common/keymap.o
 .debug_line    0x00000000000074ff      0x4dd obj_haymakr_lufa/common/bootmagic.o
 .debug_line    0x00000000000079dc      0x1b1 obj_haymakr_lufa/common/avr/eeconfig.o
 .debug_line    0x0000000000007b8d      0x765 obj_haymakr_lufa/common/mousekey.o
 .debug_line    0x00000000000082f2      0x7be obj_haymakr_lufa/common/command.o
 .debug_line    0x0000000000008ab0       0x9d /usr/local/Cellar/avr-gcc/7.2.0/lib/avr-gcc/7/gcc/avr/7.2.0/avr5/libgcc.a(_udivmodqi4.o)
 .debug_line    0x0000000000008b4d       0xc7 /usr/local/Cellar/avr-gcc/7.2.0/lib/avr-gcc/7/gcc/avr/7.2.0/avr5/libgcc.a(_divmodhi4.o)
 .debug_line    0x0000000000008c14       0x61 /usr/local/Cellar/avr-gcc/7.2.0/lib/avr-gcc/7/gcc/avr/7.2.0/avr5/libgcc.a(_exit.o)
 .debug_line    0x0000000000008c75       0x79 /usr/local/Cellar/avr-gcc/7.2.0/lib/avr-gcc/7/gcc/avr/7.2.0/avr5/libgcc.a(_tablejump2.o)
 .debug_line    0x0000000000008cee       0x97 /usr/local/Cellar/avr-gcc/7.2.0/lib/avr-gcc/7/gcc/avr/7.2.0/avr5/libgcc.a(_copy_data.o)
 .debug_line    0x0000000000008d85       0x85 /usr/local/Cellar/avr-gcc/7.2.0/lib/avr-gcc/7/gcc/avr/7.2.0/avr5/libgcc.a(_clear_bss.o)
 .debug_line    0x0000000000008e0a       0xcd /usr/local/Cellar/avr-gcc/7.2.0/lib/avr-gcc/7/gcc/avr/7.2.0/avr5/libgcc.a(_udivmodhi4.o)

.debug_frame    0x0000000000000000     0x1aec
 *(.debug_frame)
 .debug_frame   0x0000000000000000       0x24 obj_haymakr_lufa/keymap_haymakr.o
 .debug_frame   0x0000000000000024       0xc8 obj_haymakr_lufa/matrix.o
 .debug_frame   0x00000000000000ec       0x24 obj_haymakr_lufa/led.o
 .debug_frame   0x0000000000000110      0x188 obj_haymakr_lufa/protocol/lufa/lufa.o
 .debug_frame   0x0000000000000298       0x24 obj_haymakr_lufa/protocol/lufa/descriptor.o
 .debug_frame   0x00000000000002bc       0x24 obj_haymakr_lufa/protocol/lufa/LUFA-git/LUFA/Drivers/USB/Core/AVR8/Device_AVR8.o
 .debug_frame   0x00000000000002e0      0x474 obj_haymakr_lufa/protocol/lufa/LUFA-git/LUFA/Drivers/USB/Core/AVR8/EndpointStream_AVR8.o
 .debug_frame   0x0000000000000754       0x7c obj_haymakr_lufa/protocol/lufa/LUFA-git/LUFA/Drivers/USB/Core/AVR8/Endpoint_AVR8.o
 .debug_frame   0x00000000000007d0       0x5c obj_haymakr_lufa/protocol/lufa/LUFA-git/LUFA/Drivers/USB/Core/AVR8/USBController_AVR8.o
 .debug_frame   0x000000000000082c      0x104 obj_haymakr_lufa/protocol/lufa/LUFA-git/LUFA/Drivers/USB/Core/AVR8/USBInterrupt_AVR8.o
 .debug_frame   0x0000000000000930       0x3c obj_haymakr_lufa/protocol/lufa/LUFA-git/LUFA/Drivers/USB/Core/DeviceStandardReq.o
 .debug_frame   0x000000000000096c       0x2c obj_haymakr_lufa/protocol/lufa/LUFA-git/LUFA/Drivers/USB/Core/USBTask.o
 .debug_frame   0x0000000000000998      0x110 obj_haymakr_lufa/common/host.o
 .debug_frame   0x0000000000000aa8       0xb4 obj_haymakr_lufa/common/keyboard.o
 .debug_frame   0x0000000000000b5c       0xdc obj_haymakr_lufa/common/matrix.o
 .debug_frame   0x0000000000000c38      0x174 obj_haymakr_lufa/common/action.o
 .debug_frame   0x0000000000000dac       0xe8 obj_haymakr_lufa/common/action_tapping.o
 .debug_frame   0x0000000000000e94       0x50 obj_haymakr_lufa/common/action_macro.o
 .debug_frame   0x0000000000000ee4      0x1ec obj_haymakr_lufa/common/action_layer.o
 .debug_frame   0x00000000000010d0      0x170 obj_haymakr_lufa/common/action_util.o
 .debug_frame   0x0000000000001240       0x24 obj_haymakr_lufa/common/print.o
 .debug_frame   0x0000000000001264      0x110 obj_haymakr_lufa/common/util.o
 .debug_frame   0x0000000000001374       0x88 obj_haymakr_lufa/common/hook.o
 .debug_frame   0x00000000000013fc       0x90 obj_haymakr_lufa/common/avr/suspend.o
 .debug_frame   0x000000000000148c       0xcc obj_haymakr_lufa/common/avr/timer.o
 .debug_frame   0x0000000000001558       0x34 obj_haymakr_lufa/common/avr/bootloader.o
 .debug_frame   0x000000000000158c       0x74 obj_haymakr_lufa/common/keymap.o
 .debug_frame   0x0000000000001600       0x90 obj_haymakr_lufa/common/bootmagic.o
 .debug_frame   0x0000000000001690       0xb4 obj_haymakr_lufa/common/avr/eeconfig.o
 .debug_frame   0x0000000000001744       0xf0 obj_haymakr_lufa/common/mousekey.o
 .debug_frame   0x0000000000001834      0x2b8 obj_haymakr_lufa/common/command.o

.debug_str      0x0000000000000000     0x42f2
 *(.debug_str)
 .debug_str     0x0000000000000000      0x371 /usr/local/Cellar/avr-gcc/7.2.0/lib/avr-gcc/7/gcc/avr/7.2.0/../../../../../../avr/lib/avr5/crtatmega32u4.o
 .debug_str     0x0000000000000371     0x112e obj_haymakr_lufa/keymap_haymakr.o
                                       0x11e0 (size before relaxing)
 .debug_str     0x000000000000149f       0xdd obj_haymakr_lufa/matrix.o
                                        0x2eb (size before relaxing)
 .debug_str     0x000000000000157c       0x16 obj_haymakr_lufa/led.o
                                        0x1ab (size before relaxing)
 .debug_str     0x0000000000001592      0x7b3 obj_haymakr_lufa/protocol/lufa/lufa.o
                                        0xbd5 (size before relaxing)
 .debug_str     0x0000000000001d45      0x7d7 obj_haymakr_lufa/protocol/lufa/descriptor.o
                                        0xadd (size before relaxing)
 .debug_str     0x000000000000251c       0x7b obj_haymakr_lufa/protocol/lufa/LUFA-git/LUFA/Drivers/USB/Core/AVR8/Device_AVR8.o
                                        0x310 (size before relaxing)
 .debug_str     0x0000000000002597      0x4fd obj_haymakr_lufa/protocol/lufa/LUFA-git/LUFA/Drivers/USB/Core/AVR8/EndpointStream_AVR8.o