Archive member included to satisfy reference by file (symbol)

/usr/local/Cellar/avr-gcc/7.2.0/lib/avr-gcc/7/gcc/avr/7.2.0/../../../../../../avr/lib/avr5/libm.a(fixsfsi.o)
                              obj_haymakr_lufa/common/mousekey.o (__fixsfsi)
/usr/local/Cellar/avr-gcc/7.2.0/lib/avr-gcc/7/gcc/avr/7.2.0/../../../../../../avr/lib/avr5/libm.a(fixunssfsi.o)
                              /usr/local/Cellar/avr-gcc/7.2.0/lib/avr-gcc/7/gcc/avr/7.2.0/../../../../../../avr/lib/avr5/libm.a(fixsfsi.o) (__fixunssfsi)
/usr/local/Cellar/avr-gcc/7.2.0/lib/avr-gcc/7/gcc/avr/7.2.0/../../../../../../avr/lib/avr5/libm.a(floatsisf.o)
                              obj_haymakr_lufa/common/mousekey.o (__floatsisf)
/usr/local/Cellar/avr-gcc/7.2.0/lib/avr-gcc/7/gcc/avr/7.2.0/../../../../../../avr/lib/avr5/libm.a(fp_split3.o)
                              /usr/local/Cellar/avr-gcc/7.2.0/lib/avr-gcc/7/gcc/avr/7.2.0/../../../../../../avr/lib/avr5/libm.a(fixunssfsi.o) (__fp_splitA)
/usr/local/Cellar/avr-gcc/7.2.0/lib/avr-gcc/7/gcc/avr/7.2.0/../../../../../../avr/lib/avr5/libm.a(fp_zero.o)
                              /usr/local/Cellar/avr-gcc/7.2.0/lib/avr-gcc/7/gcc/avr/7.2.0/../../../../../../avr/lib/avr5/libm.a(fixunssfsi.o) (__fp_zero)
/usr/local/Cellar/avr-gcc/7.2.0/lib/avr-gcc/7/gcc/avr/7.2.0/../../../../../../avr/lib/avr5/libm.a(mulsf3.o)
                              obj_haymakr_lufa/common/mousekey.o (__mulsf3)
/usr/local/Cellar/avr-gcc/7.2.0/lib/avr-gcc/7/gcc/avr/7.2.0/../../../../../../avr/lib/avr5/libm.a(mulsf3x.o)
                              /usr/local/Cellar/avr-gcc/7.2.0/lib/avr-gcc/7/gcc/avr/7.2.0/../../../../../../avr/lib/avr5/libm.a(mulsf3.o) (__mulsf3x)
/usr/local/Cellar/avr-gcc/7.2.0/lib/avr-gcc/7/gcc/avr/7.2.0/../../../../../../avr/lib/avr5/libm.a(fp_inf.o)
                              /usr/local/Cellar/avr-gcc/7.2.0/lib/avr-gcc/7/gcc/avr/7.2.0/../../../../../../avr/lib/avr5/libm.a(mulsf3x.o) (__fp_inf)
/usr/local/Cellar/avr-gcc/7.2.0/lib/avr-gcc/7/gcc/avr/7.2.0/../../../../../../avr/lib/avr5/libm.a(fp_nan.o)
                              /usr/local/Cellar/avr-gcc/7.2.0/lib/avr-gcc/7/gcc/avr/7.2.0/../../../../../../avr/lib/avr5/libm.a(mulsf3x.o) (__fp_nan)
/usr/local/Cellar/avr-gcc/7.2.0/lib/avr-gcc/7/gcc/avr/7.2.0/../../../../../../avr/lib/avr5/libm.a(fp_pscA.o)
                              /usr/local/Cellar/avr-gcc/7.2.0/lib/avr-gcc/7/gcc/avr/7.2.0/../../../../../../avr/lib/avr5/libm.a(mulsf3x.o) (__fp_pscA)
/usr/local/Cellar/avr-gcc/7.2.0/lib/avr-gcc/7/gcc/avr/7.2.0/../../../../../../avr/lib/avr5/libm.a(fp_pscB.o)
                              /usr/local/Cellar/avr-gcc/7.2.0/lib/avr-gcc/7/gcc/avr/7.2.0/../../../../../../avr/lib/avr5/libm.a(mulsf3x.o) (__fp_pscB)
/usr/local/Cellar/avr-gcc/7.2.0/lib/avr-gcc/7/gcc/avr/7.2.0/../../../../../../avr/lib/avr5/libm.a(fp_round.o)
                              /usr/local/Cellar/avr-gcc/7.2.0/lib/avr-gcc/7/gcc/avr/7.2.0/../../../../../../avr/lib/avr5/libm.a(mulsf3.o) (__fp_round)
/usr/local/Cellar/avr-gcc/7.2.0/lib/avr-gcc/7/gcc/avr/7.2.0/avr5/libgcc.a(_udivmodqi4.o)
                              obj_haymakr_lufa/protocol/lufa/lufa.o (__udivmodqi4)
/usr/local/Cellar/avr-gcc/7.2.0/lib/avr-gcc/7/gcc/avr/7.2.0/avr5/libgcc.a(_divmodhi4.o)
                              obj_haymakr_lufa/common/mousekey.o (__divmodhi4)
/usr/local/Cellar/avr-gcc/7.2.0/lib/avr-gcc/7/gcc/avr/7.2.0/avr5/libgcc.a(_exit.o)
                              /usr/local/Cellar/avr-gcc/7.2.0/lib/avr-gcc/7/gcc/avr/7.2.0/../../../../../../avr/lib/avr5/crtatmega32u4.o (exit)
/usr/local/Cellar/avr-gcc/7.2.0/lib/avr-gcc/7/gcc/avr/7.2.0/avr5/libgcc.a(_tablejump2.o)
                              obj_haymakr_lufa/protocol/lufa/LUFA-git/LUFA/Drivers/USB/Core/DeviceStandardReq.o (__tablejump2__)
/usr/local/Cellar/avr-gcc/7.2.0/lib/avr-gcc/7/gcc/avr/7.2.0/avr5/libgcc.a(_copy_data.o)
                              obj_haymakr_lufa/matrix.o (__do_copy_data)
/usr/local/Cellar/avr-gcc/7.2.0/lib/avr-gcc/7/gcc/avr/7.2.0/avr5/libgcc.a(_clear_bss.o)
                              obj_haymakr_lufa/matrix.o (__do_clear_bss)
/usr/local/Cellar/avr-gcc/7.2.0/lib/avr-gcc/7/gcc/avr/7.2.0/avr5/libgcc.a(_udivmodhi4.o)
                              /usr/local/Cellar/avr-gcc/7.2.0/lib/avr-gcc/7/gcc/avr/7.2.0/avr5/libgcc.a(_divmodhi4.o) (__udivmodhi4)
/usr/local/Cellar/avr-gcc/7.2.0/lib/avr-gcc/7/gcc/avr/7.2.0/../../../../../../avr/lib/avr5/libatmega32u4.a(eerd_byte.o)
                              obj_haymakr_lufa/protocol/lufa/LUFA-git/LUFA/Drivers/USB/Core/AVR8/EndpointStream_AVR8.o (eeprom_read_byte)
/usr/local/Cellar/avr-gcc/7.2.0/lib/avr-gcc/7/gcc/avr/7.2.0/../../../../../../avr/lib/avr5/libatmega32u4.a(eerd_word.o)
                              obj_haymakr_lufa/common/avr/eeconfig.o (eeprom_read_word)
/usr/local/Cellar/avr-gcc/7.2.0/lib/avr-gcc/7/gcc/avr/7.2.0/../../../../../../avr/lib/avr5/libatmega32u4.a(eeupd_byte.o)
[...]
Memory Configuration

Name             Origin             Length             Attributes
text             0x0000000000000000 0x0000000000020000 xr
data             0x0000000000800060 0x000000000000ffa0 rw !x
eeprom           0x0000000000810000 0x0000000000010000 rw !x
fuse             0x0000000000820000 0x0000000000000400 rw !x
lock             0x0000000000830000 0x0000000000000400 rw !x
signature        0x0000000000840000 0x0000000000000400 rw !x
user_signatures  0x0000000000850000 0x0000000000000400 rw !x
*default*        0x0000000000000000 0xffffffffffffffff

Linker script and memory map

Address of section .data set to 0x800100
LOAD /usr/local/Cellar/avr-gcc/7.2.0/lib/avr-gcc/7/gcc/avr/7.2.0/../../../../../../avr/lib/avr5/crtatmega32u4.o
LOAD obj_haymakr_lufa/keymap_haymakr.o
LOAD obj_haymakr_lufa/matrix.o
LOAD obj_haymakr_lufa/led.o
LOAD obj_haymakr_lufa/protocol/lufa/lufa.o
LOAD obj_haymakr_lufa/protocol/lufa/descriptor.o
LOAD obj_haymakr_lufa/protocol/lufa/LUFA-git/LUFA/Drivers/USB/Class/Common/HIDParser.o
LOAD obj_haymakr_lufa/protocol/lufa/LUFA-git/LUFA/Drivers/USB/Core/AVR8/Device_AVR8.o
LOAD obj_haymakr_lufa/protocol/lufa/LUFA-git/LUFA/Drivers/USB/Core/AVR8/EndpointStream_AVR8.o
LOAD obj_haymakr_lufa/protocol/lufa/LUFA-git/LUFA/Drivers/USB/Core/AVR8/Endpoint_AVR8.o
LOAD obj_haymakr_lufa/protocol/lufa/LUFA-git/LUFA/Drivers/USB/Core/AVR8/Host_AVR8.o
LOAD obj_haymakr_lufa/protocol/lufa/LUFA-git/LUFA/Drivers/USB/Core/AVR8/PipeStream_AVR8.o
LOAD obj_haymakr_lufa/protocol/lufa/LUFA-git/LUFA/Drivers/USB/Core/AVR8/Pipe_AVR8.o
LOAD obj_haymakr_lufa/protocol/lufa/LUFA-git/LUFA/Drivers/USB/Core/AVR8/USBController_AVR8.o
LOAD obj_haymakr_lufa/protocol/lufa/LUFA-git/LUFA/Drivers/USB/Core/AVR8/USBInterrupt_AVR8.o
LOAD obj_haymakr_lufa/protocol/lufa/LUFA-git/LUFA/Drivers/USB/Core/ConfigDescriptors.o
LOAD obj_haymakr_lufa/protocol/lufa/LUFA-git/LUFA/Drivers/USB/Core/DeviceStandardReq.o
LOAD obj_haymakr_lufa/protocol/lufa/LUFA-git/LUFA/Drivers/USB/Core/Events.o
LOAD obj_haymakr_lufa/protocol/lufa/LUFA-git/LUFA/Drivers/USB/Core/HostStandardReq.o
LOAD obj_haymakr_lufa/protocol/lufa/LUFA-git/LUFA/Drivers/USB/Core/USBTask.o
LOAD obj_haymakr_lufa/common/host.o
LOAD obj_haymakr_lufa/common/keyboard.o
LOAD obj_haymakr_lufa/common/matrix.o
LOAD obj_haymakr_lufa/common/action.o
LOAD obj_haymakr_lufa/common/action_tapping.o
LOAD obj_haymakr_lufa/common/action_macro.o
LOAD obj_haymakr_lufa/common/action_layer.o
LOAD obj_haymakr_lufa/common/action_util.o
LOAD obj_haymakr_lufa/common/print.o
LOAD obj_haymakr_lufa/common/debug.o
LOAD obj_haymakr_lufa/common/util.o
LOAD obj_haymakr_lufa/common/hook.o
LOAD obj_haymakr_lufa/common/avr/suspend.o
LOAD obj_haymakr_lufa/common/avr/xprintf.o
LOAD obj_haymakr_lufa/common/avr/timer.o
LOAD obj_haymakr_lufa/common/avr/bootloader.o
LOAD obj_haymakr_lufa/common/keymap.o
LOAD obj_haymakr_lufa/common/bootmagic.o
LOAD obj_haymakr_lufa/common/avr/eeconfig.o
LOAD obj_haymakr_lufa/common/mousekey.o
LOAD obj_haymakr_lufa/common/command.o
LOAD /usr/local/Cellar/avr-gcc/7.2.0/lib/avr-gcc/7/gcc/avr/7.2.0/../../../../../../avr/lib/avr5/libm.a
START GROUP
LOAD /usr/local/Cellar/avr-gcc/7.2.0/lib/avr-gcc/7/gcc/avr/7.2.0/avr5/libgcc.a
LOAD /usr/local/Cellar/avr-gcc/7.2.0/lib/avr-gcc/7/gcc/avr/7.2.0/../../../../../../avr/lib/avr5/libm.a
LOAD /usr/local/Cellar/avr-gcc/7.2.0/lib/avr-gcc/7/gcc/avr/7.2.0/../../../../../../avr/lib/avr5/libc.a
LOAD /usr/local/Cellar/avr-gcc/7.2.0/lib/avr-gcc/7/gcc/avr/7.2.0/../../../../../../avr/lib/avr5/libatmega32u4.a
END GROUP
                0x0000000000020000                __TEXT_REGION_LENGTH__ = DEFINED (__TEXT_REGION_LENGTH__)?__TEXT_REGION_LENGTH__:0x20000
                0x000000000000ffa0                __DATA_REGION_LENGTH__ = DEFINED (__DATA_REGION_LENGTH__)?__DATA_REGION_LENGTH__:0xffa0
                0x0000000000010000                __EEPROM_REGION_LENGTH__ = DEFINED (__EEPROM_REGION_LENGTH__)?__EEPROM_REGION_LENGTH__:0x10000
                0x0000000000000400                __FUSE_REGION_LENGTH__ = DEFINED (__FUSE_REGION_LENGTH__)?__FUSE_REGION_LENGTH__:0x400
                0x0000000000000400                __LOCK_REGION_LENGTH__ = DEFINED (__LOCK_REGION_LENGTH__)?__LOCK_REGION_LENGTH__:0x400
                0x0000000000000400                __SIGNATURE_REGION_LENGTH__ = DEFINED (__SIGNATURE_REGION_LENGTH__)?__SIGNATURE_REGION_LENGTH__:0x400
                0x0000000000000400                __USER_SIGNATURE_REGION_LENGTH__ = DEFINED (__USER_SIGNATURE_REGION_LENGTH__)?__USER_SIGNATURE_REGION_LENGTH__:0x400

.hash
 *(.hash)

.dynsym
 *(.dynsym)

.dynstr
 *(.dynstr)

.gnu.version
 *(.gnu.version)

.gnu.version_d
 *(.gnu.version_d)

.gnu.version_r
 *(.gnu.version_r)

.rel.init
 *(.rel.init)

.rela.init
 *(.rela.init)

.rel.text
 *(.rel.text)
 *(.rel.text.*)
 *(.rel.gnu.linkonce.t*)

.rela.text
 *(.rela.text)
 *(.rela.text.*)
 *(.rela.gnu.linkonce.t*)

.rel.fini
 *(.rel.fini)

.rela.fini
 *(.rela.fini)

.rel.rodata
 *(.rel.rodata)
 *(.rel.rodata.*)
 *(.rel.gnu.linkonce.r*)

.rela.rodata
 *(.rela.rodata)
 *(.rela.rodata.*)
 *(.rela.gnu.linkonce.r*)

.rel.data
 *(.rel.data)
 *(.rel.data.*)
 *(.rel.gnu.linkonce.d*)

.rela.data
 *(.rela.data)
 *(.rela.data.*)
 *(.rela.gnu.linkonce.d*)

.rel.ctors
 *(.rel.ctors)

.rela.ctors
 *(.rela.ctors)

.rel.dtors
 *(.rel.dtors)

.rela.dtors
 *(.rela.dtors)

.rel.got
 *(.rel.got)

.rela.got
 *(.rela.got)

.rel.bss
 *(.rel.bss)

.rela.bss
 *(.rela.bss)

.rel.plt
 *(.rel.plt)

.rela.plt
 *(.rela.plt)

.text           0x0000000000000000     0x5844
 *(.vectors)
 .vectors       0x0000000000000000       0xac /usr/local/Cellar/avr-gcc/7.2.0/lib/avr-gcc/7/gcc/avr/7.2.0/../../../../../../avr/lib/avr5/crtatmega32u4.o
                0x0000000000000000                __vectors
                0x0000000000000000                __vector_default
 *(.vectors)
 *(.progmem.gcc*)
                0x00000000000000ac                . = ALIGN (0x2)
                0x00000000000000ac                __trampolines_start = .
 *(.trampolines)
 .trampolines   0x00000000000000ac        0x0 linker stubs
 *(.trampolines*)
                0x00000000000000ac                __trampolines_end = .
 *libprintf_flt.a:*(.progmem.data)
 *libc.a:*(.progmem.data)
 *(.progmem*)
 .progmem.data.__m.4738
                0x00000000000000ac       0x51 obj_haymakr_lufa/keymap_haymakr.o
 .progmem.data.__m.4735
                0x00000000000000fd       0x45 obj_haymakr_lufa/keymap_haymakr.o
 .progmem.data.__m.4732
                0x0000000000000142       0x59 obj_haymakr_lufa/keymap_haymakr.o
 .progmem.data.__m.4729
                0x000000000000019b       0x29 obj_haymakr_lufa/keymap_haymakr.o
 .progmem.data.fn_actions
                0x00000000000001c4       0x30 obj_haymakr_lufa/keymap_haymakr.o
                0x00000000000001c4                fn_actions
 .progmem.data.keymaps
                0x00000000000001f4      0x12c obj_haymakr_lufa/keymap_haymakr.o
                0x00000000000001f4                keymaps
 .progmem.data.__c.1891
                0x0000000000000320        0x2 obj_haymakr_lufa/matrix.o
 .progmem.data.__c.1889
                0x0000000000000322        0x5 obj_haymakr_lufa/matrix.o
 .progmem.data.__c.1887
                0x0000000000000327        0xa obj_haymakr_lufa/matrix.o
 .progmem.data.__c.4940
                0x0000000000000331       0x11 obj_haymakr_lufa/protocol/lufa/lufa.o
 .progmem.data.__c.4938
                0x0000000000000342       0x11 obj_haymakr_lufa/protocol/lufa/lufa.o
 .progmem.data.__c.4933
                0x0000000000000353        0x8 obj_haymakr_lufa/protocol/lufa/lufa.o
 .progmem.data.__c.4827
                0x000000000000035b        0x4 obj_haymakr_lufa/protocol/lufa/lufa.o
 .progmem.data.__c.4822
                0x000000000000035f        0x4 obj_haymakr_lufa/protocol/lufa/lufa.o
 .progmem.data.ProductString
                0x0000000000000363        0xc obj_haymakr_lufa/protocol/lufa/descriptor.o
                0x0000000000000363                ProductString
 .progmem.data.ManufacturerString
                0x000000000000036f       0x14 obj_haymakr_lufa/protocol/lufa/descriptor.o
                0x000000000000036f                ManufacturerString
 .progmem.data.LanguageString
                0x0000000000000383        0x4 obj_haymakr_lufa/protocol/lufa/descriptor.o
                0x0000000000000383                LanguageString
 .progmem.data.ConfigurationDescriptor
                0x0000000000000387       0x8d obj_haymakr_lufa/protocol/lufa/descriptor.o
                0x0000000000000387                ConfigurationDescriptor
 .progmem.data.DeviceDescriptor
                0x0000000000000414       0x12 obj_haymakr_lufa/protocol/lufa/descriptor.o
                0x0000000000000414                DeviceDescriptor
 .progmem.data.NKROReport
                0x0000000000000426       0x39 obj_haymakr_lufa/protocol/lufa/descriptor.o
                0x0000000000000426                NKROReport
 .progmem.data.ConsoleReport
                0x000000000000045f       0x22 obj_haymakr_lufa/protocol/lufa/descriptor.o
                0x000000000000045f                ConsoleReport
 .progmem.data.ExtrakeyReport
                0x0000000000000481       0x36 obj_haymakr_lufa/protocol/lufa/descriptor.o
                0x0000000000000481                ExtrakeyReport
 .progmem.data.MouseReport
                0x00000000000004b7       0x4d obj_haymakr_lufa/protocol/lufa/descriptor.o
                0x00000000000004b7                MouseReport
 .progmem.data.KeyboardReport
                0x0000000000000504       0x40 obj_haymakr_lufa/protocol/lufa/descriptor.o
                0x0000000000000504                KeyboardReport
 .progmem.data.__c.4546
                0x0000000000000544       0x10 obj_haymakr_lufa/common/host.o
 .progmem.data.__c.4541
                0x0000000000000554        0xe obj_haymakr_lufa/common/host.o
 .progmem.data.__c.4533
                0x0000000000000562        0x2 obj_haymakr_lufa/common/host.o
 .progmem.data.__c.4528
                0x0000000000000564        0x6 obj_haymakr_lufa/common/host.o
 .progmem.data.__c.4525
                0x000000000000056a        0xb obj_haymakr_lufa/common/host.o
 .progmem.data.__c.4888
                0x0000000000000575        0xb obj_haymakr_lufa/common/keyboard.o
 .progmem.data.__c.1747
                0x0000000000000580        0xf obj_haymakr_lufa/common/matrix.o
 .progmem.data.__c.1744
                0x000000000000058f       0x16 obj_haymakr_lufa/common/matrix.o
 .progmem.data.__c.4673
                0x00000000000005a5       0x1e obj_haymakr_lufa/common/action_util.o
 .progmem.data.__c.4668
                0x00000000000005c3       0x1e obj_haymakr_lufa/common/action_util.o
 .progmem.data.__c.4840
                0x00000000000005e1        0x7 obj_haymakr_lufa/common/bootmagic.o
 .progmem.data.__c.4834
                0x00000000000005e8       0x15 obj_haymakr_lufa/common/bootmagic.o
 .progmem.data.__c.4605
                0x00000000000005fd        0x3 obj_haymakr_lufa/common/mousekey.o
 .progmem.data.__c.4603
                0x0000000000000600        0x3 obj_haymakr_lufa/common/mousekey.o
 .progmem.data.__c.4601
                0x0000000000000603        0x2 obj_haymakr_lufa/common/mousekey.o
 .progmem.data.__c.4599
                0x0000000000000605        0x3 obj_haymakr_lufa/common/mousekey.o
 .progmem.data.__c.4597
                0x0000000000000608        0x3 obj_haymakr_lufa/common/mousekey.o
 .progmem.data.__c.4595
                0x000000000000060b        0x3 obj_haymakr_lufa/common/mousekey.o
 .progmem.data.__c.4593
                0x000000000000060e        0x2 obj_haymakr_lufa/common/mousekey.o
 .progmem.data.__c.4591
                0x0000000000000610        0x3 obj_haymakr_lufa/common/mousekey.o
 .progmem.data.__c.4589
                0x0000000000000613        0x2 obj_haymakr_lufa/common/mousekey.o
 .progmem.data.__c.4587
                0x0000000000000615        0x3 obj_haymakr_lufa/common/mousekey.o
 .progmem.data.__c.4585
                0x0000000000000618        0x2 obj_haymakr_lufa/common/mousekey.o
 .progmem.data.__c.4583
                0x000000000000061a        0x3 obj_haymakr_lufa/common/mousekey.o
 .progmem.data.__c.4581
                0x000000000000061d        0x2 obj_haymakr_lufa/common/mousekey.o
 .progmem.data.__c.4579
                0x000000000000061f        0x5 obj_haymakr_lufa/common/mousekey.o
 .progmem.data.__c.4577
                0x0000000000000624       0x23 obj_haymakr_lufa/common/mousekey.o
 .progmem.data.__c.5213
                0x0000000000000647       0x1b obj_haymakr_lufa/common/command.o
 .progmem.data.__c.5210
                0x0000000000000662       0x19 obj_haymakr_lufa/common/command.o
 .progmem.data.__c.5207
                0x000000000000067b       0x15 obj_haymakr_lufa/common/command.o
 .progmem.data.__c.5204
                0x0000000000000690       0x13 obj_haymakr_lufa/common/command.o
 .progmem.data.__c.5201
                0x00000000000006a3       0x12 obj_haymakr_lufa/common/command.o
 .progmem.data.__c.5197
                0x00000000000006b5        0xf obj_haymakr_lufa/common/command.o
 .progmem.data.__c.5190
                0x00000000000006c4       0x1b obj_haymakr_lufa/common/command.o
 .progmem.data.__c.5187
                0x00000000000006df       0x19 obj_haymakr_lufa/common/command.o
 .progmem.data.__c.5184
                0x00000000000006f8       0x15 obj_haymakr_lufa/common/command.o
 .progmem.data.__c.5181
                0x000000000000070d       0x13 obj_haymakr_lufa/common/command.o
 .progmem.data.__c.5178
                0x0000000000000720       0x12 obj_haymakr_lufa/common/command.o
 .progmem.data.__c.5174
                0x0000000000000732        0xf obj_haymakr_lufa/common/command.o
 .progmem.data.__c.5167
                0x0000000000000741        0x2 obj_haymakr_lufa/common/command.o
 .progmem.data.__c.5165
                0x0000000000000743        0x3 obj_haymakr_lufa/common/command.o
 .progmem.data.__c.5163
                0x0000000000000746       0x17 obj_haymakr_lufa/common/command.o
 .progmem.data.__c.5161
                0x000000000000075d        0x2 obj_haymakr_lufa/common/command.o
 .progmem.data.__c.5159
                0x000000000000075f        0x3 obj_haymakr_lufa/common/command.o
 .progmem.data.__c.5157
                0x0000000000000762       0x15 obj_haymakr_lufa/common/command.o
 .progmem.data.__c.5155
                0x0000000000000777        0x2 obj_haymakr_lufa/common/command.o
 .progmem.data.__c.5153
                0x0000000000000779        0x3 obj_haymakr_lufa/common/command.o
 .progmem.data.__c.5151
                0x000000000000077c       0x11 obj_haymakr_lufa/common/command.o
 .progmem.data.__c.5149
                0x000000000000078d        0x2 obj_haymakr_lufa/common/command.o
 .progmem.data.__c.5147
                0x000000000000078f        0x3 obj_haymakr_lufa/common/command.o
 .progmem.data.__c.5145
                0x0000000000000792        0xf obj_haymakr_lufa/common/command.o
 .progmem.data.__c.5143
                0x00000000000007a1        0x2 obj_haymakr_lufa/common/command.o
 .progmem.data.__c.5141
                0x00000000000007a3        0x3 obj_haymakr_lufa/common/command.o
 .progmem.data.__c.5139
                0x00000000000007a6       0x12 obj_haymakr_lufa/common/command.o
 .progmem.data.__c.5137
                0x00000000000007b8        0x2 obj_haymakr_lufa/common/command.o
 .progmem.data.__c.5135
                0x00000000000007ba        0x3 obj_haymakr_lufa/common/command.o
 .progmem.data.__c.5133
                0x00000000000007bd       0x12 obj_haymakr_lufa/common/command.o
 .progmem.data.__c.5131
                0x00000000000007cf        0xe obj_haymakr_lufa/common/command.o
 .progmem.data.__c.5251
                0x00000000000007dd        0x3 obj_haymakr_lufa/common/command.o
 .progmem.data.__c.5249
                0x00000000000007e0        0x6 obj_haymakr_lufa/common/command.o
 .progmem.data.__c.5247
                0x00000000000007e6        0x2 obj_haymakr_lufa/common/command.o
 .progmem.data.__c.5244
                0x00000000000007e8        0xd obj_haymakr_lufa/common/command.o
 .progmem.data.__c.5230
                0x00000000000007f5        0x4 obj_haymakr_lufa/common/command.o
 .progmem.data.__c.5220
                0x00000000000007f9       0x4e obj_haymakr_lufa/common/command.o
 .progmem.data.__c.5218
                0x0000000000000847       0xfb obj_haymakr_lufa/common/command.o
 .progmem.data.__c.5123
                0x0000000000000942        0x2 obj_haymakr_lufa/common/command.o
 .progmem.data.__c.5120
                0x0000000000000944        0x4 obj_haymakr_lufa/common/command.o
 .progmem.data.__c.5125
                0x0000000000000948        0x4 obj_haymakr_lufa/common/command.o
 .progmem.data.__c.5269
                0x000000000000094c        0x5 obj_haymakr_lufa/common/command.o
 .progmem.data.__c.5109
                0x0000000000000951       0x27 obj_haymakr_lufa/common/command.o
 .progmem.data.__c.4934
                0x0000000000000978       0xa5 obj_haymakr_lufa/common/command.o
 .progmem.data.__c.5029
                0x0000000000000a1d        0x2 obj_haymakr_lufa/common/command.o
 .progmem.data.__c.5027
                0x0000000000000a1f        0x3 obj_haymakr_lufa/common/command.o
 .progmem.data.__c.5025
                0x0000000000000a22        0x8 obj_haymakr_lufa/common/command.o
 .progmem.data.__c.5023
                0x0000000000000a2a        0x2 obj_haymakr_lufa/common/command.o
 .progmem.data.__c.5021
                0x0000000000000a2c        0x3 obj_haymakr_lufa/common/command.o
 .progmem.data.__c.5019
                0x0000000000000a2f       0x1c obj_haymakr_lufa/common/command.o
 .progmem.data.__c.5017
                0x0000000000000a4b        0x2 obj_haymakr_lufa/common/command.o
 .progmem.data.__c.5015
                0x0000000000000a4d        0x3 obj_haymakr_lufa/common/command.o
 .progmem.data.__c.5013
                0x0000000000000a50       0x12 obj_haymakr_lufa/common/command.o
 .progmem.data.__c.5011
                0x0000000000000a62        0x2 obj_haymakr_lufa/common/command.o
 .progmem.data.__c.5009
                0x0000000000000a64        0x3 obj_haymakr_lufa/common/command.o
 .progmem.data.__c.5007
                0x0000000000000a67        0xa obj_haymakr_lufa/common/command.o
 .progmem.data.__c.5005
                0x0000000000000a71        0x2 obj_haymakr_lufa/common/command.o
 .progmem.data.__c.5003
                0x0000000000000a73        0x3 obj_haymakr_lufa/common/command.o
 .progmem.data.__c.5001
                0x0000000000000a76       0x12 obj_haymakr_lufa/common/command.o
 .progmem.data.__c.4999
                0x0000000000000a88        0x2 obj_haymakr_lufa/common/command.o
 .progmem.data.__c.4997
                0x0000000000000a8a        0x3 obj_haymakr_lufa/common/command.o
 .progmem.data.__c.4995
                0x0000000000000a8d       0x12 obj_haymakr_lufa/common/command.o
 .progmem.data.__c.4993
                0x0000000000000a9f        0x2 obj_haymakr_lufa/common/command.o
 .progmem.data.__c.4991
                0x0000000000000aa1        0x3 obj_haymakr_lufa/common/command.o
 .progmem.data.__c.4989
                0x0000000000000aa4       0x17 obj_haymakr_lufa/common/command.o
 .progmem.data.__c.4987
                0x0000000000000abb        0x2 obj_haymakr_lufa/common/command.o
 .progmem.data.__c.4985
                0x0000000000000abd        0x3 obj_haymakr_lufa/common/command.o
 .progmem.data.__c.4983
                0x0000000000000ac0       0x19 obj_haymakr_lufa/common/command.o
 .progmem.data.__c.4981
                0x0000000000000ad9        0x2 obj_haymakr_lufa/common/command.o
 .progmem.data.__c.4979
                0x0000000000000adb        0x5 obj_haymakr_lufa/common/command.o
 .progmem.data.__c.4977
                0x0000000000000ae0       0x14 obj_haymakr_lufa/common/command.o
 .progmem.data.__c.4974
                0x0000000000000af4        0x2 obj_haymakr_lufa/common/command.o
 .progmem.data.__c.4972
                0x0000000000000af6        0x3 obj_haymakr_lufa/common/command.o
 .progmem.data.__c.4970
                0x0000000000000af9        0x9 obj_haymakr_lufa/common/command.o
 .progmem.data.__c.4968
                0x0000000000000b02        0x2 obj_haymakr_lufa/common/command.o
 .progmem.data.__c.4966
                0x0000000000000b04        0x3 obj_haymakr_lufa/common/command.o
 .progmem.data.__c.4964
                0x0000000000000b07        0xc obj_haymakr_lufa/common/command.o
 .progmem.data.__c.4962
                0x0000000000000b13        0x2 obj_haymakr_lufa/common/command.o
 .progmem.data.__c.4960
                0x0000000000000b15        0x3 obj_haymakr_lufa/common/command.o
 .progmem.data.__c.4958
                0x0000000000000b18        0xa obj_haymakr_lufa/common/command.o
 .progmem.data.__c.4956
                0x0000000000000b22        0x2 obj_haymakr_lufa/common/command.o
 .progmem.data.__c.4954
                0x0000000000000b24        0x3 obj_haymakr_lufa/common/command.o
 .progmem.data.__c.4952
                0x0000000000000b27        0xa obj_haymakr_lufa/common/command.o
 .progmem.data.__c.4950
                0x0000000000000b31        0x2 obj_haymakr_lufa/common/command.o
 .progmem.data.__c.4948
                0x0000000000000b33        0x5 obj_haymakr_lufa/common/command.o
 .progmem.data.__c.4946
                0x0000000000000b38       0x13 obj_haymakr_lufa/common/command.o
 .progmem.data.__c.4943
                0x0000000000000b4b        0x2 obj_haymakr_lufa/common/command.o
 .progmem.data.__c.4941
                0x0000000000000b4d        0x3 obj_haymakr_lufa/common/command.o
 .progmem.data.__c.4939
                0x0000000000000b50       0x10 obj_haymakr_lufa/common/command.o
 .progmem.data.__c.5104
                0x0000000000000b60        0x2 obj_haymakr_lufa/common/command.o
 .progmem.data.__c.5095
                0x0000000000000b62        0xb obj_haymakr_lufa/common/command.o
 .progmem.data.__c.5093
                0x0000000000000b6d        0xa obj_haymakr_lufa/common/command.o
 .progmem.data.__c.5090
                0x0000000000000b77       0x17 obj_haymakr_lufa/common/command.o
 .progmem.data.__c.5088
                0x0000000000000b8e       0x13 obj_haymakr_lufa/common/command.o
 .progmem.data.__c.5086
                0x0000000000000ba1       0x13 obj_haymakr_lufa/common/command.o
 .progmem.data.__c.5084
                0x0000000000000bb4       0x17 obj_haymakr_lufa/common/command.o
 .progmem.data.__c.5082
                0x0000000000000bcb       0x1a obj_haymakr_lufa/common/command.o
 .progmem.data.__c.5080
                0x0000000000000be5        0xe obj_haymakr_lufa/common/command.o
 .progmem.data.__c.5077
                0x0000000000000bf3       0x2b obj_haymakr_lufa/common/command.o
 .progmem.data.__c.5075
                0x0000000000000c1e       0x45 obj_haymakr_lufa/common/command.o
 .progmem.data.__c.5073
                0x0000000000000c63       0x27 obj_haymakr_lufa/common/command.o
 .progmem.data.__c.5071
                0x0000000000000c8a       0x35 obj_haymakr_lufa/common/command.o
 .progmem.data.__c.5069
                0x0000000000000cbf       0x29 obj_haymakr_lufa/common/command.o
 .progmem.data.__c.5067
                0x0000000000000ce8        0xf obj_haymakr_lufa/common/command.o
 .progmem.data.__c.5064
                0x0000000000000cf7        0xd obj_haymakr_lufa/common/command.o
 .progmem.data.__c.5062
                0x0000000000000d04        0xc obj_haymakr_lufa/common/command.o
 .progmem.data.__c.5059
                0x0000000000000d10       0x10 obj_haymakr_lufa/common/command.o
 .progmem.data.__c.5057
                0x0000000000000d20        0xf obj_haymakr_lufa/common/command.o
 .progmem.data.__c.5054
                0x0000000000000d2f        0xe obj_haymakr_lufa/common/command.o
 .progmem.data.__c.5052
                0x0000000000000d3d        0xd obj_haymakr_lufa/common/command.o
 .progmem.data.__c.5049
                0x0000000000000d4a        0xc obj_haymakr_lufa/common/command.o
 .progmem.data.__c.5047
                0x0000000000000d56        0xd obj_haymakr_lufa/common/command.o
 .progmem.data.__c.5044
                0x0000000000000d63       0x11 obj_haymakr_lufa/common/command.o
 .progmem.data.__c.5041
                0x0000000000000d74        0x4 obj_haymakr_lufa/common/command.o
 .progmem.data.__c.5035
                0x0000000000000d78        0xb obj_haymakr_lufa/common/command.o
                0x0000000000000d84                . = ALIGN (0x2)
 *fill*         0x0000000000000d83        0x1 
 *(.lowtext)
 *(.lowtext*)
                0x0000000000000d84                __ctors_start = .
 *(.ctors)
                0x0000000000000d84                __ctors_end = .
                0x0000000000000d84                __dtors_start = .
 *(.dtors)
                0x0000000000000d84                __dtors_end = .
 SORT(*)(.ctors)
 SORT(*)(.dtors)
 *(.init0)
 .init0         0x0000000000000d84        0x0 /usr/local/Cellar/avr-gcc/7.2.0/lib/avr-gcc/7/gcc/avr/7.2.0/../../../../../../avr/lib/avr5/crtatmega32u4.o
                0x0000000000000d84                __init
 *(.init0)
 *(.init1)
 *(.init1)
 *(.init2)
 .init2         0x0000000000000d84        0xc /usr/local/Cellar/avr-gcc/7.2.0/lib/avr-gcc/7/gcc/avr/7.2.0/../../../../../../avr/lib/avr5/crtatmega32u4.o
 *(.init2)
 *(.init3)
 .init3         0x0000000000000d90       0x54 obj_haymakr_lufa/common/avr/bootloader.o
                0x0000000000000d90                bootloader_jump_after_watchdog_reset
 *(.init3)
 *(.init4)
 .init4         0x0000000000000de4       0x16 /usr/local/Cellar/avr-gcc/7.2.0/lib/avr-gcc/7/gcc/avr/7.2.0/avr5/libgcc.a(_copy_data.o)
                0x0000000000000de4                __do_copy_data
 .init4         0x0000000000000dfa       0x10 /usr/local/Cellar/avr-gcc/7.2.0/lib/avr-gcc/7/gcc/avr/7.2.0/avr5/libgcc.a(_clear_bss.o)
                0x0000000000000dfa                __do_clear_bss
 *(.init4)
 *(.init5)
 *(.init5)
 *(.init6)
 *(.init6)
 *(.init7)
 *(.init7)
 *(.init8)
 *(.init8)
 *(.init9)
 .init9         0x0000000000000e0a        0x8 /usr/local/Cellar/avr-gcc/7.2.0/lib/avr-gcc/7/gcc/avr/7.2.0/../../../../../../avr/lib/avr5/crtatmega32u4.o
 *(.init9)
 *(.text)
 .text          0x0000000000000e12        0x4 /usr/local/Cellar/avr-gcc/7.2.0/lib/avr-gcc/7/gcc/avr/7.2.0/../../../../../../avr/lib/avr5/crtatmega32u4.o
                0x0000000000000e12                __vector_42
                0x0000000000000e12                __vector_22
                0x0000000000000e12                __vector_28
                0x0000000000000e12                __vector_1
                0x0000000000000e12                __vector_32
                0x0000000000000e12                __vector_34
                0x0000000000000e12                __vector_24
                0x0000000000000e12                __bad_interrupt
                0x0000000000000e12                __vector_6
                0x0000000000000e12                __vector_31
                0x0000000000000e12                __vector_35
                0x0000000000000e12                __vector_39
                0x0000000000000e12                __vector_3
                0x0000000000000e12                __vector_23
                0x0000000000000e12                __vector_30
                0x0000000000000e12                __vector_25
                0x0000000000000e12                __vector_13
                0x0000000000000e12                __vector_17
                0x0000000000000e12                __vector_19
                0x0000000000000e12                __vector_7
                0x0000000000000e12                __vector_41
                0x0000000000000e12                __vector_27
                0x0000000000000e12                __vector_5
                0x0000000000000e12                __vector_33
                0x0000000000000e12                __vector_37
                0x0000000000000e12                __vector_4
                0x0000000000000e12                __vector_9
                0x0000000000000e12                __vector_2
                0x0000000000000e12                __vector_15
                0x0000000000000e12                __vector_36
                0x0000000000000e12                __vector_29
                0x0000000000000e12                __vector_40
                0x0000000000000e12                __vector_8
                0x0000000000000e12                __vector_26
                0x0000000000000e12                __vector_14
                0x0000000000000e12                __vector_16
                0x0000000000000e12                __vector_18
                0x0000000000000e12                __vector_20
                0x0000000000000e12                __vector_38
 .text          0x0000000000000e16      0x15c obj_haymakr_lufa/common/avr/xprintf.o
                0x0000000000000e16                xputc
                0x0000000000000e2e                xputs
                0x0000000000000e3c                xitoa
                0x0000000000000f60                __xprintf
                0x0000000000000f72                . = ALIGN (0x2)
 *(.text.*)
 .text.action_get_macro
                0x0000000000000f72       0x46 obj_haymakr_lufa/keymap_haymakr.o
                0x0000000000000f72                action_get_macro
 .text.unselect_rows
                0x0000000000000fb8       0x1a obj_haymakr_lufa/matrix.o
 .text.matrix_init
                0x0000000000000fd2       0x62 obj_haymakr_lufa/matrix.o
                0x0000000000000fd2                matrix_init
 .text.matrix_scan
                0x0000000000001034      0x2be obj_haymakr_lufa/matrix.o
                0x0000000000001034                matrix_scan
 .text.matrix_get_row
                0x00000000000012f2       0x12 obj_haymakr_lufa/matrix.o
                0x00000000000012f2                matrix_get_row
 .text.led_set  0x0000000000001304        0xe obj_haymakr_lufa/led.o
                0x0000000000001304                led_set
 .text.keyboard_leds
                0x0000000000001312        0x6 obj_haymakr_lufa/protocol/lufa/lufa.o
 .text.sendchar
                0x0000000000001318       0xc6 obj_haymakr_lufa/protocol/lufa/lufa.o
                0x0000000000001318                sendchar
 .text.send_consumer
                0x00000000000013de       0x68 obj_haymakr_lufa/protocol/lufa/lufa.o
 .text.send_system
                0x0000000000001446       0x68 obj_haymakr_lufa/protocol/lufa/lufa.o
 .text.send_mouse
                0x00000000000014ae       0x4a obj_haymakr_lufa/protocol/lufa/lufa.o
 .text.send_keyboard
                0x00000000000014f8       0xa2 obj_haymakr_lufa/protocol/lufa/lufa.o
 .text.EVENT_USB_Device_Connect
                0x000000000000159a       0x24 obj_haymakr_lufa/protocol/lufa/lufa.o
                0x000000000000159a                EVENT_USB_Device_Connect
 .text.EVENT_USB_Device_Disconnect
                0x00000000000015be        0xe obj_haymakr_lufa/protocol/lufa/lufa.o
                0x00000000000015be                EVENT_USB_Device_Disconnect
 .text.EVENT_USB_Device_Reset
                0x00000000000015cc        0x2 obj_haymakr_lufa/protocol/lufa/lufa.o
                0x00000000000015cc                EVENT_USB_Device_Reset
 .text.EVENT_USB_Device_StartOfFrame
                0x00000000000015ce       0x84 obj_haymakr_lufa/protocol/lufa/lufa.o
                0x00000000000015ce                EVENT_USB_Device_StartOfFrame
 .text.EVENT_USB_Device_ConfigurationChanged
                0x0000000000001652       0x32 obj_haymakr_lufa/protocol/lufa/lufa.o
                0x0000000000001652                EVENT_USB_Device_ConfigurationChanged
 .text.EVENT_USB_Device_ControlRequest
                0x0000000000001684      0x15a obj_haymakr_lufa/protocol/lufa/lufa.o
                0x0000000000001684                EVENT_USB_Device_ControlRequest
 .text.hook_early_init
                0x00000000000017de        0x2 obj_haymakr_lufa/protocol/lufa/lufa.o
                0x00000000000017de                hook_early_init
 .text.hook_late_init
                0x00000000000017e0        0x2 obj_haymakr_lufa/protocol/lufa/lufa.o
                0x00000000000017e0                hook_late_init
 .text.hook_usb_suspend_entry
                0x00000000000017e2       0x1a obj_haymakr_lufa/protocol/lufa/lufa.o
                0x00000000000017e2                hook_usb_suspend_entry
 .text.EVENT_USB_Device_Suspend
                0x00000000000017fc        0x4 obj_haymakr_lufa/protocol/lufa/lufa.o
                0x00000000000017fc                EVENT_USB_Device_Suspend
 .text.hook_usb_suspend_loop
                0x0000000000001800       0x18 obj_haymakr_lufa/protocol/lufa/lufa.o
                0x0000000000001800                hook_usb_suspend_loop
 .text.startup.main
                0x0000000000001818       0x96 obj_haymakr_lufa/protocol/lufa/lufa.o
                0x0000000000001818                main
 .text.hook_usb_wakeup
                0x00000000000018ae        0xe obj_haymakr_lufa/protocol/lufa/lufa.o
                0x00000000000018ae                hook_usb_wakeup
 .text.EVENT_USB_Device_WakeUp
                0x00000000000018bc        0x4 obj_haymakr_lufa/protocol/lufa/lufa.o
                0x00000000000018bc                EVENT_USB_Device_WakeUp
 .text.CALLBACK_USB_GetDescriptor
                0x00000000000018c0       0xaa obj_haymakr_lufa/protocol/lufa/descriptor.o
                0x00000000000018c0                CALLBACK_USB_GetDescriptor
 .text.USB_Device_SendRemoteWakeup
                0x000000000000196a       0x2c obj_haymakr_lufa/protocol/lufa/LUFA-git/LUFA/Drivers/USB/Core/AVR8/Device_AVR8.o
                0x000000000000196a                USB_Device_SendRemoteWakeup
 .text.Endpoint_Write_Stream_LE
                0x0000000000001996       0x9e obj_haymakr_lufa/protocol/lufa/LUFA-git/LUFA/Drivers/USB/Core/AVR8/EndpointStream_AVR8.o
                0x0000000000001996                Endpoint_Write_Stream_LE
 .text.Endpoint_Write_Control_Stream_LE
                0x0000000000001a34       0xbe obj_haymakr_lufa/protocol/lufa/LUFA-git/LUFA/Drivers/USB/Core/AVR8/EndpointStream_AVR8.o
                0x0000000000001a34                Endpoint_Write_Control_Stream_LE
 .text.Endpoint_Write_Control_PStream_LE
                0x0000000000001af2       0xc0 obj_haymakr_lufa/protocol/lufa/LUFA-git/LUFA/Drivers/USB/Core/AVR8/EndpointStream_AVR8.o
                0x0000000000001af2                Endpoint_Write_Control_PStream_LE
 .text.Endpoint_ConfigureEndpoint_Prv
                0x0000000000001bb2       0x68 obj_haymakr_lufa/protocol/lufa/LUFA-git/LUFA/Drivers/USB/Core/AVR8/Endpoint_AVR8.o
                0x0000000000001bb2                Endpoint_ConfigureEndpoint_Prv
 .text.Endpoint_ClearStatusStage
                0x0000000000001c1a       0x3e obj_haymakr_lufa/protocol/lufa/LUFA-git/LUFA/Drivers/USB/Core/AVR8/Endpoint_AVR8.o
                0x0000000000001c1a                Endpoint_ClearStatusStage
 .text.Endpoint_WaitUntilReady
                0x0000000000001c58       0x5e obj_haymakr_lufa/protocol/lufa/LUFA-git/LUFA/Drivers/USB/Core/AVR8/Endpoint_AVR8.o
                0x0000000000001c58                Endpoint_WaitUntilReady
 .text.USB_Disable
                0x0000000000001cb6       0x34 obj_haymakr_lufa/protocol/lufa/LUFA-git/LUFA/Drivers/USB/Core/AVR8/USBController_AVR8.o
                0x0000000000001cb6                USB_Disable
 .text.USB_ResetInterface
                0x0000000000001cea       0x86 obj_haymakr_lufa/protocol/lufa/LUFA-git/LUFA/Drivers/USB/Core/AVR8/USBController_AVR8.o
                0x0000000000001cea                USB_ResetInterface
 .text.USB_Init
                0x0000000000001d70       0x22 obj_haymakr_lufa/protocol/lufa/LUFA-git/LUFA/Drivers/USB/Core/AVR8/USBController_AVR8.o
                0x0000000000001d70                USB_Init
 .text.USB_INT_DisableAllInterrupts
                0x0000000000001d92       0x10 obj_haymakr_lufa/protocol/lufa/LUFA-git/LUFA/Drivers/USB/Core/AVR8/USBInterrupt_AVR8.o
                0x0000000000001d92                USB_INT_DisableAllInterrupts
 .text.USB_INT_ClearAllInterrupts
                0x0000000000001da2        0xa obj_haymakr_lufa/protocol/lufa/LUFA-git/LUFA/Drivers/USB/Core/AVR8/USBInterrupt_AVR8.o
                0x0000000000001da2                USB_INT_ClearAllInterrupts
 .text.__vector_10
                0x0000000000001dac      0x1a6 obj_haymakr_lufa/protocol/lufa/LUFA-git/LUFA/Drivers/USB/Core/AVR8/USBInterrupt_AVR8.o
                0x0000000000001dac                __vector_10
 .text.__vector_11
                0x0000000000001f52       0x78 obj_haymakr_lufa/protocol/lufa/LUFA-git/LUFA/Drivers/USB/Core/AVR8/USBInterrupt_AVR8.o
                0x0000000000001f52                __vector_11
 .text.USB_Device_ProcessControlRequest
                0x0000000000001fca      0x2a8 obj_haymakr_lufa/protocol/lufa/LUFA-git/LUFA/Drivers/USB/Core/DeviceStandardReq.o
                0x0000000000001fca                USB_Device_ProcessControlRequest
 .text.host_set_driver
                0x0000000000002272        0xa obj_haymakr_lufa/common/host.o
                0x0000000000002272                host_set_driver
 .text.host_keyboard_leds
                0x000000000000227c       0x18 obj_haymakr_lufa/common/host.o
                0x000000000000227c                host_keyboard_leds
 .text.host_keyboard_send
                0x0000000000002294       0x98 obj_haymakr_lufa/common/host.o
                0x0000000000002294                host_keyboard_send
 .text.host_mouse_send
                0x000000000000232c       0x16 obj_haymakr_lufa/common/host.o
                0x000000000000232c                host_mouse_send
 .text.host_system_send
                0x0000000000002342       0x5a obj_haymakr_lufa/common/host.o
                0x0000000000002342                host_system_send
 .text.host_consumer_send
                0x000000000000239c       0x5a obj_haymakr_lufa/common/host.o
                0x000000000000239c                host_consumer_send
 .text.keyboard_setup
                0x00000000000023f6        0x4 obj_haymakr_lufa/common/keyboard.o
                0x00000000000023f6                keyboard_setup
 .text.keyboard_init
                0x00000000000023fa        0xc obj_haymakr_lufa/common/keyboard.o
                0x00000000000023fa                keyboard_init
 .text.keyboard_task
                0x0000000000002406      0x192 obj_haymakr_lufa/common/keyboard.o
                0x0000000000002406                keyboard_task
 .text.keyboard_set_leds
                0x0000000000002598        0x4 obj_haymakr_lufa/common/keyboard.o
                0x0000000000002598                keyboard_set_leds
 .text.matrix_clear
                0x000000000000259c        0x2 obj_haymakr_lufa/common/matrix.o
                0x000000000000259c                matrix_clear
 .text.matrix_setup
                0x000000000000259e        0x2 obj_haymakr_lufa/common/matrix.o
                0x000000000000259e                matrix_setup
 .text.matrix_print
                0x00000000000025a0       0x68 obj_haymakr_lufa/common/matrix.o
                0x00000000000025a0                matrix_print
 .text.matrix_power_up
                0x0000000000002608        0x2 obj_haymakr_lufa/common/matrix.o
                0x0000000000002608                matrix_power_up
 .text.matrix_power_down
                0x000000000000260a        0x2 obj_haymakr_lufa/common/matrix.o
                0x000000000000260a                matrix_power_down
 .text.action_exec
                0x000000000000260c       0x80 obj_haymakr_lufa/common/action.o
                0x000000000000260c                action_exec
 .text.register_code
                0x000000000000268c      0x1b6 obj_haymakr_lufa/common/action.o
                0x000000000000268c                register_code
 .text.unregister_code
                0x0000000000002842       0xd4 obj_haymakr_lufa/common/action.o
                0x0000000000002842                unregister_code
 .text.register_mods
                0x0000000000002916        0xe obj_haymakr_lufa/common/action.o
                0x0000000000002916                register_mods
 .text.unregister_mods
                0x0000000000002924        0xe obj_haymakr_lufa/common/action.o
                0x0000000000002924                unregister_mods
 .text.process_action
                0x0000000000002932      0x65a obj_haymakr_lufa/common/action.o
                0x0000000000002932                process_action
 .text.clear_keyboard_but_mods
                0x0000000000002f8c       0x24 obj_haymakr_lufa/common/action.o
                0x0000000000002f8c                clear_keyboard_but_mods
 .text.clear_keyboard
                0x0000000000002fb0        0x8 obj_haymakr_lufa/common/action.o
                0x0000000000002fb0                clear_keyboard
 .text.is_tap_key
                0x0000000000002fb8       0xb4 obj_haymakr_lufa/common/action.o
                0x0000000000002fb8                is_tap_key
 .text.debug_event
                0x000000000000306c       0x1e obj_haymakr_lufa/common/action.o
                0x000000000000306c                debug_event
 .text.debug_record
                0x000000000000308a       0x20 obj_haymakr_lufa/common/action.o
                0x000000000000308a                debug_record
 .text.debug_waiting_buffer
                0x00000000000030aa       0x42 obj_haymakr_lufa/common/action_tapping.o
 .text.debug_tapping_key
                0x00000000000030ec       0x1c obj_haymakr_lufa/common/action_tapping.o
 .text.waiting_buffer_scan_tap
                0x0000000000003108       0xd6 obj_haymakr_lufa/common/action_tapping.o
 .text.process_tapping
                0x00000000000031de      0x3ae obj_haymakr_lufa/common/action_tapping.o
 .text.action_tapping_process
                0x000000000000358c      0x152 obj_haymakr_lufa/common/action_tapping.o
                0x000000000000358c                action_tapping_process
 .text.action_macro_play
                0x00000000000036de      0x12a obj_haymakr_lufa/common/action_macro.o
                0x00000000000036de                action_macro_play
 .text.layer_state_set
                0x0000000000003808       0x14 obj_haymakr_lufa/common/action_layer.o
 .text.default_layer_debug
                0x000000000000381c        0x2 obj_haymakr_lufa/common/action_layer.o
                0x000000000000381c                default_layer_debug
 .text.default_layer_set
                0x000000000000381e       0x14 obj_haymakr_lufa/common/action_layer.o
                0x000000000000381e                default_layer_set
 .text.default_layer_or
                0x0000000000003832       0x34 obj_haymakr_lufa/common/action_layer.o
                0x0000000000003832                default_layer_or
 .text.default_layer_and
                0x0000000000003866       0x34 obj_haymakr_lufa/common/action_layer.o
                0x0000000000003866                default_layer_and
 .text.default_layer_xor
                0x000000000000389a       0x34 obj_haymakr_lufa/common/action_layer.o
                0x000000000000389a                default_layer_xor
 .text.layer_clear
                0x00000000000038ce        0xa obj_haymakr_lufa/common/action_layer.o
                0x00000000000038ce                layer_clear
 .text.layer_move
                0x00000000000038d8       0x2a obj_haymakr_lufa/common/action_layer.o
                0x00000000000038d8                layer_move
 .text.layer_on
                0x0000000000003902       0x42 obj_haymakr_lufa/common/action_layer.o
                0x0000000000003902                layer_on
 .text.layer_off
                0x0000000000003944       0x46 obj_haymakr_lufa/common/action_layer.o
                0x0000000000003944                layer_off
 .text.layer_invert
                0x000000000000398a       0x42 obj_haymakr_lufa/common/action_layer.o
                0x000000000000398a                layer_invert
 .text.layer_or
                0x00000000000039cc       0x24 obj_haymakr_lufa/common/action_layer.o
                0x00000000000039cc                layer_or
 .text.layer_and
                0x00000000000039f0       0x24 obj_haymakr_lufa/common/action_layer.o
                0x00000000000039f0                layer_and
 .text.layer_xor
                0x0000000000003a14       0x24 obj_haymakr_lufa/common/action_layer.o
                0x0000000000003a14                layer_xor
 .text.layer_debug
                0x0000000000003a38        0x2 obj_haymakr_lufa/common/action_layer.o
                0x0000000000003a38                layer_debug
 .text.layer_switch_get_action
                0x0000000000003a3a      0x14e obj_haymakr_lufa/common/action_layer.o
                0x0000000000003a3a                layer_switch_get_action
 .text.add_key  0x0000000000003b88       0x9c obj_haymakr_lufa/common/action_util.o
                0x0000000000003b88                add_key
 .text.del_key  0x0000000000003c24       0x8a obj_haymakr_lufa/common/action_util.o
                0x0000000000003c24                del_key
 .text.clear_keys
                0x0000000000003cae       0x1c obj_haymakr_lufa/common/action_util.o
                0x0000000000003cae                clear_keys
 .text.get_mods
                0x0000000000003cca        0x6 obj_haymakr_lufa/common/action_util.o
                0x0000000000003cca                get_mods
 .text.add_mods
                0x0000000000003cd0        0xc obj_haymakr_lufa/common/action_util.o
                0x0000000000003cd0                add_mods
 .text.del_mods
                0x0000000000003cdc       0x10 obj_haymakr_lufa/common/action_util.o
                0x0000000000003cdc                del_mods
 .text.set_mods
                0x0000000000003cec        0x6 obj_haymakr_lufa/common/action_util.o
                0x0000000000003cec                set_mods
 .text.clear_mods
                0x0000000000003cf2        0x6 obj_haymakr_lufa/common/action_util.o
                0x0000000000003cf2                clear_mods
 .text.add_weak_mods
                0x0000000000003cf8        0xc obj_haymakr_lufa/common/action_util.o
                0x0000000000003cf8                add_weak_mods
 .text.del_weak_mods
                0x0000000000003d04       0x10 obj_haymakr_lufa/common/action_util.o
                0x0000000000003d04                del_weak_mods
 .text.clear_weak_mods
                0x0000000000003d14        0x6 obj_haymakr_lufa/common/action_util.o
                0x0000000000003d14                clear_weak_mods
 .text.set_oneshot_mods
                0x0000000000003d1a        0x6 obj_haymakr_lufa/common/action_util.o
                0x0000000000003d1a                set_oneshot_mods
 .text.clear_oneshot_mods
                0x0000000000003d20        0x6 obj_haymakr_lufa/common/action_util.o
                0x0000000000003d20                clear_oneshot_mods
 .text.has_anykey
                0x0000000000003d26       0x20 obj_haymakr_lufa/common/action_util.o
                0x0000000000003d26                has_anykey
 .text.send_keyboard_report
                0x0000000000003d46       0x4c obj_haymakr_lufa/common/action_util.o
                0x0000000000003d46                send_keyboard_report
 .text.print_set_sendchar
                0x0000000000003d92        0xa obj_haymakr_lufa/common/print.o
                0x0000000000003d92                print_set_sendchar
 .text.bitrev   0x0000000000003d9c       0x30 obj_haymakr_lufa/common/util.o
                0x0000000000003d9c                bitrev
 .text.bitrev16
                0x0000000000003dcc       0x1a obj_haymakr_lufa/common/util.o
                0x0000000000003dcc                bitrev16
 .text.hook_keyboard_loop
                0x0000000000003de6        0x2 obj_haymakr_lufa/common/hook.o
                0x0000000000003de6                hook_keyboard_loop
 .text.hook_matrix_change
                0x0000000000003de8       0x1e obj_haymakr_lufa/common/hook.o
                0x0000000000003de8                hook_matrix_change
 .text.hook_default_layer_change
                0x0000000000003e06        0x2 obj_haymakr_lufa/common/hook.o
                0x0000000000003e06                hook_default_layer_change
 .text.hook_layer_change
                0x0000000000003e08        0x2 obj_haymakr_lufa/common/hook.o
                0x0000000000003e08                hook_layer_change
 .text.hook_keyboard_leds_change
                0x0000000000003e0a        0x4 obj_haymakr_lufa/common/hook.o
                0x0000000000003e0a                hook_keyboard_leds_change
 .text.hook_bootmagic
                0x0000000000003e0e        0x2 obj_haymakr_lufa/common/hook.o
                0x0000000000003e0e                hook_bootmagic
 .text.suspend_power_down
                0x0000000000003e10       0x52 obj_haymakr_lufa/common/avr/suspend.o
                0x0000000000003e10                suspend_power_down
 .text.suspend_wakeup_condition
                0x0000000000003e62       0x2a obj_haymakr_lufa/common/avr/suspend.o
                0x0000000000003e62                suspend_wakeup_condition
 .text.suspend_wakeup_init
                0x0000000000003e8c        0x8 obj_haymakr_lufa/common/avr/suspend.o
                0x0000000000003e8c                suspend_wakeup_init
 .text.__vector_12
                0x0000000000003e94       0x52 obj_haymakr_lufa/common/avr/suspend.o
                0x0000000000003e94                __vector_12
 .text.timer_init
                0x0000000000003ee6       0x12 obj_haymakr_lufa/common/avr/timer.o
                0x0000000000003ee6                timer_init
 .text.timer_read
                0x0000000000003ef8       0x18 obj_haymakr_lufa/common/avr/timer.o
                0x0000000000003ef8                timer_read
 .text.timer_read32
                0x0000000000003f10       0x18 obj_haymakr_lufa/common/avr/timer.o
                0x0000000000003f10                timer_read32
 .text.timer_elapsed
                0x0000000000003f28       0x54 obj_haymakr_lufa/common/avr/timer.o
                0x0000000000003f28                timer_elapsed
 .text.__vector_21
                0x0000000000003f7c       0x4a obj_haymakr_lufa/common/avr/timer.o
                0x0000000000003f7c                __vector_21
 .text.bootloader_jump
                0x0000000000003fc6       0x44 obj_haymakr_lufa/common/avr/bootloader.o
                0x0000000000003fc6                bootloader_jump
 .text.keycode_to_action
                0x000000000000400a      0x11e obj_haymakr_lufa/common/keymap.o
 .text.action_function
                0x0000000000004128        0x2 obj_haymakr_lufa/common/keymap.o
                0x0000000000004128                action_function
 .text.keymap_key_to_keycode
                0x000000000000412a       0x20 obj_haymakr_lufa/common/keymap.o
                0x000000000000412a                keymap_key_to_keycode
 .text.keymap_fn_to_action
                0x000000000000414a       0x16 obj_haymakr_lufa/common/keymap.o
                0x000000000000414a                keymap_fn_to_action
 .text.action_for_key
                0x0000000000004160       0xce obj_haymakr_lufa/common/keymap.o
                0x0000000000004160                action_for_key
 .text.scan_key
                0x000000000000422e       0x8c obj_haymakr_lufa/common/bootmagic.o
 .text.bootmagic_scan_key
                0x00000000000042ba       0x24 obj_haymakr_lufa/common/bootmagic.o
                0x00000000000042ba                bootmagic_scan_key
 .text.bootmagic
                0x00000000000042de      0x25e obj_haymakr_lufa/common/bootmagic.o
                0x00000000000042de                bootmagic
 .text.eeconfig_init
                0x000000000000453c       0x34 obj_haymakr_lufa/common/avr/eeconfig.o
                0x000000000000453c                eeconfig_init
 .text.eeconfig_is_enabled
                0x0000000000004570       0x16 obj_haymakr_lufa/common/avr/eeconfig.o
                0x0000000000004570                eeconfig_is_enabled
 .text.eeconfig_read_debug
                0x0000000000004586        0x8 obj_haymakr_lufa/common/avr/eeconfig.o
                0x0000000000004586                eeconfig_read_debug
 .text.eeconfig_write_debug
                0x000000000000458e        0xa obj_haymakr_lufa/common/avr/eeconfig.o
                0x000000000000458e                eeconfig_write_debug
 .text.eeconfig_read_default_layer
                0x0000000000004598        0x8 obj_haymakr_lufa/common/avr/eeconfig.o
                0x0000000000004598                eeconfig_read_default_layer
 .text.eeconfig_write_default_layer
                0x00000000000045a0        0xa obj_haymakr_lufa/common/avr/eeconfig.o
                0x00000000000045a0                eeconfig_write_default_layer
 .text.eeconfig_read_keymap
                0x00000000000045aa        0x8 obj_haymakr_lufa/common/avr/eeconfig.o
                0x00000000000045aa                eeconfig_read_keymap
 .text.eeconfig_write_keymap
                0x00000000000045b2        0xa obj_haymakr_lufa/common/avr/eeconfig.o
                0x00000000000045b2                eeconfig_write_keymap
 .text.move_unit
                0x00000000000045bc       0x94 obj_haymakr_lufa/common/mousekey.o
 .text.wheel_unit
                0x0000000000004650       0x72 obj_haymakr_lufa/common/mousekey.o
 .text.mousekey_on
                0x00000000000046c2       0xd0 obj_haymakr_lufa/common/mousekey.o
                0x00000000000046c2                mousekey_on
 .text.mousekey_off
                0x0000000000004792      0x108 obj_haymakr_lufa/common/mousekey.o
                0x0000000000004792                mousekey_off
 .text.mousekey_send
                0x000000000000489a      0x11a obj_haymakr_lufa/common/mousekey.o
                0x000000000000489a                mousekey_send
 .text.mousekey_task
                0x00000000000049b4      0x144 obj_haymakr_lufa/common/mousekey.o
                0x00000000000049b4                mousekey_task
 .text.mousekey_clear
                0x0000000000004af8       0x18 obj_haymakr_lufa/common/mousekey.o
                0x0000000000004af8                mousekey_clear
 .text.mousekey_console_help
                0x0000000000004b10       0x2e obj_haymakr_lufa/common/command.o
 .text.mousekey_param_inc
                0x0000000000004b3e      0x148 obj_haymakr_lufa/common/command.o
 .text.mousekey_param_dec
                0x0000000000004c86       0xfe obj_haymakr_lufa/common/command.o
 .text.switch_default_layer
                0x0000000000004d84       0x3c obj_haymakr_lufa/common/command.o
 .text.command_common
                0x0000000000004dc0      0x4aa obj_haymakr_lufa/common/command.o
 .text.command_extra
                0x000000000000526a        0x4 obj_haymakr_lufa/common/command.o
                0x000000000000526a                command_extra
 .text.command_console_extra
                0x000000000000526e        0x4 obj_haymakr_lufa/common/command.o
                0x000000000000526e                command_console_extra
 .text.command_proc
                0x0000000000005272      0x296 obj_haymakr_lufa/common/command.o
                0x0000000000005272                command_proc
 .text.avr-libc.fplib
                0x0000000000005508        0xe /usr/local/Cellar/avr-gcc/7.2.0/lib/avr-gcc/7/gcc/avr/7.2.0/../../../../../../avr/lib/avr5/libm.a(fixsfsi.o)
                0x0000000000005508                __fixsfsi
 .text.avr-libc.fplib
                0x0000000000005516       0x5e /usr/local/Cellar/avr-gcc/7.2.0/lib/avr-gcc/7/gcc/avr/7.2.0/../../../../../../avr/lib/avr5/libm.a(fixunssfsi.o)
                0x0000000000005516                __fixunssfsi
 .text.avr-libc.fplib
                0x0000000000005574       0x7a /usr/local/Cellar/avr-gcc/7.2.0/lib/avr-gcc/7/gcc/avr/7.2.0/../../../../../../avr/lib/avr5/libm.a(floatsisf.o)
                0x0000000000005574                __floatunsisf
                0x0000000000005578                __floatsisf
 .text.avr-libc.fplib
                0x00000000000055ee       0x44 /usr/local/Cellar/avr-gcc/7.2.0/lib/avr-gcc/7/gcc/avr/7.2.0/../../../../../../avr/lib/avr5/libm.a(fp_split3.o)
                0x00000000000055ee                __fp_split3
                0x00000000000055fe                __fp_splitA
 .text.avr-libc.fplib
                0x0000000000005632        0xe /usr/local/Cellar/avr-gcc/7.2.0/lib/avr-gcc/7/gcc/avr/7.2.0/../../../../../../avr/lib/avr5/libm.a(fp_zero.o)
                0x0000000000005632                __fp_zero
                0x0000000000005634                __fp_szero
 .text.avr-libc.fplib
                0x0000000000005640        0x8 /usr/local/Cellar/avr-gcc/7.2.0/lib/avr-gcc/7/gcc/avr/7.2.0/../../../../../../avr/lib/avr5/libm.a(mulsf3.o)
                0x0000000000005640                __mulsf3
 .text.avr-libc.fplib
                0x0000000000005648       0xd2 /usr/local/Cellar/avr-gcc/7.2.0/lib/avr-gcc/7/gcc/avr/7.2.0/../../../../../../avr/lib/avr5/libm.a(mulsf3x.o)
                0x0000000000005666                __mulsf3x
                0x000000000000566c                __mulsf3_pse
 .text.avr-libc.fplib
                0x000000000000571a        0xc /usr/local/Cellar/avr-gcc/7.2.0/lib/avr-gcc/7/gcc/avr/7.2.0/../../../../../../avr/lib/avr5/libm.a(fp_inf.o)
                0x000000000000571a                __fp_inf
 .text.avr-libc.fplib
                0x0000000000005726        0x6 /usr/local/Cellar/avr-gcc/7.2.0/lib/avr-gcc/7/gcc/avr/7.2.0/../../../../../../avr/lib/avr5/libm.a(fp_nan.o)
                0x0000000000005726                __fp_nan
 .text.avr-libc.fplib
                0x000000000000572c        0xe /usr/local/Cellar/avr-gcc/7.2.0/lib/avr-gcc/7/gcc/avr/7.2.0/../../../../../../avr/lib/avr5/libm.a(fp_pscA.o)
                0x000000000000572c                __fp_pscA
 .text.avr-libc.fplib
                0x000000000000573a        0xe /usr/local/Cellar/avr-gcc/7.2.0/lib/avr-gcc/7/gcc/avr/7.2.0/../../../../../../avr/lib/avr5/libm.a(fp_pscB.o)
                0x000000000000573a                __fp_pscB
 .text.avr-libc.fplib
                0x0000000000005748       0x22 /usr/local/Cellar/avr-gcc/7.2.0/lib/avr-gcc/7/gcc/avr/7.2.0/../../../../../../avr/lib/avr5/libm.a(fp_round.o)
                0x0000000000005748                __fp_round
 .text.libgcc.div
                0x000000000000576a       0x18 /usr/local/Cellar/avr-gcc/7.2.0/lib/avr-gcc/7/gcc/avr/7.2.0/avr5/libgcc.a(_udivmodqi4.o)
                0x000000000000576a                __udivmodqi4
 .text.libgcc.div
                0x0000000000005782       0x28 /usr/local/Cellar/avr-gcc/7.2.0/lib/avr-gcc/7/gcc/avr/7.2.0/avr5/libgcc.a(_divmodhi4.o)
                0x0000000000005782                __divmodhi4
                0x0000000000005782                _div
 .text.libgcc   0x00000000000057aa        0xc /usr/local/Cellar/avr-gcc/7.2.0/lib/avr-gcc/7/gcc/avr/7.2.0/avr5/libgcc.a(_tablejump2.o)
                0x00000000000057aa                __tablejump2__
 .text.libgcc.div
                0x00000000000057b6       0x28 /usr/local/Cellar/avr-gcc/7.2.0/lib/avr-gcc/7/gcc/avr/7.2.0/avr5/libgcc.a(_udivmodhi4.o)
                0x00000000000057b6                __udivmodhi4
 .text.avr-libc
                0x00000000000057de       0x10 /usr/local/Cellar/avr-gcc/7.2.0/lib/avr-gcc/7/gcc/avr/7.2.0/../../../../../../avr/lib/avr5/libatmega32u4.a(eerd_byte.o)
                0x00000000000057de                eeprom_read_byte
 .text.avr-libc
                0x00000000000057ee        0xc /usr/local/Cellar/avr-gcc/7.2.0/lib/avr-gcc/7/gcc/avr/7.2.0/../../../../../../avr/lib/avr5/libatmega32u4.a(eerd_word.o)
                0x00000000000057ee                eeprom_read_word
 .text.avr-libc
                0x00000000000057fa       0x1c /usr/local/Cellar/avr-gcc/7.2.0/lib/avr-gcc/7/gcc/avr/7.2.0/../../../../../../avr/lib/avr5/libatmega32u4.a(eewr_byte.o)
                0x00000000000057fa                eeprom_write_byte
                0x00000000000057fc                eeprom_write_r18
 .text.avr-libc
                0x0000000000005816        0xa /usr/local/Cellar/avr-gcc/7.2.0/lib/avr-gcc/7/gcc/avr/7.2.0/../../../../../../avr/lib/avr5/libatmega32u4.a(eewr_word.o)
                0x0000000000005816                eeprom_write_word
 .text.avr-libc
                0x0000000000005820       0x20 /usr/local/Cellar/avr-gcc/7.2.0/lib/avr-gcc/7/gcc/avr/7.2.0/../../../../../../avr/lib/avr5/libatmega32u4.a(eerd_block.o)
                0x0000000000005820                eeprom_read_block
                0x0000000000005824                eeprom_read_blraw
                0x0000000000005840                . = ALIGN (0x2)
 *(.fini9)
 .fini9         0x0000000000005840        0x0 /usr/local/Cellar/avr-gcc/7.2.0/lib/avr-gcc/7/gcc/avr/7.2.0/avr5/libgcc.a(_exit.o)
                0x0000000000005840                exit
                0x0000000000005840                _exit
 *(.fini9)
 *(.fini8)
 *(.fini8)
 *(.fini7)
 *(.fini7)
 *(.fini6)
 *(.fini6)
 *(.fini5)
 *(.fini5)
 *(.fini4)
 *(.fini4)
 *(.fini3)
 *(.fini3)
 *(.fini2)
 *(.fini2)
 *(.fini1)
 *(.fini1)
 *(.fini0)
 .fini0         0x0000000000005840        0x4 /usr/local/Cellar/avr-gcc/7.2.0/lib/avr-gcc/7/gcc/avr/7.2.0/avr5/libgcc.a(_exit.o)
 *(.fini0)
 *(.hightext)
 *(.hightext*)
                0x0000000000005844                . = ALIGN (0x2)
 *(.jumptables)
 *(.jumptables*)
                0x0000000000005844                _etext = .

.data           0x0000000000800100       0x3a load address 0x0000000000005844
                0x0000000000800100                PROVIDE (__data_start, .)
 *(.data)
 *(.data*)
 .data.debouncing
                0x0000000000800100        0x1 obj_haymakr_lufa/matrix.o
 .data.lufa_driver
                0x0000000000800101        0xa obj_haymakr_lufa/protocol/lufa/lufa.o
                0x0000000000800101                lufa_driver
 .data.keyboard_protocol
                0x000000000080010b        0x1 obj_haymakr_lufa/protocol/lufa/lufa.o
                0x000000000080010b                keyboard_protocol
 .data.keyboard_nkro
                0x000000000080010c        0x1 obj_haymakr_lufa/common/host.o
                0x000000000080010c                keyboard_nkro
 .data.keyboard_report
                0x000000000080010d        0x2 obj_haymakr_lufa/common/action_util.o
                0x000000000080010d                keyboard_report
 .data.mk_wheel_time_to_max
                0x000000000080010f        0x1 obj_haymakr_lufa/common/mousekey.o
                0x000000000080010f                mk_wheel_time_to_max
 .data.mk_wheel_max_speed
                0x0000000000800110        0x1 obj_haymakr_lufa/common/mousekey.o
                0x0000000000800110                mk_wheel_max_speed
 .data.mk_time_to_max
                0x0000000000800111        0x1 obj_haymakr_lufa/common/mousekey.o
                0x0000000000800111                mk_time_to_max
 .data.mk_max_speed
                0x0000000000800112        0x1 obj_haymakr_lufa/common/mousekey.o
                0x0000000000800112                mk_max_speed
 .data.mk_interval
                0x0000000000800113        0x1 obj_haymakr_lufa/common/mousekey.o
                0x0000000000800113                mk_interval
 .data.mk_delay
                0x0000000000800114        0x1 obj_haymakr_lufa/common/mousekey.o
                0x0000000000800114                mk_delay
 *(.gnu.linkonce.d*)
 *(.rodata)
 *(.rodata*)
 .rodata.CSWTCH.3
                0x0000000000800115        0x5 obj_haymakr_lufa/protocol/lufa/descriptor.o
 .rodata.CSWTCH.2
                0x000000000080011a        0xa obj_haymakr_lufa/protocol/lufa/descriptor.o
 .rodata.CSWTCH.1
                0x0000000000800124        0xa obj_haymakr_lufa/protocol/lufa/descriptor.o
 .rodata.matrix_print.str1.1
                0x000000000080012e        0x1 obj_haymakr_lufa/common/matrix.o
 .rodata.CSWTCH.62
                0x000000000080012f        0xa obj_haymakr_lufa/common/command.o
 *(.gnu.linkonce.r*)
                0x000000000080013a                . = ALIGN (0x2)
 *fill*         0x0000000000800139        0x1 
                0x000000000080013a                _edata = .
                0x000000000080013a                PROVIDE (__data_end, .)

.bss            0x000000000080013a      0x11a
                0x000000000080013a                PROVIDE (__bss_start, .)
 *(.bss)
 .bss           0x000000000080013a        0x2 obj_haymakr_lufa/common/avr/xprintf.o
                0x000000000080013a                xfunc_out
 *(.bss*)
 .bss.matrix_debouncing
                0x000000000080013c        0xa obj_haymakr_lufa/matrix.o
 .bss.matrix    0x0000000000800146        0xa obj_haymakr_lufa/matrix.o
 .bss.timeouted.4910
                0x0000000000800150        0x1 obj_haymakr_lufa/protocol/lufa/lufa.o
 .bss.count.4840
                0x0000000000800151        0x1 obj_haymakr_lufa/protocol/lufa/lufa.o
 .bss._led_stats
                0x0000000000800152        0x1 obj_haymakr_lufa/protocol/lufa/lufa.o
 .bss.console_flush
                0x0000000000800153        0x1 obj_haymakr_lufa/protocol/lufa/lufa.o
 .bss.keyboard_report_sent
                0x0000000000800154       0x20 obj_haymakr_lufa/protocol/lufa/lufa.o
 .bss.keyboard_led_stats
                0x0000000000800174        0x1 obj_haymakr_lufa/protocol/lufa/lufa.o
 .bss.keyboard_idle
                0x0000000000800175        0x1 obj_haymakr_lufa/protocol/lufa/lufa.o
                0x0000000000800175                keyboard_idle
 .bss.last_consumer_report
                0x0000000000800176        0x2 obj_haymakr_lufa/common/host.o
 .bss.last_system_report
                0x0000000000800178        0x2 obj_haymakr_lufa/common/host.o
 .bss.driver    0x000000000080017a        0x2 obj_haymakr_lufa/common/host.o
 .bss.led_status.4871
                0x000000000080017c        0x1 obj_haymakr_lufa/common/keyboard.o
 .bss.matrix_prev.4870
                0x000000000080017d        0xa obj_haymakr_lufa/common/keyboard.o
 .bss.waiting_buffer_tail
                0x0000000000800187        0x1 obj_haymakr_lufa/common/action_tapping.o
 .bss.waiting_buffer_head
                0x0000000000800188        0x1 obj_haymakr_lufa/common/action_tapping.o
 .bss.waiting_buffer
                0x0000000000800189       0x30 obj_haymakr_lufa/common/action_tapping.o
 .bss.tapping_key
                0x00000000008001b9        0x6 obj_haymakr_lufa/common/action_tapping.o
 .bss.layer_pressed
                0x00000000008001bf       0x4b obj_haymakr_lufa/common/action_layer.o
 .bss.layer_state
                0x000000000080020a        0x4 obj_haymakr_lufa/common/action_layer.o
                0x000000000080020a                layer_state
 .bss.default_layer_state
                0x000000000080020e        0x4 obj_haymakr_lufa/common/action_layer.o
                0x000000000080020e                default_layer_state
 .bss.oneshot_mods
                0x0000000000800212        0x1 obj_haymakr_lufa/common/action_util.o
 .bss.__compound_literal.0
                0x0000000000800213       0x20 obj_haymakr_lufa/common/action_util.o
 .bss.weak_mods
                0x0000000000800233        0x1 obj_haymakr_lufa/common/action_util.o
 .bss.real_mods
                0x0000000000800234        0x1 obj_haymakr_lufa/common/action_util.o
 .bss.debug_config
                0x0000000000800235        0x1 obj_haymakr_lufa/common/debug.o
                0x0000000000800235                debug_config
 .bss.wdt_timeout
                0x0000000000800236        0x1 obj_haymakr_lufa/common/avr/suspend.o
 .bss.timer_count
                0x0000000000800237        0x4 obj_haymakr_lufa/common/avr/timer.o
                0x0000000000800237                timer_count
 .bss.last_timer
                0x000000000080023b        0x2 obj_haymakr_lufa/common/mousekey.o
 .bss.mousekey_accel
                0x000000000080023d        0x1 obj_haymakr_lufa/common/mousekey.o
 .bss.mousekey_repeat
                0x000000000080023e        0x1 obj_haymakr_lufa/common/mousekey.o
 .bss.mouse_report
                0x000000000080023f        0x5 obj_haymakr_lufa/common/mousekey.o
 .bss.mousekey_param
                0x0000000000800244        0x1 obj_haymakr_lufa/common/command.o
 .bss.command_state
                0x0000000000800245        0x1 obj_haymakr_lufa/common/command.o
                0x0000000000800245                command_state
 *(COMMON)
 COMMON         0x0000000000800246        0x3 obj_haymakr_lufa/protocol/lufa/LUFA-git/LUFA/Drivers/USB/Core/DeviceStandardReq.o
                0x0000000000800246                USB_Device_ConfigurationNumber
                0x0000000000800247                USB_Device_CurrentlySelfPowered
                0x0000000000800248                USB_Device_RemoteWakeupEnabled
 COMMON         0x0000000000800249        0xa obj_haymakr_lufa/protocol/lufa/LUFA-git/LUFA/Drivers/USB/Core/USBTask.o
                0x0000000000800249                USB_IsInitialized
                0x000000000080024a                USB_DeviceState
                0x000000000080024b                USB_ControlRequest
 COMMON         0x0000000000800253        0x1 obj_haymakr_lufa/common/bootmagic.o
                0x0000000000800253                keymap_config
                0x0000000000800254                PROVIDE (__bss_end, .)
                0x0000000000005844                __data_load_start = LOADADDR (.data)
                0x000000000000587e                __data_load_end = (__data_load_start + SIZEOF (.data))

.noinit         0x0000000000800254        0x4
                [!provide]                        PROVIDE (__noinit_start, .)
 *(.noinit*)
 .noinit        0x0000000000800254        0x4 obj_haymakr_lufa/common/avr/bootloader.o
                0x0000000000800254                reset_key
                [!provide]                        PROVIDE (__noinit_end, .)
                0x0000000000800258                _end = .
                [!provide]                        PROVIDE (__heap_start, .)

.eeprom         0x0000000000810000        0x0
 *(.eeprom*)
                0x0000000000810000                __eeprom_end = .

.fuse
 *(.fuse)
 *(.lfuse)
 *(.hfuse)
 *(.efuse)

.lock
 *(.lock*)

.signature
 *(.signature*)

.stab           0x0000000000000000      0x8b8
 *(.stab)
 .stab          0x0000000000000000      0x8b8 obj_haymakr_lufa/common/avr/xprintf.o

.stabstr        0x0000000000000000       0xa0
 *(.stabstr)
 .stabstr       0x0000000000000000       0xa0 obj_haymakr_lufa/common/avr/xprintf.o

.stab.excl
 *(.stab.excl)

.stab.exclstr
 *(.stab.exclstr)

.stab.index
 *(.stab.index)

.stab.indexstr
 *(.stab.indexstr)

.comment        0x0000000000000000       0x11
 *(.comment)
 .comment       0x0000000000000000       0x11 obj_haymakr_lufa/keymap_haymakr.o
                                         0x12 (size before relaxing)
 .comment       0x0000000000000011       0x12 obj_haymakr_lufa/matrix.o
 .comment       0x0000000000000011       0x12 obj_haymakr_lufa/led.o
 .comment       0x0000000000000011       0x12 obj_haymakr_lufa/protocol/lufa/lufa.o
 .comment       0x0000000000000011       0x12 obj_haymakr_lufa/protocol/lufa/descriptor.o
 .comment       0x0000000000000011       0x12 obj_haymakr_lufa/protocol/lufa/LUFA-git/LUFA/Drivers/USB/Core/AVR8/Device_AVR8.o
 .comment       0x0000000000000011       0x12 obj_haymakr_lufa/protocol/lufa/LUFA-git/LUFA/Drivers/USB/Core/AVR8/EndpointStream_AVR8.o
 .comment       0x0000000000000011       0x12 obj_haymakr_lufa/protocol/lufa/LUFA-git/LUFA/Drivers/USB/Core/AVR8/Endpoint_AVR8.o
 .comment       0x0000000000000011       0x12 obj_haymakr_lufa/protocol/lufa/LUFA-git/LUFA/Drivers/USB/Core/AVR8/USBController_AVR8.o
 .comment       0x0000000000000011       0x12 obj_haymakr_lufa/protocol/lufa/LUFA-git/LUFA/Drivers/USB/Core/AVR8/USBInterrupt_AVR8.o
 .comment       0x0000000000000011       0x12 obj_haymakr_lufa/protocol/lufa/LUFA-git/LUFA/Drivers/USB/Core/DeviceStandardReq.o
 .comment       0x0000000000000011       0x12 obj_haymakr_lufa/protocol/lufa/LUFA-git/LUFA/Drivers/USB/Core/USBTask.o
 .comment       0x0000000000000011       0x12 obj_haymakr_lufa/common/host.o
 .comment       0x0000000000000011       0x12 obj_haymakr_lufa/common/keyboard.o
 .comment       0x0000000000000011       0x12 obj_haymakr_lufa/common/matrix.o
 .comment       0x0000000000000011       0x12 obj_haymakr_lufa/common/action.o
 .comment       0x0000000000000011       0x12 obj_haymakr_lufa/common/action_tapping.o
 .comment       0x0000000000000011       0x12 obj_haymakr_lufa/common/action_macro.o
 .comment       0x0000000000000011       0x12 obj_haymakr_lufa/common/action_layer.o
 .comment       0x0000000000000011       0x12 obj_haymakr_lufa/common/action_util.o
 .comment       0x0000000000000011       0x12 obj_haymakr_lufa/common/print.o
 .comment       0x0000000000000011       0x12 obj_haymakr_lufa/common/debug.o
 .comment       0x0000000000000011       0x12 obj_haymakr_lufa/common/util.o
 .comment       0x0000000000000011       0x12 obj_haymakr_lufa/common/hook.o
 .comment       0x0000000000000011       0x12 obj_haymakr_lufa/common/avr/suspend.o
 .comment       0x0000000000000011       0x12 obj_haymakr_lufa/common/avr/timer.o
 .comment       0x0000000000000011       0x12 obj_haymakr_lufa/common/avr/bootloader.o
 .comment       0x0000000000000011       0x12 obj_haymakr_lufa/common/keymap.o
 .comment       0x0000000000000011       0x12 obj_haymakr_lufa/common/bootmagic.o
 .comment       0x0000000000000011       0x12 obj_haymakr_lufa/common/avr/eeconfig.o
 .comment       0x0000000000000011       0x12 obj_haymakr_lufa/common/mousekey.o
 .comment       0x0000000000000011       0x12 obj_haymakr_lufa/common/command.o

.note.gnu.avr.deviceinfo
                0x0000000000000000       0x40
 .note.gnu.avr.deviceinfo
                0x0000000000000000       0x40 /usr/local/Cellar/avr-gcc/7.2.0/lib/avr-gcc/7/gcc/avr/7.2.0/../../../../../../avr/lib/avr5/crtatmega32u4.o

.note.gnu.build-id
 *(.note.gnu.build-id)

.debug
 *(.debug)

.line
 *(.line)

.debug_srcinfo
 *(.debug_srcinfo)

.debug_sfnames
 *(.debug_sfnames)

.debug_aranges  0x0000000000000000      0x9f0
 *(.debug_aranges)
 .debug_aranges
                0x0000000000000000       0x20 obj_haymakr_lufa/keymap_haymakr.o
 .debug_aranges
                0x0000000000000020       0x38 obj_haymakr_lufa/matrix.o
 .debug_aranges
                0x0000000000000058       0x20 obj_haymakr_lufa/led.o
 .debug_aranges
                0x0000000000000078       0xb0 obj_haymakr_lufa/protocol/lufa/lufa.o
 .debug_aranges
                0x0000000000000128       0x20 obj_haymakr_lufa/protocol/lufa/descriptor.o
 .debug_aranges
                0x0000000000000148       0x20 obj_haymakr_lufa/protocol/lufa/LUFA-git/LUFA/Drivers/USB/Core/AVR8/Device_AVR8.o
 .debug_aranges
                0x0000000000000168       0xc8 obj_haymakr_lufa/protocol/lufa/LUFA-git/LUFA/Drivers/USB/Core/AVR8/EndpointStream_AVR8.o
 .debug_aranges
                0x0000000000000230       0x40 obj_haymakr_lufa/protocol/lufa/LUFA-git/LUFA/Drivers/USB/Core/AVR8/Endpoint_AVR8.o
 .debug_aranges
                0x0000000000000270       0x30 obj_haymakr_lufa/protocol/lufa/LUFA-git/LUFA/Drivers/USB/Core/AVR8/USBController_AVR8.o
 .debug_aranges
                0x00000000000002a0       0x38 obj_haymakr_lufa/protocol/lufa/LUFA-git/LUFA/Drivers/USB/Core/AVR8/USBInterrupt_AVR8.o
 .debug_aranges
                0x00000000000002d8       0x20 obj_haymakr_lufa/protocol/lufa/LUFA-git/LUFA/Drivers/USB/Core/DeviceStandardReq.o
 .debug_aranges
                0x00000000000002f8       0x20 obj_haymakr_lufa/protocol/lufa/LUFA-git/LUFA/Drivers/USB/Core/USBTask.o
 .debug_aranges
                0x0000000000000318       0x60 obj_haymakr_lufa/common/host.o
 .debug_aranges
                0x0000000000000378       0x38 obj_haymakr_lufa/common/keyboard.o
 .debug_aranges
                0x00000000000003b0       0x40 obj_haymakr_lufa/common/matrix.o
 .debug_aranges
                0x00000000000003f0       0x78 obj_haymakr_lufa/common/action.o
 .debug_aranges
                0x0000000000000468       0x40 obj_haymakr_lufa/common/action_tapping.o
 .debug_aranges
                0x00000000000004a8       0x20 obj_haymakr_lufa/common/action_macro.o
 .debug_aranges
                0x00000000000004c8       0x90 obj_haymakr_lufa/common/action_layer.o
 .debug_aranges
                0x0000000000000558       0xb0 obj_haymakr_lufa/common/action_util.o
 .debug_aranges
                0x0000000000000608       0x20 obj_haymakr_lufa/common/print.o
 .debug_aranges
                0x0000000000000628       0x18 obj_haymakr_lufa/common/debug.o
 .debug_aranges
                0x0000000000000640       0x60 obj_haymakr_lufa/common/util.o
 .debug_aranges
                0x00000000000006a0       0x38 obj_haymakr_lufa/common/hook.o
 .debug_aranges
                0x00000000000006d8       0x40 obj_haymakr_lufa/common/avr/suspend.o
 .debug_aranges
                0x0000000000000718       0x50 obj_haymakr_lufa/common/avr/timer.o
 .debug_aranges
                0x0000000000000768       0x28 obj_haymakr_lufa/common/avr/bootloader.o
 .debug_aranges
                0x0000000000000790       0x48 obj_haymakr_lufa/common/keymap.o
 .debug_aranges
                0x00000000000007d8       0x30 obj_haymakr_lufa/common/bootmagic.o
 .debug_aranges
                0x0000000000000808       0x68 obj_haymakr_lufa/common/avr/eeconfig.o
 .debug_aranges
                0x0000000000000870       0x50 obj_haymakr_lufa/common/mousekey.o
 .debug_aranges
                0x00000000000008c0       0x50 obj_haymakr_lufa/common/command.o
 .debug_aranges
                0x0000000000000910       0x20 /usr/local/Cellar/avr-gcc/7.2.0/lib/avr-gcc/7/gcc/avr/7.2.0/avr5/libgcc.a(_udivmodqi4.o)
 .debug_aranges
                0x0000000000000930       0x20 /usr/local/Cellar/avr-gcc/7.2.0/lib/avr-gcc/7/gcc/avr/7.2.0/avr5/libgcc.a(_divmodhi4.o)
 .debug_aranges
                0x0000000000000950       0x20 /usr/local/Cellar/avr-gcc/7.2.0/lib/avr-gcc/7/gcc/avr/7.2.0/avr5/libgcc.a(_exit.o)
 .debug_aranges
                0x0000000000000970       0x20 /usr/local/Cellar/avr-gcc/7.2.0/lib/avr-gcc/7/gcc/avr/7.2.0/avr5/libgcc.a(_tablejump2.o)
 .debug_aranges
                0x0000000000000990       0x20 /usr/local/Cellar/avr-gcc/7.2.0/lib/avr-gcc/7/gcc/avr/7.2.0/avr5/libgcc.a(_copy_data.o)
 .debug_aranges
                0x00000000000009b0       0x20 /usr/local/Cellar/avr-gcc/7.2.0/lib/avr-gcc/7/gcc/avr/7.2.0/avr5/libgcc.a(_clear_bss.o)
 .debug_aranges
                0x00000000000009d0       0x20 /usr/local/Cellar/avr-gcc/7.2.0/lib/avr-gcc/7/gcc/avr/7.2.0/avr5/libgcc.a(_udivmodhi4.o)

.debug_pubnames
 *(.debug_pubnames)

.debug_info     0x0000000000000000    0x134cd
 *(.debug_info .gnu.linkonce.wi.*)
 .debug_info    0x0000000000000000      0x9f4 /usr/local/Cellar/avr-gcc/7.2.0/lib/avr-gcc/7/gcc/avr/7.2.0/../../../../../../avr/lib/avr5/crtatmega32u4.o
 .debug_info    0x00000000000009f4     0x1027 obj_haymakr_lufa/keymap_haymakr.o
 .debug_info    0x0000000000001a1b      0x4be obj_haymakr_lufa/matrix.o
 .debug_info    0x0000000000001ed9       0x91 obj_haymakr_lufa/led.o
 .debug_info    0x0000000000001f6a     0x1895 obj_haymakr_lufa/protocol/lufa/lufa.o
 .debug_info    0x00000000000037ff      0x9ab obj_haymakr_lufa/protocol/lufa/descriptor.o
 .debug_info    0x00000000000041aa      0x18c obj_haymakr_lufa/protocol/lufa/LUFA-git/LUFA/Drivers/USB/Core/AVR8/Device_AVR8.o
 .debug_info    0x0000000000004336     0x17d8 obj_haymakr_lufa/protocol/lufa/LUFA-git/LUFA/Drivers/USB/Core/AVR8/EndpointStream_AVR8.o
 .debug_info    0x0000000000005b0e      0x64a obj_haymakr_lufa/protocol/lufa/LUFA-git/LUFA/Drivers/USB/Core/AVR8/Endpoint_AVR8.o
 .debug_info    0x0000000000006158      0x54a obj_haymakr_lufa/protocol/lufa/LUFA-git/LUFA/Drivers/USB/Core/AVR8/USBController_AVR8.o
 .debug_info    0x00000000000066a2      0x875 obj_haymakr_lufa/protocol/lufa/LUFA-git/LUFA/Drivers/USB/Core/AVR8/USBInterrupt_AVR8.o
 .debug_info    0x0000000000006f17      0xa4a obj_haymakr_lufa/protocol/lufa/LUFA-git/LUFA/Drivers/USB/Core/DeviceStandardReq.o
 .debug_info    0x0000000000007961      0x2a7 obj_haymakr_lufa/protocol/lufa/LUFA-git/LUFA/Drivers/USB/Core/USBTask.o
 .debug_info    0x0000000000007c08      0x7e8 obj_haymakr_lufa/common/host.o
 .debug_info    0x00000000000083f0      0x6f1 obj_haymakr_lufa/common/keyboard.o
 .debug_info    0x0000000000008ae1      0x1e9 obj_haymakr_lufa/common/matrix.o
 .debug_info    0x0000000000008cca     0x1b01 obj_haymakr_lufa/common/action.o
 .debug_info    0x000000000000a7cb      0xf21 obj_haymakr_lufa/common/action_tapping.o
 .debug_info    0x000000000000b6ec      0xc13 obj_haymakr_lufa/common/action_macro.o
 .debug_info    0x000000000000c2ff      0x953 obj_haymakr_lufa/common/action_layer.o
 .debug_info    0x000000000000cc52      0x8cd obj_haymakr_lufa/common/action_util.o
 .debug_info    0x000000000000d51f       0xda obj_haymakr_lufa/common/print.o
 .debug_info    0x000000000000d5f9      0x123 obj_haymakr_lufa/common/debug.o
 .debug_info    0x000000000000d71c      0x2a2 obj_haymakr_lufa/common/util.o
 .debug_info    0x000000000000d9be      0x1eb obj_haymakr_lufa/common/hook.o
 .debug_info    0x000000000000dba9      0x647 obj_haymakr_lufa/common/avr/suspend.o
 .debug_info    0x000000000000e1f0      0x20c obj_haymakr_lufa/common/avr/timer.o
 .debug_info    0x000000000000e3fc      0x3a1 obj_haymakr_lufa/common/avr/bootloader.o
 .debug_info    0x000000000000e79d     0x11d7 obj_haymakr_lufa/common/keymap.o
 .debug_info    0x000000000000f974     0x121a obj_haymakr_lufa/common/bootmagic.o
 .debug_info    0x0000000000010b8e      0x352 obj_haymakr_lufa/common/avr/eeconfig.o
 .debug_info    0x0000000000010ee0      0x98c obj_haymakr_lufa/common/mousekey.o
 .debug_info    0x000000000001186c     0x1b57 obj_haymakr_lufa/common/command.o
 .debug_info    0x00000000000133c3       0x26 /usr/local/Cellar/avr-gcc/7.2.0/lib/avr-gcc/7/gcc/avr/7.2.0/avr5/libgcc.a(_udivmodqi4.o)
 .debug_info    0x00000000000133e9       0x26 /usr/local/Cellar/avr-gcc/7.2.0/lib/avr-gcc/7/gcc/avr/7.2.0/avr5/libgcc.a(_divmodhi4.o)
 .debug_info    0x000000000001340f       0x26 /usr/local/Cellar/avr-gcc/7.2.0/lib/avr-gcc/7/gcc/avr/7.2.0/avr5/libgcc.a(_exit.o)
 .debug_info    0x0000000000013435       0x26 /usr/local/Cellar/avr-gcc/7.2.0/lib/avr-gcc/7/gcc/avr/7.2.0/avr5/libgcc.a(_tablejump2.o)
 .debug_info    0x000000000001345b       0x26 /usr/local/Cellar/avr-gcc/7.2.0/lib/avr-gcc/7/gcc/avr/7.2.0/avr5/libgcc.a(_copy_data.o)
 .debug_info    0x0000000000013481       0x26 /usr/local/Cellar/avr-gcc/7.2.0/lib/avr-gcc/7/gcc/avr/7.2.0/avr5/libgcc.a(_clear_bss.o)
 .debug_info    0x00000000000134a7       0x26 /usr/local/Cellar/avr-gcc/7.2.0/lib/avr-gcc/7/gcc/avr/7.2.0/avr5/libgcc.a(_udivmodhi4.o)

.debug_abbrev   0x0000000000000000     0x4ee8
 *(.debug_abbrev)
 .debug_abbrev  0x0000000000000000      0x96a /usr/local/Cellar/avr-gcc/7.2.0/lib/avr-gcc/7/gcc/avr/7.2.0/../../../../../../avr/lib/avr5/crtatmega32u4.o
 .debug_abbrev  0x000000000000096a      0x202 obj_haymakr_lufa/keymap_haymakr.o
 .debug_abbrev  0x0000000000000b6c      0x2ac obj_haymakr_lufa/matrix.o
 .debug_abbrev  0x0000000000000e18       0x60 obj_haymakr_lufa/led.o
 .debug_abbrev  0x0000000000000e78      0x582 obj_haymakr_lufa/protocol/lufa/lufa.o
 .debug_abbrev  0x00000000000013fa      0x1d9 obj_haymakr_lufa/protocol/lufa/descriptor.o
 .debug_abbrev  0x00000000000015d3       0xb6 obj_haymakr_lufa/protocol/lufa/LUFA-git/LUFA/Drivers/USB/Core/AVR8/Device_AVR8.o
 .debug_abbrev  0x0000000000001689      0x20a obj_haymakr_lufa/protocol/lufa/LUFA-git/LUFA/Drivers/USB/Core/AVR8/EndpointStream_AVR8.o
 .debug_abbrev  0x0000000000001893      0x251 obj_haymakr_lufa/protocol/lufa/LUFA-git/LUFA/Drivers/USB/Core/AVR8/Endpoint_AVR8.o
 .debug_abbrev  0x0000000000001ae4      0x1af obj_haymakr_lufa/protocol/lufa/LUFA-git/LUFA/Drivers/USB/Core/AVR8/USBController_AVR8.o
 .debug_abbrev  0x0000000000001c93      0x231 obj_haymakr_lufa/protocol/lufa/LUFA-git/LUFA/Drivers/USB/Core/AVR8/USBInterrupt_AVR8.o
 .debug_abbrev  0x0000000000001ec4      0x2ef obj_haymakr_lufa/protocol/lufa/LUFA-git/LUFA/Drivers/USB/Core/DeviceStandardReq.o
 .debug_abbrev  0x00000000000021b3      0x198 obj_haymakr_lufa/protocol/lufa/LUFA-git/LUFA/Drivers/USB/Core/USBTask.o
 .debug_abbrev  0x000000000000234b      0x279 obj_haymakr_lufa/common/host.o
 .debug_abbrev  0x00000000000025c4      0x255 obj_haymakr_lufa/common/keyboard.o
 .debug_abbrev  0x0000000000002819      0x165 obj_haymakr_lufa/common/matrix.o
 .debug_abbrev  0x000000000000297e      0x34c obj_haymakr_lufa/common/action.o
 .debug_abbrev  0x0000000000002cca      0x303 obj_haymakr_lufa/common/action_tapping.o
 .debug_abbrev  0x0000000000002fcd      0x27d obj_haymakr_lufa/common/action_macro.o
 .debug_abbrev  0x000000000000324a      0x2e2 obj_haymakr_lufa/common/action_layer.o
 .debug_abbrev  0x000000000000352c      0x371 obj_haymakr_lufa/common/action_util.o
 .debug_abbrev  0x000000000000389d       0x97 obj_haymakr_lufa/common/print.o
 .debug_abbrev  0x0000000000003934       0xad obj_haymakr_lufa/common/debug.o
 .debug_abbrev  0x00000000000039e1       0xcb obj_haymakr_lufa/common/util.o
 .debug_abbrev  0x0000000000003aac      0x15e obj_haymakr_lufa/common/hook.o
 .debug_abbrev  0x0000000000003c0a      0x2a5 obj_haymakr_lufa/common/avr/suspend.o
 .debug_abbrev  0x0000000000003eaf      0x12b obj_haymakr_lufa/common/avr/timer.o
 .debug_abbrev  0x0000000000003fda      0x1ff obj_haymakr_lufa/common/avr/bootloader.o
 .debug_abbrev  0x00000000000041d9      0x2e0 obj_haymakr_lufa/common/keymap.o
 .debug_abbrev  0x00000000000044b9      0x2f0 obj_haymakr_lufa/common/bootmagic.o
 .debug_abbrev  0x00000000000047a9       0xc2 obj_haymakr_lufa/common/avr/eeconfig.o
 .debug_abbrev  0x000000000000486b      0x25b obj_haymakr_lufa/common/mousekey.o
 .debug_abbrev  0x0000000000004ac6      0x396 obj_haymakr_lufa/common/command.o
 .debug_abbrev  0x0000000000004e5c       0x14 /usr/local/Cellar/avr-gcc/7.2.0/lib/avr-gcc/7/gcc/avr/7.2.0/avr5/libgcc.a(_udivmodqi4.o)
 .debug_abbrev  0x0000000000004e70       0x14 /usr/local/Cellar/avr-gcc/7.2.0/lib/avr-gcc/7/gcc/avr/7.2.0/avr5/libgcc.a(_divmodhi4.o)
 .debug_abbrev  0x0000000000004e84       0x14 /usr/local/Cellar/avr-gcc/7.2.0/lib/avr-gcc/7/gcc/avr/7.2.0/avr5/libgcc.a(_exit.o)
 .debug_abbrev  0x0000000000004e98       0x14 /usr/local/Cellar/avr-gcc/7.2.0/lib/avr-gcc/7/gcc/avr/7.2.0/avr5/libgcc.a(_tablejump2.o)
 .debug_abbrev  0x0000000000004eac       0x14 /usr/local/Cellar/avr-gcc/7.2.0/lib/avr-gcc/7/gcc/avr/7.2.0/avr5/libgcc.a(_copy_data.o)
 .debug_abbrev  0x0000000000004ec0       0x14 /usr/local/Cellar/avr-gcc/7.2.0/lib/avr-gcc/7/gcc/avr/7.2.0/avr5/libgcc.a(_clear_bss.o)
 .debug_abbrev  0x0000000000004ed4       0x14 /usr/local/Cellar/avr-gcc/7.2.0/lib/avr-gcc/7/gcc/avr/7.2.0/avr5/libgcc.a(_udivmodhi4.o)

.debug_line     0x0000000000000000     0x8ee3
 *(.debug_line .debug_line.* .debug_line_end)
 .debug_line    0x0000000000000000       0x1d /usr/local/Cellar/avr-gcc/7.2.0/lib/avr-gcc/7/gcc/avr/7.2.0/../../../../../../avr/lib/avr5/crtatmega32u4.o
 .debug_line    0x000000000000001d      0x217 obj_haymakr_lufa/keymap_haymakr.o
 .debug_line    0x0000000000000234      0x362 obj_haymakr_lufa/matrix.o
 .debug_line    0x0000000000000596       0x8c obj_haymakr_lufa/led.o
 .debug_line    0x0000000000000622      0xb6b obj_haymakr_lufa/protocol/lufa/lufa.o
 .debug_line    0x000000000000118d      0x2b5 obj_haymakr_lufa/protocol/lufa/descriptor.o
 .debug_line    0x0000000000001442      0x1ea obj_haymakr_lufa/protocol/lufa/LUFA-git/LUFA/Drivers/USB/Core/AVR8/Device_AVR8.o
 .debug_line    0x000000000000162c     0x1450 obj_haymakr_lufa/protocol/lufa/LUFA-git/LUFA/Drivers/USB/Core/AVR8/EndpointStream_AVR8.o
 .debug_line    0x0000000000002a7c      0x574 obj_haymakr_lufa/protocol/lufa/LUFA-git/LUFA/Drivers/USB/Core/AVR8/Endpoint_AVR8.o
 .debug_line    0x0000000000002ff0      0x39f obj_haymakr_lufa/protocol/lufa/LUFA-git/LUFA/Drivers/USB/Core/AVR8/USBController_AVR8.o
 .debug_line    0x000000000000338f      0x60d obj_haymakr_lufa/protocol/lufa/LUFA-git/LUFA/Drivers/USB/Core/AVR8/USBInterrupt_AVR8.o
 .debug_line    0x000000000000399c      0x523 obj_haymakr_lufa/protocol/lufa/LUFA-git/LUFA/Drivers/USB/Core/DeviceStandardReq.o
 .debug_line    0x0000000000003ebf      0x1e4 obj_haymakr_lufa/protocol/lufa/LUFA-git/LUFA/Drivers/USB/Core/USBTask.o
 .debug_line    0x00000000000040a3      0x34f obj_haymakr_lufa/common/host.o
 .debug_line    0x00000000000043f2      0x32d obj_haymakr_lufa/common/keyboard.o
 .debug_line    0x000000000000471f      0x140 obj_haymakr_lufa/common/matrix.o
 .debug_line    0x000000000000485f      0xab7 obj_haymakr_lufa/common/action.o
 .debug_line    0x0000000000005316      0x597 obj_haymakr_lufa/common/action_tapping.o
 .debug_line    0x00000000000058ad      0x300 obj_haymakr_lufa/common/action_macro.o
 .debug_line    0x0000000000005bad      0x33a obj_haymakr_lufa/common/action_layer.o
 .debug_line    0x0000000000005ee7      0x4a8 obj_haymakr_lufa/common/action_util.o
 .debug_line    0x000000000000638f       0xb9 obj_haymakr_lufa/common/print.o
 .debug_line    0x0000000000006448       0xa8 obj_haymakr_lufa/common/debug.o
 .debug_line    0x00000000000064f0      0x2a7 obj_haymakr_lufa/common/util.o
 .debug_line    0x0000000000006797       0xdb obj_haymakr_lufa/common/hook.o
 .debug_line    0x0000000000006872      0x333 obj_haymakr_lufa/common/avr/suspend.o
 .debug_line    0x0000000000006ba5      0x210 obj_haymakr_lufa/common/avr/timer.o
 .debug_line    0x0000000000006db5      0x2a4 obj_haymakr_lufa/common/avr/bootloader.o
 .debug_line    0x0000000000007059      0x4b2 obj_haymakr_lufa/common/keymap.o
 .debug_line    0x000000000000750b      0x4dd obj_haymakr_lufa/common/bootmagic.o
 .debug_line    0x00000000000079e8      0x1b1 obj_haymakr_lufa/common/avr/eeconfig.o
 .debug_line    0x0000000000007b99      0x765 obj_haymakr_lufa/common/mousekey.o
 .debug_line    0x00000000000082fe      0x7be obj_haymakr_lufa/common/command.o
 .debug_line    0x0000000000008abc       0x9d /usr/local/Cellar/avr-gcc/7.2.0/lib/avr-gcc/7/gcc/avr/7.2.0/avr5/libgcc.a(_udivmodqi4.o)
 .debug_line    0x0000000000008b59       0xc7 /usr/local/Cellar/avr-gcc/7.2.0/lib/avr-gcc/7/gcc/avr/7.2.0/avr5/libgcc.a(_divmodhi4.o)
 .debug_line    0x0000000000008c20       0x61 /usr/local/Cellar/avr-gcc/7.2.0/lib/avr-gcc/7/gcc/avr/7.2.0/avr5/libgcc.a(_exit.o)
 .debug_line    0x0000000000008c81       0x79 /usr/local/Cellar/avr-gcc/7.2.0/lib/avr-gcc/7/gcc/avr/7.2.0/avr5/libgcc.a(_tablejump2.o)
 .debug_line    0x0000000000008cfa       0x97 /usr/local/Cellar/avr-gcc/7.2.0/lib/avr-gcc/7/gcc/avr/7.2.0/avr5/libgcc.a(_copy_data.o)
 .debug_line    0x0000000000008d91       0x85 /usr/local/Cellar/avr-gcc/7.2.0/lib/avr-gcc/7/gcc/avr/7.2.0/avr5/libgcc.a(_clear_bss.o)
 .debug_line    0x0000000000008e16       0xcd /usr/local/Cellar/avr-gcc/7.2.0/lib/avr-gcc/7/gcc/avr/7.2.0/avr5/libgcc.a(_udivmodhi4.o)

.debug_frame    0x0000000000000000     0x1aec
 *(.debug_frame)
 .debug_frame   0x0000000000000000       0x24 obj_haymakr_lufa/keymap_haymakr.o
 .debug_frame   0x0000000000000024       0xc8 obj_haymakr_lufa/matrix.o
 .debug_frame   0x00000000000000ec       0x24 obj_haymakr_lufa/led.o
 .debug_frame   0x0000000000000110      0x188 obj_haymakr_lufa/protocol/lufa/lufa.o
 .debug_frame   0x0000000000000298       0x24 obj_haymakr_lufa/protocol/lufa/descriptor.o
 .debug_frame   0x00000000000002bc       0x24 obj_haymakr_lufa/protocol/lufa/LUFA-git/LUFA/Drivers/USB/Core/AVR8/Device_AVR8.o
 .debug_frame   0x00000000000002e0      0x474 obj_haymakr_lufa/protocol/lufa/LUFA-git/LUFA/Drivers/USB/Core/AVR8/EndpointStream_AVR8.o
 .debug_frame   0x0000000000000754       0x7c obj_haymakr_lufa/protocol/lufa/LUFA-git/LUFA/Drivers/USB/Core/AVR8/Endpoint_AVR8.o
 .debug_frame   0x00000000000007d0       0x5c obj_haymakr_lufa/protocol/lufa/LUFA-git/LUFA/Drivers/USB/Core/AVR8/USBController_AVR8.o
 .debug_frame   0x000000000000082c      0x104 obj_haymakr_lufa/protocol/lufa/LUFA-git/LUFA/Drivers/USB/Core/AVR8/USBInterrupt_AVR8.o
 .debug_frame   0x0000000000000930       0x3c obj_haymakr_lufa/protocol/lufa/LUFA-git/LUFA/Drivers/USB/Core/DeviceStandardReq.o
 .debug_frame   0x000000000000096c       0x2c obj_haymakr_lufa/protocol/lufa/LUFA-git/LUFA/Drivers/USB/Core/USBTask.o
 .debug_frame   0x0000000000000998      0x110 obj_haymakr_lufa/common/host.o
 .debug_frame   0x0000000000000aa8       0xb4 obj_haymakr_lufa/common/keyboard.o
 .debug_frame   0x0000000000000b5c       0xdc obj_haymakr_lufa/common/matrix.o
 .debug_frame   0x0000000000000c38      0x174 obj_haymakr_lufa/common/action.o
 .debug_frame   0x0000000000000dac       0xe8 obj_haymakr_lufa/common/action_tapping.o
 .debug_frame   0x0000000000000e94       0x50 obj_haymakr_lufa/common/action_macro.o
 .debug_frame   0x0000000000000ee4      0x1ec obj_haymakr_lufa/common/action_layer.o
 .debug_frame   0x00000000000010d0      0x170 obj_haymakr_lufa/common/action_util.o
 .debug_frame   0x0000000000001240       0x24 obj_haymakr_lufa/common/print.o
 .debug_frame   0x0000000000001264      0x110 obj_haymakr_lufa/common/util.o
 .debug_frame   0x0000000000001374       0x88 obj_haymakr_lufa/common/hook.o
 .debug_frame   0x00000000000013fc       0x90 obj_haymakr_lufa/common/avr/suspend.o
 .debug_frame   0x000000000000148c       0xcc obj_haymakr_lufa/common/avr/timer.o
 .debug_frame   0x0000000000001558       0x34 obj_haymakr_lufa/common/avr/bootloader.o
 .debug_frame   0x000000000000158c       0x74 obj_haymakr_lufa/common/keymap.o
 .debug_frame   0x0000000000001600       0x90 obj_haymakr_lufa/common/bootmagic.o
 .debug_frame   0x0000000000001690       0xb4 obj_haymakr_lufa/common/avr/eeconfig.o
 .debug_frame   0x0000000000001744       0xf0 obj_haymakr_lufa/common/mousekey.o
 .debug_frame   0x0000000000001834      0x2b8 obj_haymakr_lufa/common/command.o

.debug_str      0x0000000000000000     0x42f2
 *(.debug_str)
 .debug_str     0x0000000000000000      0x371 /usr/local/Cellar/avr-gcc/7.2.0/lib/avr-gcc/7/gcc/avr/7.2.0/../../../../../../avr/lib/avr5/crtatmega32u4.o
 .debug_str     0x0000000000000371     0x112e obj_haymakr_lufa/keymap_haymakr.o
                                       0x11e0 (size before relaxing)
 .debug_str     0x000000000000149f       0xdd obj_haymakr_lufa/matrix.o
                                        0x2eb (size before relaxing)
 .debug_str     0x000000000000157c       0x16 obj_haymakr_lufa/led.o
                                        0x1ab (size before relaxing)
 .debug_str     0x0000000000001592      0x7b3 obj_haymakr_lufa/protocol/lufa/lufa.o
                                        0xbd5 (size before relaxing)
 .debug_str     0x0000000000001d45      0x7d7 obj_haymakr_lufa/protocol/lufa/descriptor.o
                                        0xadd (size before relaxing)